Archive member included to satisfy reference by file (symbol)

c:/users/scott/onedrive/documents/sjsu/20a_sp/cmpe146/mp3/mp3-project/toolchains/windows/gcc-arm-none-eabi-8-2019-q3-update/bin/../lib/gcc/arm-none-eabi/8.3.1/thumb/v7e-m+fp/hard\libgcc.a(_aeabi_ldivmod.o)
                              _build_lpc40xx_freertos\obj\tasks.o (__aeabi_ldivmod)
c:/users/scott/onedrive/documents/sjsu/20a_sp/cmpe146/mp3/mp3-project/toolchains/windows/gcc-arm-none-eabi-8-2019-q3-update/bin/../lib/gcc/arm-none-eabi/8.3.1/thumb/v7e-m+fp/hard\libgcc.a(_aeabi_uldivmod.o)
                              _build_lpc40xx_freertos\obj\tasks.o (__aeabi_uldivmod)
c:/users/scott/onedrive/documents/sjsu/20a_sp/cmpe146/mp3/mp3-project/toolchains/windows/gcc-arm-none-eabi-8-2019-q3-update/bin/../lib/gcc/arm-none-eabi/8.3.1/thumb/v7e-m+fp/hard\libgcc.a(_udivmoddi4.o)
                              c:/users/scott/onedrive/documents/sjsu/20a_sp/cmpe146/mp3/mp3-project/toolchains/windows/gcc-arm-none-eabi-8-2019-q3-update/bin/../lib/gcc/arm-none-eabi/8.3.1/thumb/v7e-m+fp/hard\libgcc.a(_aeabi_ldivmod.o) (__udivmoddi4)
c:/users/scott/onedrive/documents/sjsu/20a_sp/cmpe146/mp3/mp3-project/toolchains/windows/gcc-arm-none-eabi-8-2019-q3-update/bin/../lib/gcc/arm-none-eabi/8.3.1/thumb/v7e-m+fp/hard\libgcc.a(_dvmd_tls.o)
                              c:/users/scott/onedrive/documents/sjsu/20a_sp/cmpe146/mp3/mp3-project/toolchains/windows/gcc-arm-none-eabi-8-2019-q3-update/bin/../lib/gcc/arm-none-eabi/8.3.1/thumb/v7e-m+fp/hard\libgcc.a(_aeabi_ldivmod.o) (__aeabi_ldiv0)
c:/users/scott/onedrive/documents/sjsu/20a_sp/cmpe146/mp3/mp3-project/toolchains/windows/gcc-arm-none-eabi-8-2019-q3-update/bin/../lib/gcc/arm-none-eabi/8.3.1/../../../../arm-none-eabi/lib/thumb/v7e-m+fp/hard\libg_nano.a(lib_a-atof.o)
                              _build_lpc40xx_freertos\obj\sl_string.o (atof)
c:/users/scott/onedrive/documents/sjsu/20a_sp/cmpe146/mp3/mp3-project/toolchains/windows/gcc-arm-none-eabi-8-2019-q3-update/bin/../lib/gcc/arm-none-eabi/8.3.1/../../../../arm-none-eabi/lib/thumb/v7e-m+fp/hard\libg_nano.a(lib_a-atoi.o)
                              _build_lpc40xx_freertos\obj\sl_string.o (atoi)
c:/users/scott/onedrive/documents/sjsu/20a_sp/cmpe146/mp3/mp3-project/toolchains/windows/gcc-arm-none-eabi-8-2019-q3-update/bin/../lib/gcc/arm-none-eabi/8.3.1/../../../../arm-none-eabi/lib/thumb/v7e-m+fp/hard\libg_nano.a(lib_a-ctype_.o)
                              _build_lpc40xx_freertos\obj\sl_string.o (_ctype_)
c:/users/scott/onedrive/documents/sjsu/20a_sp/cmpe146/mp3/mp3-project/toolchains/windows/gcc-arm-none-eabi-8-2019-q3-update/bin/../lib/gcc/arm-none-eabi/8.3.1/../../../../arm-none-eabi/lib/thumb/v7e-m+fp/hard\libg_nano.a(lib_a-fprintf.o)
                              _build_lpc40xx_freertos\obj\interrupt_vector_table.o (fprintf)
c:/users/scott/onedrive/documents/sjsu/20a_sp/cmpe146/mp3/mp3-project/toolchains/windows/gcc-arm-none-eabi-8-2019-q3-update/bin/../lib/gcc/arm-none-eabi/8.3.1/../../../../arm-none-eabi/lib/thumb/v7e-m+fp/hard\libg_nano.a(lib_a-fputs.o)
                              _build_lpc40xx_freertos\obj\entry_point.o (fputs)
c:/users/scott/onedrive/documents/sjsu/20a_sp/cmpe146/mp3/mp3-project/toolchains/windows/gcc-arm-none-eabi-8-2019-q3-update/bin/../lib/gcc/arm-none-eabi/8.3.1/../../../../arm-none-eabi/lib/thumb/v7e-m+fp/hard\libg_nano.a(lib_a-getchar.o)
                              _build_lpc40xx_freertos\obj\sj2_cli.o (getchar)
c:/users/scott/onedrive/documents/sjsu/20a_sp/cmpe146/mp3/mp3-project/toolchains/windows/gcc-arm-none-eabi-8-2019-q3-update/bin/../lib/gcc/arm-none-eabi/8.3.1/../../../../arm-none-eabi/lib/thumb/v7e-m+fp/hard\libg_nano.a(lib_a-impure.o)
                              _build_lpc40xx_freertos\obj\entry_point.o (_impure_ptr)
c:/users/scott/onedrive/documents/sjsu/20a_sp/cmpe146/mp3/mp3-project/toolchains/windows/gcc-arm-none-eabi-8-2019-q3-update/bin/../lib/gcc/arm-none-eabi/8.3.1/../../../../arm-none-eabi/lib/thumb/v7e-m+fp/hard\libg_nano.a(lib_a-lock.o)
                              c:/users/scott/onedrive/documents/sjsu/20a_sp/cmpe146/mp3/mp3-project/toolchains/windows/gcc-arm-none-eabi-8-2019-q3-update/bin/../lib/gcc/arm-none-eabi/8.3.1/../../../../arm-none-eabi/lib/thumb/v7e-m+fp/hard\libg_nano.a(lib_a-fputs.o) (__retarget_lock_acquire_recursive)
c:/users/scott/onedrive/documents/sjsu/20a_sp/cmpe146/mp3/mp3-project/toolchains/windows/gcc-arm-none-eabi-8-2019-q3-update/bin/../lib/gcc/arm-none-eabi/8.3.1/../../../../arm-none-eabi/lib/thumb/v7e-m+fp/hard\libg_nano.a(lib_a-malloc.o)
                              _build_lpc40xx_freertos\obj\heap_3.o (malloc)
c:/users/scott/onedrive/documents/sjsu/20a_sp/cmpe146/mp3/mp3-project/toolchains/windows/gcc-arm-none-eabi-8-2019-q3-update/bin/../lib/gcc/arm-none-eabi/8.3.1/../../../../arm-none-eabi/lib/thumb/v7e-m+fp/hard\libg_nano.a(lib_a-memcpy-stub.o)
                              _build_lpc40xx_freertos\obj\queue.o (memcpy)
[...]
Memory Configuration

Name             Origin             Length             Attributes
flash_512k       0x00000000         0x00080000         xr
ram_64k          0x10000000         0x00010000         xrw
ram_32k          0x20000000         0x00008000         xrw
*default*        0x00000000         0xffffffff

Linker script and memory map

LOAD _build_lpc40xx_freertos\obj\entry_point.o
LOAD _build_lpc40xx_freertos\obj\interrupt_vector_table.o
LOAD _build_lpc40xx_freertos\obj\clock.o
LOAD _build_lpc40xx_freertos\obj\crash.o
LOAD _build_lpc40xx_freertos\obj\syscall.o
LOAD _build_lpc40xx_freertos\obj\startup.o
LOAD _build_lpc40xx_freertos\obj\freertos_interrupt_handlers.o
LOAD _build_lpc40xx_freertos\obj\port.o
LOAD _build_lpc40xx_freertos\obj\heap_3.o
LOAD _build_lpc40xx_freertos\obj\croutine.o
LOAD _build_lpc40xx_freertos\obj\event_groups.o
LOAD _build_lpc40xx_freertos\obj\list.o
LOAD _build_lpc40xx_freertos\obj\queue.o
LOAD _build_lpc40xx_freertos\obj\stream_buffer.o
LOAD _build_lpc40xx_freertos\obj\tasks.o
LOAD _build_lpc40xx_freertos\obj\timers.o
LOAD _build_lpc40xx_freertos\obj\leightweight_lock.o
LOAD _build_lpc40xx_freertos\obj\sl_string.o
LOAD _build_lpc40xx_freertos\obj\adc.o
LOAD _build_lpc40xx_freertos\obj\board_io.o
LOAD _build_lpc40xx_freertos\obj\gpio.o
LOAD _build_lpc40xx_freertos\obj\gpio_lab.o
LOAD _build_lpc40xx_freertos\obj\hw_timer.o
LOAD _build_lpc40xx_freertos\obj\i2c.o
LOAD _build_lpc40xx_freertos\obj\i2c_slave_init.o
LOAD _build_lpc40xx_freertos\obj\lpc_peripherals.o
LOAD _build_lpc40xx_freertos\obj\pwm1.o
LOAD _build_lpc40xx_freertos\obj\ssp0.o
LOAD _build_lpc40xx_freertos\obj\ssp1_lab.o
LOAD _build_lpc40xx_freertos\obj\ssp2.o
LOAD _build_lpc40xx_freertos\obj\uart.o
LOAD _build_lpc40xx_freertos\obj\uart_lab.o
LOAD _build_lpc40xx_freertos\obj\app_cli.o
LOAD _build_lpc40xx_freertos\obj\sj2_cli.o
LOAD _build_lpc40xx_freertos\obj\handler_i2c.o
LOAD _build_lpc40xx_freertos\obj\handlers_general.o
LOAD _build_lpc40xx_freertos\obj\file_io_example.o
LOAD _build_lpc40xx_freertos\obj\ff.o
LOAD _build_lpc40xx_freertos\obj\ffsystem.o
LOAD _build_lpc40xx_freertos\obj\ffunicode.o
LOAD _build_lpc40xx_freertos\obj\disk_glue_logic.o
LOAD _build_lpc40xx_freertos\obj\fatfs_time.o
LOAD _build_lpc40xx_freertos\obj\sd_card.o
LOAD _build_lpc40xx_freertos\obj\system_calls.o
LOAD _build_lpc40xx_freertos\obj\acceleration.o
LOAD _build_lpc40xx_freertos\obj\sensors.o
LOAD _build_lpc40xx_freertos\obj\delay.o
LOAD _build_lpc40xx_freertos\obj\peripherals_init.o
LOAD _build_lpc40xx_freertos\obj\ssp2_mutex.o
LOAD _build_lpc40xx_freertos\obj\sys_time.o
LOAD _build_lpc40xx_freertos\obj\uart_printf.o
LOAD _build_lpc40xx_freertos\obj\bone_yard.o
LOAD _build_lpc40xx_freertos\obj\gpio_isr.o
LOAD _build_lpc40xx_freertos\obj\lcd.o
LOAD _build_lpc40xx_freertos\obj\main.o
LOAD _build_lpc40xx_freertos\obj\main_mp3.o
LOAD _build_lpc40xx_freertos\obj\rtos_hooks.o
LOAD _build_lpc40xx_freertos\obj\periodic_callbacks.o
LOAD _build_lpc40xx_freertos\obj\periodic_scheduler.o
LOAD c:/users/scott/onedrive/documents/sjsu/20a_sp/cmpe146/mp3/mp3-project/toolchains/windows/gcc-arm-none-eabi-8-2019-q3-update/bin/../lib/gcc/arm-none-eabi/8.3.1/../../../../arm-none-eabi/lib/thumb/v7e-m+fp/hard\libm.a
START GROUP
LOAD c:/users/scott/onedrive/documents/sjsu/20a_sp/cmpe146/mp3/mp3-project/toolchains/windows/gcc-arm-none-eabi-8-2019-q3-update/bin/../lib/gcc/arm-none-eabi/8.3.1/thumb/v7e-m+fp/hard\libgcc.a
LOAD c:/users/scott/onedrive/documents/sjsu/20a_sp/cmpe146/mp3/mp3-project/toolchains/windows/gcc-arm-none-eabi-8-2019-q3-update/bin/../lib/gcc/arm-none-eabi/8.3.1/../../../../arm-none-eabi/lib/thumb/v7e-m+fp/hard\libg_nano.a
LOAD c:/users/scott/onedrive/documents/sjsu/20a_sp/cmpe146/mp3/mp3-project/toolchains/windows/gcc-arm-none-eabi-8-2019-q3-update/bin/../lib/gcc/arm-none-eabi/8.3.1/../../../../arm-none-eabi/lib/thumb/v7e-m+fp/hard\libc_nano.a
END GROUP
START GROUP
LOAD c:/users/scott/onedrive/documents/sjsu/20a_sp/cmpe146/mp3/mp3-project/toolchains/windows/gcc-arm-none-eabi-8-2019-q3-update/bin/../lib/gcc/arm-none-eabi/8.3.1/thumb/v7e-m+fp/hard\libgcc.a
LOAD c:/users/scott/onedrive/documents/sjsu/20a_sp/cmpe146/mp3/mp3-project/toolchains/windows/gcc-arm-none-eabi-8-2019-q3-update/bin/../lib/gcc/arm-none-eabi/8.3.1/../../../../arm-none-eabi/lib/thumb/v7e-m+fp/hard\libc_nano.a
LOAD c:/users/scott/onedrive/documents/sjsu/20a_sp/cmpe146/mp3/mp3-project/toolchains/windows/gcc-arm-none-eabi-8-2019-q3-update/bin/../lib/gcc/arm-none-eabi/8.3.1/../../../../arm-none-eabi/lib/thumb/v7e-m+fp/hard\libnosys.a
END GROUP
START GROUP
LOAD c:/users/scott/onedrive/documents/sjsu/20a_sp/cmpe146/mp3/mp3-project/toolchains/windows/gcc-arm-none-eabi-8-2019-q3-update/bin/../lib/gcc/arm-none-eabi/8.3.1/thumb/v7e-m+fp/hard\libgcc.a
LOAD c:/users/scott/onedrive/documents/sjsu/20a_sp/cmpe146/mp3/mp3-project/toolchains/windows/gcc-arm-none-eabi-8-2019-q3-update/bin/../lib/gcc/arm-none-eabi/8.3.1/../../../../arm-none-eabi/lib/thumb/v7e-m+fp/hard\libc_nano.a
LOAD c:/users/scott/onedrive/documents/sjsu/20a_sp/cmpe146/mp3/mp3-project/toolchains/windows/gcc-arm-none-eabi-8-2019-q3-update/bin/../lib/gcc/arm-none-eabi/8.3.1/../../../../arm-none-eabi/lib/thumb/v7e-m+fp/hard\libnosys.a
END GROUP
                0x00000000                __base_flash = ORIGIN (flash_512k)
                0x00080000                __top_flash = (__base_flash + LENGTH (flash_512k))
                0x10000000                __base_ram_64k = ORIGIN (ram_64k)
                0x10010000                __top_ram_64k = (__base_ram_64k + LENGTH (ram_64k))
                0x20000000                __base_ram_32k = ORIGIN (ram_32k)
                0x20008000                __top_ram_32k = (__base_ram_32k + LENGTH (ram_32k))

.text           0x00000000     0xdadc
 FILL mask 0xff
 *(.interrupt_vector_table)
 .interrupt_vector_table
                0x00000000       0xe4 _build_lpc40xx_freertos\obj\interrupt_vector_table.o
                0x00000000                interrupt_vector_table
                0x000000e4                . = ALIGN (0x4)
 *(.init)
                0x000000e4                . = ALIGN (0x4)
                0x000000e4                __preinit_array_start = .
 *(.preinit_array)
                0x000000e4                __preinit_array_end = .
                0x000000e4                . = ALIGN (0x4)
                0x000000e4                __init_array_start = .
 *(SORT_BY_NAME(.init_array.*))
 *(.init_array)
                0x000000e4                __init_array_end = .
 *(.fini)
                0x000000e4                . = ALIGN (0x4)
 *crtbegin.o(.ctors)
 *(EXCLUDE_FILE(*crtend.o) .ctors)
 *(SORT_BY_NAME(.ctors.*))
 *crtend.o(.ctors)
                0x000000e4                . = ALIGN (0x4)
 *crtbegin.o(.dtors)
 *(EXCLUDE_FILE(*crtend.o) .dtors)
 *(SORT_BY_NAME(.dtors.*))
 *crtend.o(.dtors)
 *(.text*)
 .text.entry_point
                0x000000e4       0x74 _build_lpc40xx_freertos\obj\entry_point.o
                0x000000e4                entry_point
 .text.isr_hard_fault
                0x00000158       0x1a _build_lpc40xx_freertos\obj\interrupt_vector_table.o
 *fill*         0x00000172        0x2 ff
 .text.halt     0x00000174       0x5c _build_lpc40xx_freertos\obj\interrupt_vector_table.o
 .text.isr_hard_fault_handler
                0x000001d0       0x4c _build_lpc40xx_freertos\obj\interrupt_vector_table.o
                0x000001d0                isr_hard_fault_handler
 .text.clock__get_core_clock_hz
                0x0000021c        0x8 _build_lpc40xx_freertos\obj\clock.o
                0x0000021c                clock__get_core_clock_hz
 .text.clock__get_peripheral_clock_hz
                0x00000224        0x8 _build_lpc40xx_freertos\obj\clock.o
                0x00000224                clock__get_peripheral_clock_hz
 .text.clock__initialize_system_clock_96mhz
                0x0000022c       0x40 _build_lpc40xx_freertos\obj\clock.o
                0x0000022c                clock__initialize_system_clock_96mhz
 .text.crash__record_get
                0x0000026c       0x18 _build_lpc40xx_freertos\obj\crash.o
                0x0000026c                crash__record_get
 .text.crash__report_if_occurred
                0x00000284       0xc0 _build_lpc40xx_freertos\obj\crash.o
                0x00000284                crash__report_if_occurred
 .text._sbrk    0x00000344       0x54 _build_lpc40xx_freertos\obj\syscall.o
                0x00000344                _sbrk
 .text.startup__initialize_ram
                0x00000398       0x3c _build_lpc40xx_freertos\obj\startup.o
                0x00000398                startup__initialize_ram
 .text.startup__initialize_fpu
                0x000003d4       0x14 _build_lpc40xx_freertos\obj\startup.o
                0x000003d4                startup__initialize_fpu
 .text.startup__initialize_interrupts
                0x000003e8       0x18 _build_lpc40xx_freertos\obj\startup.o
                0x000003e8                startup__initialize_interrupts
 .text.vPortSVCHandler_wrapper
                0x00000400        0x4 _build_lpc40xx_freertos\obj\freertos_interrupt_handlers.o
                0x00000400                vPortSVCHandler_wrapper
 .text.xPortPendSVHandler_wrapper
                0x00000404        0x4 _build_lpc40xx_freertos\obj\freertos_interrupt_handlers.o
                0x00000404                xPortPendSVHandler_wrapper
 .text.xPortSysTickHandler_wrapper
                0x00000408        0x4 _build_lpc40xx_freertos\obj\freertos_interrupt_handlers.o
                0x00000408                xPortSysTickHandler_wrapper
 .text.prvPortStartFirstTask
                0x0000040c       0x28 _build_lpc40xx_freertos\obj\port.o
 .text.vPortEnableVFP
                0x00000434       0x14 _build_lpc40xx_freertos\obj\port.o
 .text.prvTaskExitError
                0x00000448       0x3c _build_lpc40xx_freertos\obj\port.o
 .text.pxPortInitialiseStack
                0x00000484       0x2c _build_lpc40xx_freertos\obj\port.o
                0x00000484                pxPortInitialiseStack
 .text.vPortSVCHandler
                0x000004b0       0x24 _build_lpc40xx_freertos\obj\port.o
                0x000004b0                vPortSVCHandler
 .text.vPortEnterCritical
                0x000004d4       0x44 _build_lpc40xx_freertos\obj\port.o
                0x000004d4                vPortEnterCritical
 .text.vPortExitCritical
                0x00000518       0x28 _build_lpc40xx_freertos\obj\port.o
                0x00000518                vPortExitCritical
 .text.xPortPendSVHandler
                0x00000540       0x64 _build_lpc40xx_freertos\obj\port.o
                0x00000540                xPortPendSVHandler
 .text.xPortSysTickHandler
                0x000005a4       0x2c _build_lpc40xx_freertos\obj\port.o
                0x000005a4                xPortSysTickHandler
 .text.vPortSetupTimerInterrupt
                0x000005d0       0x30 _build_lpc40xx_freertos\obj\port.o
                0x000005d0                vPortSetupTimerInterrupt
 .text.xPortStartScheduler
                0x00000600      0x100 _build_lpc40xx_freertos\obj\port.o
                0x00000600                xPortStartScheduler
 .text.vPortValidateInterruptPriority
                0x00000700       0x58 _build_lpc40xx_freertos\obj\port.o
                0x00000700                vPortValidateInterruptPriority
 .text.pvPortMalloc
                0x00000758       0x1e _build_lpc40xx_freertos\obj\heap_3.o
                0x00000758                pvPortMalloc
 .text.vPortFree
                0x00000776       0x1a _build_lpc40xx_freertos\obj\heap_3.o
                0x00000776                vPortFree
 .text.vListInitialise
                0x00000790       0x16 _build_lpc40xx_freertos\obj\list.o
                0x00000790                vListInitialise
 .text.vListInitialiseItem
                0x000007a6        0x6 _build_lpc40xx_freertos\obj\list.o
                0x000007a6                vListInitialiseItem
 .text.vListInsertEnd
                0x000007ac       0x18 _build_lpc40xx_freertos\obj\list.o
                0x000007ac                vListInsertEnd
 .text.vListInsert
                0x000007c4       0x2e _build_lpc40xx_freertos\obj\list.o
                0x000007c4                vListInsert
 .text.uxListRemove
                0x000007f2       0x20 _build_lpc40xx_freertos\obj\list.o
                0x000007f2                uxListRemove
 .text.prvIsQueueEmpty
                0x00000812       0x16 _build_lpc40xx_freertos\obj\queue.o
 .text.prvCopyDataToQueue
                0x00000828       0x6a _build_lpc40xx_freertos\obj\queue.o
 .text.prvCopyDataFromQueue
                0x00000892       0x2a _build_lpc40xx_freertos\obj\queue.o
 .text.prvUnlockQueue
                0x000008bc       0x70 _build_lpc40xx_freertos\obj\queue.o
 .text.xQueueGenericReset
                0x0000092c       0x7c _build_lpc40xx_freertos\obj\queue.o
                0x0000092c                xQueueGenericReset
 .text.xQueueGenericCreateStatic
                0x000009a8       0x94 _build_lpc40xx_freertos\obj\queue.o
                0x000009a8                xQueueGenericCreateStatic
 .text.xQueueGenericCreate
                0x00000a3c       0x4c _build_lpc40xx_freertos\obj\queue.o
                0x00000a3c                xQueueGenericCreate
 .text.xQueueGenericSend
                0x00000a88      0x15c _build_lpc40xx_freertos\obj\queue.o
                0x00000a88                xQueueGenericSend
 .text.xQueueCreateMutexStatic
                0x00000be4       0x2a _build_lpc40xx_freertos\obj\queue.o
                0x00000be4                xQueueCreateMutexStatic
 .text.xQueueCreateMutex
                0x00000c0e       0x24 _build_lpc40xx_freertos\obj\queue.o
                0x00000c0e                xQueueCreateMutex
 *fill*         0x00000c32        0x2 ff
 .text.xQueueGenericSendFromISR
                0x00000c34       0xbc _build_lpc40xx_freertos\obj\queue.o
                0x00000c34                xQueueGenericSendFromISR
 .text.xQueueGiveFromISR
                0x00000cf0       0xa4 _build_lpc40xx_freertos\obj\queue.o
                0x00000cf0                xQueueGiveFromISR
 .text.xQueueReceive
                0x00000d94      0x13c _build_lpc40xx_freertos\obj\queue.o
                0x00000d94                xQueueReceive
 .text.xQueueSemaphoreTake
                0x00000ed0      0x180 _build_lpc40xx_freertos\obj\queue.o
                0x00000ed0                xQueueSemaphoreTake
 .text.xQueueReceiveFromISR
                0x00001050       0x9c _build_lpc40xx_freertos\obj\queue.o
                0x00001050                xQueueReceiveFromISR
 .text.vQueueDelete
                0x000010ec       0x24 _build_lpc40xx_freertos\obj\queue.o
                0x000010ec                vQueueDelete
 .text.prvSearchForNameWithinSingleList
                0x00001110       0x54 _build_lpc40xx_freertos\obj\tasks.o
 .text.prvResetRunTimeStatsInList
                0x00001164       0x2e _build_lpc40xx_freertos\obj\tasks.o
 *fill*         0x00001192        0x2 ff
 .text.prvAddNewTaskToReadyList
                0x00001194       0xf4 _build_lpc40xx_freertos\obj\tasks.o
 .text.prvIdleTask
                0x00001288       0x28 _build_lpc40xx_freertos\obj\tasks.o
 .text.prvResetNextTaskUnblockTime
                0x000012b0       0x24 _build_lpc40xx_freertos\obj\tasks.o
 .text.prvTaskIsTaskSuspended
                0x000012d4       0x38 _build_lpc40xx_freertos\obj\tasks.o
 .text.prvInitialiseNewTask.isra.2
                0x0000130c       0x98 _build_lpc40xx_freertos\obj\tasks.o
 .text.prvAddCurrentTaskToDelayedList
                0x000013a4       0x8c _build_lpc40xx_freertos\obj\tasks.o
 .text.xTaskCreateStatic
                0x00001430       0x6c _build_lpc40xx_freertos\obj\tasks.o
                0x00001430                xTaskCreateStatic
 .text.xTaskCreate
                0x0000149c       0x5a _build_lpc40xx_freertos\obj\tasks.o
                0x0000149c                xTaskCreate
 *fill*         0x000014f6        0x2 ff
 .text.eTaskGetState
                0x000014f8       0x6c _build_lpc40xx_freertos\obj\tasks.o
                0x000014f8                eTaskGetState
 .text.vTaskResume
                0x00001564       0x84 _build_lpc40xx_freertos\obj\tasks.o
                0x00001564                vTaskResume
 .text.vTaskStartScheduler
                0x000015e8       0x74 _build_lpc40xx_freertos\obj\tasks.o
                0x000015e8                vTaskStartScheduler
 .text.vTaskSuspendAll
                0x0000165c       0x10 _build_lpc40xx_freertos\obj\tasks.o
                0x0000165c                vTaskSuspendAll
 .text.xTaskIncrementTick
                0x0000166c      0x124 _build_lpc40xx_freertos\obj\tasks.o
                0x0000166c                xTaskIncrementTick
 .text.xTaskResumeAll
                0x00001790       0xec _build_lpc40xx_freertos\obj\tasks.o
                0x00001790                xTaskResumeAll
 .text.vTaskDelay
                0x0000187c       0x48 _build_lpc40xx_freertos\obj\tasks.o
                0x0000187c                vTaskDelay
 .text.xTaskGetHandle
                0x000018c4       0x7c _build_lpc40xx_freertos\obj\tasks.o
                0x000018c4                xTaskGetHandle
 .text.vTaskSwitchContext
                0x00001940       0xbc _build_lpc40xx_freertos\obj\tasks.o
                0x00001940                vTaskSwitchContext
 .text.vTaskSuspend
                0x000019fc       0xd4 _build_lpc40xx_freertos\obj\tasks.o
                0x000019fc                vTaskSuspend
 .text.vTaskPlaceOnEventList
                0x00001ad0       0x30 _build_lpc40xx_freertos\obj\tasks.o
                0x00001ad0                vTaskPlaceOnEventList
 .text.xTaskRemoveFromEventList
                0x00001b00       0x80 _build_lpc40xx_freertos\obj\tasks.o
                0x00001b00                xTaskRemoveFromEventList
 .text.vTaskInternalSetTimeOutState
                0x00001b80       0x18 _build_lpc40xx_freertos\obj\tasks.o
                0x00001b80                vTaskInternalSetTimeOutState
 .text.xTaskCheckForTimeOut
                0x00001b98       0x74 _build_lpc40xx_freertos\obj\tasks.o
                0x00001b98                xTaskCheckForTimeOut
 .text.vTaskMissedYield
                0x00001c0c        0xc _build_lpc40xx_freertos\obj\tasks.o
                0x00001c0c                vTaskMissedYield
 .text.vTaskGetInfo
                0x00001c18       0x7c _build_lpc40xx_freertos\obj\tasks.o
                0x00001c18                vTaskGetInfo
 .text.prvListTasksWithinSingleList
                0x00001c94       0x5a _build_lpc40xx_freertos\obj\tasks.o
 *fill*         0x00001cee        0x2 ff
 .text.uxTaskGetSystemState
                0x00001cf0       0x98 _build_lpc40xx_freertos\obj\tasks.o
                0x00001cf0                uxTaskGetSystemState
 .text.xTaskGetSchedulerState
                0x00001d88       0x20 _build_lpc40xx_freertos\obj\tasks.o
                0x00001d88                xTaskGetSchedulerState
 .text.xTaskPriorityInherit
                0x00001da8       0xa4 _build_lpc40xx_freertos\obj\tasks.o
                0x00001da8                xTaskPriorityInherit
 .text.xTaskPriorityDisinherit
                0x00001e4c       0x9c _build_lpc40xx_freertos\obj\tasks.o
                0x00001e4c                xTaskPriorityDisinherit
 .text.vTaskPriorityDisinheritAfterTimeout
                0x00001ee8       0xb0 _build_lpc40xx_freertos\obj\tasks.o
                0x00001ee8                vTaskPriorityDisinheritAfterTimeout
 .text.pvTaskIncrementMutexHeldCount
                0x00001f98       0x18 _build_lpc40xx_freertos\obj\tasks.o
                0x00001f98                pvTaskIncrementMutexHeldCount
 .text.vTaskResetRunTimeStats
                0x00001fb0       0x6c _build_lpc40xx_freertos\obj\tasks.o
                0x00001fb0                vTaskResetRunTimeStats
 .text.vRunTimeStatIsrEntry
                0x0000201c       0x28 _build_lpc40xx_freertos\obj\tasks.o
                0x0000201c                vRunTimeStatIsrEntry
 .text.vRunTimeStatIsrExit
                0x00002044       0x10 _build_lpc40xx_freertos\obj\tasks.o
                0x00002044                vRunTimeStatIsrExit
 .text.sl_string__initialize
                0x00002054       0x28 _build_lpc40xx_freertos\obj\sl_string.o
                0x00002054                sl_string__initialize
 .text.sl_string__get_capacity
                0x0000207c       0x12 _build_lpc40xx_freertos\obj\sl_string.o
                0x0000207c                sl_string__get_capacity
 .text.sl_string__get_capacity_including_null_char
                0x0000208e        0xc _build_lpc40xx_freertos\obj\sl_string.o
                0x0000208e                sl_string__get_capacity_including_null_char
 .text.sl_string__get_length
                0x0000209a        0xc _build_lpc40xx_freertos\obj\sl_string.o
                0x0000209a                sl_string__get_length
 .text.sl_string__is_full
                0x000020a6       0x1a _build_lpc40xx_freertos\obj\sl_string.o
                0x000020a6                sl_string__is_full
 .text.sl_string__to_int
                0x000020c0        0x4 _build_lpc40xx_freertos\obj\sl_string.o
                0x000020c0                sl_string__to_int
 .text.sl_string__clear
                0x000020c4        0x6 _build_lpc40xx_freertos\obj\sl_string.o
                0x000020c4                sl_string__clear
 .text.sl_string__vprintf
                0x000020ca       0x1c _build_lpc40xx_freertos\obj\sl_string.o
                0x000020ca                sl_string__vprintf
 .text.sl_string__printf
                0x000020e6       0x1a _build_lpc40xx_freertos\obj\sl_string.o
                0x000020e6                sl_string__printf
 .text.sl_string__scanf
                0x00002100       0x22 _build_lpc40xx_freertos\obj\sl_string.o
                0x00002100                sl_string__scanf
 .text.sl_string__set
                0x00002122       0x2e _build_lpc40xx_freertos\obj\sl_string.o
                0x00002122                sl_string__set
 .text.sl_string__initialize_from
                0x00002150       0x16 _build_lpc40xx_freertos\obj\sl_string.o
                0x00002150                sl_string__initialize_from
 .text.sl_string__insert_at
                0x00002166       0x54 _build_lpc40xx_freertos\obj\sl_string.o
                0x00002166                sl_string__insert_at
 .text.sl_string__append
                0x000021ba       0x38 _build_lpc40xx_freertos\obj\sl_string.o
                0x000021ba                sl_string__append
 .text.sl_string__append_char
                0x000021f2       0x18 _build_lpc40xx_freertos\obj\sl_string.o
                0x000021f2                sl_string__append_char
 .text.sl_string__equals_to_ignore_case
                0x0000220a       0x14 _build_lpc40xx_freertos\obj\sl_string.o
                0x0000220a                sl_string__equals_to_ignore_case
 .text.sl_string__begins_with_limited_chars
                0x0000221e       0x28 _build_lpc40xx_freertos\obj\sl_string.o
                0x0000221e                sl_string__begins_with_limited_chars
 .text.sl_string__begins_with_ignore_case
                0x00002246       0x2e _build_lpc40xx_freertos\obj\sl_string.o
                0x00002246                sl_string__begins_with_ignore_case
 .text.sl_string__begins_with_whole_word
                0x00002274       0x44 _build_lpc40xx_freertos\obj\sl_string.o
                0x00002274                sl_string__begins_with_whole_word
 .text.sl_string__ends_with_newline
                0x000022b8       0x22 _build_lpc40xx_freertos\obj\sl_string.o
                0x000022b8                sl_string__ends_with_newline
 .text.sl_string__erase_after
                0x000022da       0x38 _build_lpc40xx_freertos\obj\sl_string.o
                0x000022da                sl_string__erase_after
 .text.sl_string__erase_first
                0x00002312        0x8 _build_lpc40xx_freertos\obj\sl_string.o
                0x00002312                sl_string__erase_first
 .text.sl_string__erase_last
                0x0000231a       0x22 _build_lpc40xx_freertos\obj\sl_string.o
                0x0000231a                sl_string__erase_last
 .text.sl_string__erase_at_substring
                0x0000233c       0x1c _build_lpc40xx_freertos\obj\sl_string.o
                0x0000233c                sl_string__erase_at_substring
 .text.sl_string__erase_first_word
                0x00002358       0x1c _build_lpc40xx_freertos\obj\sl_string.o
                0x00002358                sl_string__erase_first_word
 .text.sl_string__erase_int
                0x00002374       0x50 _build_lpc40xx_freertos\obj\sl_string.o
                0x00002374                sl_string__erase_int
 .text.sl_string__trim_end
                0x000023c4       0x40 _build_lpc40xx_freertos\obj\sl_string.o
                0x000023c4                sl_string__trim_end
 .text.board_io__initialize
                0x00002404      0x100 _build_lpc40xx_freertos\obj\board_io.o
                0x00002404                board_io__initialize
 .text.board_io__sd_card_cs
                0x00002504       0x10 _build_lpc40xx_freertos\obj\board_io.o
                0x00002504                board_io__sd_card_cs
 .text.board_io__sd_card_ds
                0x00002514       0x10 _build_lpc40xx_freertos\obj\board_io.o
                0x00002514                board_io__sd_card_ds
 .text.board_io__sd_card_is_present
                0x00002524       0x14 _build_lpc40xx_freertos\obj\board_io.o
                0x00002524                board_io__sd_card_is_present
 .text.board_io__get_led0
                0x00002538       0x24 _build_lpc40xx_freertos\obj\board_io.o
                0x00002538                board_io__get_led0
 .text.board_io__get_led1
                0x0000255c       0x24 _build_lpc40xx_freertos\obj\board_io.o
                0x0000255c                board_io__get_led1
 .text.board_io__get_led2
                0x00002580       0x24 _build_lpc40xx_freertos\obj\board_io.o
                0x00002580                board_io__get_led2
 .text.board_io__get_led3
                0x000025a4       0x24 _build_lpc40xx_freertos\obj\board_io.o
                0x000025a4                board_io__get_led3
 .text.gpio__set_function
                0x000025c8       0x30 _build_lpc40xx_freertos\obj\gpio.o
                0x000025c8                gpio__set_function
 .text.gpio__construct_with_function
                0x000025f8       0x1e _build_lpc40xx_freertos\obj\gpio.o
                0x000025f8                gpio__construct_with_function
 .text.gpio__enable_open_drain
                0x00002616       0x26 _build_lpc40xx_freertos\obj\gpio.o
                0x00002616                gpio__enable_open_drain
 .text.gpio__set_as_input
                0x0000263c       0x28 _build_lpc40xx_freertos\obj\gpio.o
                0x0000263c                gpio__set_as_input
 .text.gpio__construct_as_input
                0x00002664       0x1c _build_lpc40xx_freertos\obj\gpio.o
                0x00002664                gpio__construct_as_input
 .text.gpio__set_as_output
                0x00002680       0x24 _build_lpc40xx_freertos\obj\gpio.o
                0x00002680                gpio__set_as_output
 .text.gpio__construct_as_output
                0x000026a4       0x1c _build_lpc40xx_freertos\obj\gpio.o
                0x000026a4                gpio__construct_as_output
 .text.gpio__get
                0x000026c0       0x28 _build_lpc40xx_freertos\obj\gpio.o
                0x000026c0                gpio__get
 .text.gpio__set
                0x000026e8       0x1c _build_lpc40xx_freertos\obj\gpio.o
                0x000026e8                gpio__set
 .text.gpio__reset
                0x00002704       0x1c _build_lpc40xx_freertos\obj\gpio.o
                0x00002704                gpio__reset
 .text.gpio__toggle
                0x00002720       0x26 _build_lpc40xx_freertos\obj\gpio.o
                0x00002720                gpio__toggle
 *fill*         0x00002746        0x2 ff
 .text.hw_timer__enable
                0x00002748       0x48 _build_lpc40xx_freertos\obj\hw_timer.o
                0x00002748                hw_timer__enable
 .text.hw_timer__enable_match_isr
                0x00002790       0x24 _build_lpc40xx_freertos\obj\hw_timer.o
                0x00002790                hw_timer__enable_match_isr
 .text.hw_timer__acknowledge_interrupt
                0x000027b4       0x14 _build_lpc40xx_freertos\obj\hw_timer.o
                0x000027b4                hw_timer__acknowledge_interrupt
 .text.hw_timer__get_value
                0x000027c8       0x10 _build_lpc40xx_freertos\obj\hw_timer.o
                0x000027c8                hw_timer__get_value
 .text.hw_timer__set_value
                0x000027d8       0x10 _build_lpc40xx_freertos\obj\hw_timer.o
                0x000027d8                hw_timer__set_value
 .text.i2c__transfer_unprotected
                0x000027e8       0x5e _build_lpc40xx_freertos\obj\i2c.o
 *fill*         0x00002846        0x2 ff
 .text.i2c__handle_interrupt
                0x00002848      0x18c _build_lpc40xx_freertos\obj\i2c.o
 .text.i2c2_isr
                0x000029d4        0xc _build_lpc40xx_freertos\obj\i2c.o
 .text.i2c1_isr
                0x000029e0        0xc _build_lpc40xx_freertos\obj\i2c.o
 .text.i2c0_isr
                0x000029ec        0xc _build_lpc40xx_freertos\obj\i2c.o
 .text.i2c__initialize
                0x000029f8       0xb4 _build_lpc40xx_freertos\obj\i2c.o
                0x000029f8                i2c__initialize
 .text.i2c__read_slave_data
                0x00002aac       0x54 _build_lpc40xx_freertos\obj\i2c.o
                0x00002aac                i2c__read_slave_data
 .text.i2c__read_single
                0x00002b00       0x1e _build_lpc40xx_freertos\obj\i2c.o
                0x00002b00                i2c__read_single
 *fill*         0x00002b1e        0x2 ff
 .text.i2c__write_slave_data
                0x00002b20       0x50 _build_lpc40xx_freertos\obj\i2c.o
                0x00002b20                i2c__write_slave_data
 .text.i2c__detect
                0x00002b70       0x18 _build_lpc40xx_freertos\obj\i2c.o
                0x00002b70                i2c__detect
 .text.i2c__write_single
                0x00002b88       0x18 _build_lpc40xx_freertos\obj\i2c.o
                0x00002b88                i2c__write_single
 .text.lpc_peripheral__halt_handler
                0x00002ba0        0x2 _build_lpc40xx_freertos\obj\lpc_peripherals.o
 *fill*         0x00002ba2        0x2 ff
 .text.lpc_peripheral__interrupt_dispatcher
                0x00002ba4       0x34 _build_lpc40xx_freertos\obj\lpc_peripherals.o
                0x00002ba4                lpc_peripheral__interrupt_dispatcher
 .text.lpc_peripheral__turn_on_power_to
                0x00002bd8       0x24 _build_lpc40xx_freertos\obj\lpc_peripherals.o
                0x00002bd8                lpc_peripheral__turn_on_power_to
 .text.lpc_peripheral__is_powered_on
                0x00002bfc       0x24 _build_lpc40xx_freertos\obj\lpc_peripherals.o
                0x00002bfc                lpc_peripheral__is_powered_on
 .text.lpc_peripheral__enable_interrupt
                0x00002c20       0x28 _build_lpc40xx_freertos\obj\lpc_peripherals.o
                0x00002c20                lpc_peripheral__enable_interrupt
 .text.ssp0__set_max_clock
                0x00002c48       0x30 _build_lpc40xx_freertos\obj\ssp0.o
                0x00002c48                ssp0__set_max_clock
 .text.ssp0__initialize
                0x00002c78       0x28 _build_lpc40xx_freertos\obj\ssp0.o
                0x00002c78                ssp0__initialize
 .text.ssp0__exchange_byte
                0x00002ca0       0x14 _build_lpc40xx_freertos\obj\ssp0.o
                0x00002ca0                ssp0__exchange_byte
 .text.ssp__init
                0x00002cb4       0x54 _build_lpc40xx_freertos\obj\ssp1_lab.o
                0x00002cb4                ssp__init
 .text.ssp2__dma_transfer_block
                0x00002d08       0x98 _build_lpc40xx_freertos\obj\ssp2.o
 .text.ssp2__set_max_clock
                0x00002da0       0x2c _build_lpc40xx_freertos\obj\ssp2.o
                0x00002da0                ssp2__set_max_clock
 .text.ssp2__initialize
                0x00002dcc       0x44 _build_lpc40xx_freertos\obj\ssp2.o
                0x00002dcc                ssp2__initialize
 .text.ssp2__exchange_byte
                0x00002e10       0x14 _build_lpc40xx_freertos\obj\ssp2.o
                0x00002e10                ssp2__exchange_byte
 .text.ssp2__dma_write_block
                0x00002e24        0x6 _build_lpc40xx_freertos\obj\ssp2.o
                0x00002e24                ssp2__dma_write_block
 .text.ssp2__dma_read_block
                0x00002e2a        0x6 _build_lpc40xx_freertos\obj\ssp2.o
                0x00002e2a                ssp2__dma_read_block
 .text.uart__isr_common
                0x00002e30       0x94 _build_lpc40xx_freertos\obj\uart.o
 .text.uart3_isr
                0x00002ec4        0xc _build_lpc40xx_freertos\obj\uart.o
 .text.uart2_isr
                0x00002ed0        0xc _build_lpc40xx_freertos\obj\uart.o
 .text.uart1_isr
                0x00002edc        0xc _build_lpc40xx_freertos\obj\uart.o
 .text.uart0_isr
                0x00002ee8        0xc _build_lpc40xx_freertos\obj\uart.o
 .text.uart__init
                0x00002ef4       0x58 _build_lpc40xx_freertos\obj\uart.o
                0x00002ef4                uart__init
 .text.uart__is_initialized
                0x00002f4c       0x28 _build_lpc40xx_freertos\obj\uart.o
                0x00002f4c                uart__is_initialized
 .text.uart__is_transmit_queue_initialized
                0x00002f74       0x18 _build_lpc40xx_freertos\obj\uart.o
                0x00002f74                uart__is_transmit_queue_initialized
 .text.uart__enable_queues
                0x00002f8c       0x7c _build_lpc40xx_freertos\obj\uart.o
                0x00002f8c                uart__enable_queues
 .text.uart__polled_put
                0x00003008       0x28 _build_lpc40xx_freertos\obj\uart.o
                0x00003008                uart__polled_put
 .text.uart__get
                0x00003030       0x50 _build_lpc40xx_freertos\obj\uart.o
                0x00003030                uart__get
 .text.uart__polled_get
                0x00003080       0x58 _build_lpc40xx_freertos\obj\uart.o
                0x00003080                uart__polled_get
 .text.uart__put
                0x000030d8       0x84 _build_lpc40xx_freertos\obj\uart.o
                0x000030d8                uart__put
 .text.app_cli__private_print_list_of_all_commands
                0x0000315c       0x98 _build_lpc40xx_freertos\obj\app_cli.o
 .text.app_cli__initialize
                0x000031f4       0x16 _build_lpc40xx_freertos\obj\app_cli.o
                0x000031f4                app_cli__initialize
 .text.app_cli__add_command_handler
                0x0000320a        0xa _build_lpc40xx_freertos\obj\app_cli.o
                0x0000320a                app_cli__add_command_handler
 .text.app_cli__process_input
                0x00003214      0x134 _build_lpc40xx_freertos\obj\app_cli.o
                0x00003214                app_cli__process_input
 .text.sj2_cli__output_function
                0x00003348       0x12 _build_lpc40xx_freertos\obj\sj2_cli.o
 *fill*         0x0000335a        0x2 ff
 .text.sj2_cli__task
                0x0000335c       0x78 _build_lpc40xx_freertos\obj\sj2_cli.o
 .text.sj2_cli__init
                0x000033d4       0x94 _build_lpc40xx_freertos\obj\sj2_cli.o
                0x000033d4                sj2_cli__init
 .text.cli__i2c_read
                0x00003468       0xc8 _build_lpc40xx_freertos\obj\handler_i2c.o
 .text.cli__i2c_write
                0x00003530       0xe8 _build_lpc40xx_freertos\obj\handler_i2c.o
 .text.cli__i2c
                0x00003618       0x48 _build_lpc40xx_freertos\obj\handler_i2c.o
                0x00003618                cli__i2c
 .text.cli__crash_me
                0x00003660       0x10 _build_lpc40xx_freertos\obj\handlers_general.o
                0x00003660                cli__crash_me
 .text.cli__task_list
                0x00003670       0xdc _build_lpc40xx_freertos\obj\handlers_general.o
                0x00003670                cli__task_list
 .text.cli__mp3_play
                0x0000374c       0x28 _build_lpc40xx_freertos\obj\handlers_general.o
                0x0000374c                cli__mp3_play
 .text.cli__task_control
                0x00003774       0x70 _build_lpc40xx_freertos\obj\handlers_general.o
                0x00003774                cli__task_control
 .text.ld_dword
                0x000037e4       0x10 _build_lpc40xx_freertos\obj\ff.o
 .text.st_dword
                0x000037f4       0x10 _build_lpc40xx_freertos\obj\ff.o
 .text.mem_cmp  0x00003804       0x1c _build_lpc40xx_freertos\obj\ff.o
 .text.clst2sect
                0x00003820       0x16 _build_lpc40xx_freertos\obj\ff.o
 .text.sum_sfn  0x00003836       0x1e _build_lpc40xx_freertos\obj\ff.o
 .text.get_ldnumber
                0x00003854       0x2a _build_lpc40xx_freertos\obj\ff.o
 .text.mem_cpy.part.0
                0x0000387e       0x12 _build_lpc40xx_freertos\obj\ff.o
 .text.ld_clust.isra.3
                0x00003890       0x1c _build_lpc40xx_freertos\obj\ff.o
 .text.st_clust.isra.4
                0x000038ac       0x18 _build_lpc40xx_freertos\obj\ff.o
 .text.sync_window.part.6
                0x000038c4       0x40 _build_lpc40xx_freertos\obj\ff.o
 .text.move_window
                0x00003904       0x44 _build_lpc40xx_freertos\obj\ff.o
 .text.check_fs
                0x00003948       0x74 _build_lpc40xx_freertos\obj\ff.o
 .text.find_volume
                0x000039bc      0x2c0 _build_lpc40xx_freertos\obj\ff.o
 .text.put_fat  0x00003c7c       0xf8 _build_lpc40xx_freertos\obj\ff.o
 .text.get_fat.isra.10
                0x00003d74       0xb4 _build_lpc40xx_freertos\obj\ff.o
 .text.dir_sdi  0x00003e28       0x82 _build_lpc40xx_freertos\obj\ff.o
 .text.create_chain
                0x00003eaa       0xe8 _build_lpc40xx_freertos\obj\ff.o
 .text.remove_chain
                0x00003f92       0x6e _build_lpc40xx_freertos\obj\ff.o
 .text.unlock_fs
                0x00004000       0x16 _build_lpc40xx_freertos\obj\ff.o
 .text.validate
                0x00004016       0x50 _build_lpc40xx_freertos\obj\ff.o
 .text.dir_clear
                0x00004066       0x5c _build_lpc40xx_freertos\obj\ff.o
 .text.dir_next
                0x000040c2       0xaa _build_lpc40xx_freertos\obj\ff.o
 .text.dir_find
                0x0000416c      0x148 _build_lpc40xx_freertos\obj\ff.o
 .text.follow_path
                0x000042b4      0x294 _build_lpc40xx_freertos\obj\ff.o
 .text.sync_fs  0x00004548       0xa0 _build_lpc40xx_freertos\obj\ff.o
 .text.dir_register
                0x000045e8      0x288 _build_lpc40xx_freertos\obj\ff.o
 .text.f_mount  0x00004870       0x70 _build_lpc40xx_freertos\obj\ff.o
                0x00004870                f_mount
 .text.f_open   0x000048e0      0x1cc _build_lpc40xx_freertos\obj\ff.o
                0x000048e0                f_open
 .text.f_read   0x00004aac      0x17c _build_lpc40xx_freertos\obj\ff.o
                0x00004aac                f_read
 .text.f_sync   0x00004c28       0xa2 _build_lpc40xx_freertos\obj\ff.o
                0x00004c28                f_sync
 .text.f_close  0x00004cca       0x28 _build_lpc40xx_freertos\obj\ff.o
                0x00004cca                f_close
 .text.ff_cre_syncobj
                0x00004cf2       0x14 _build_lpc40xx_freertos\obj\ffsystem.o
                0x00004cf2                ff_cre_syncobj
 .text.ff_del_syncobj
                0x00004d06        0xa _build_lpc40xx_freertos\obj\ffsystem.o
                0x00004d06                ff_del_syncobj
 .text.ff_req_grant
                0x00004d10       0x12 _build_lpc40xx_freertos\obj\ffsystem.o
                0x00004d10                ff_req_grant
 .text.ff_rel_grant
                0x00004d22        0xa _build_lpc40xx_freertos\obj\ffsystem.o
                0x00004d22                ff_rel_grant
 .text.ff_uni2oem
                0x00004d2c       0x40 _build_lpc40xx_freertos\obj\ffunicode.o
                0x00004d2c                ff_uni2oem
 .text.ff_oem2uni
                0x00004d6c       0x28 _build_lpc40xx_freertos\obj\ffunicode.o
                0x00004d6c                ff_oem2uni
 .text.ff_wtoupper
                0x00004d94       0x8c _build_lpc40xx_freertos\obj\ffunicode.o
                0x00004d94                ff_wtoupper
 .text.disk_initialize
                0x00004e20       0x1c _build_lpc40xx_freertos\obj\disk_glue_logic.o
                0x00004e20                disk_initialize
 .text.disk_status
                0x00004e3c        0xa _build_lpc40xx_freertos\obj\disk_glue_logic.o
                0x00004e3c                disk_status
 .text.disk_read
                0x00004e46       0x28 _build_lpc40xx_freertos\obj\disk_glue_logic.o
                0x00004e46                disk_read
 .text.disk_write
                0x00004e6e       0x28 _build_lpc40xx_freertos\obj\disk_glue_logic.o
                0x00004e6e                disk_write
 .text.disk_ioctl
                0x00004e96       0x24 _build_lpc40xx_freertos\obj\disk_glue_logic.o
                0x00004e96                disk_ioctl
 .text.get_fattime
                0x00004eba        0x4 _build_lpc40xx_freertos\obj\fatfs_time.o
                0x00004eba                get_fattime
 .text.sd_card__wait_for_ready
                0x00004ebe       0x28 _build_lpc40xx_freertos\obj\sd_card.o
 *fill*         0x00004ee6        0x2 ff
 .text.sd_card__power_off
                0x00004ee8       0x20 _build_lpc40xx_freertos\obj\sd_card.o
 .text.sd_card__transmit_datablock
                0x00004f08       0x5a _build_lpc40xx_freertos\obj\sd_card.o
 .text.sd_card__send_command
                0x00004f62       0x86 _build_lpc40xx_freertos\obj\sd_card.o
 .text.sd_card__read_datablock
                0x00004fe8       0x42 _build_lpc40xx_freertos\obj\sd_card.o
 *fill*         0x0000502a        0x2 ff
 .text.sd_card__update_status
                0x0000502c       0x20 _build_lpc40xx_freertos\obj\sd_card.o
                0x0000502c                sd_card__update_status
 .text.sd_card__initialize
                0x0000504c      0x13c _build_lpc40xx_freertos\obj\sd_card.o
                0x0000504c                sd_card__initialize
 .text.sd_card__status
                0x00005188       0x10 _build_lpc40xx_freertos\obj\sd_card.o
                0x00005188                sd_card__status
 .text.sd_card__read
                0x00005198       0x8c _build_lpc40xx_freertos\obj\sd_card.o
                0x00005198                sd_card__read
 .text.sd_card__write
                0x00005224       0xa8 _build_lpc40xx_freertos\obj\sd_card.o
                0x00005224                sd_card__write
 .text.sd_card__ioctl
                0x000052cc      0x200 _build_lpc40xx_freertos\obj\sd_card.o
                0x000052cc                sd_card__ioctl
 .text.system_calls__print_and_halt
                0x000054cc       0x1e _build_lpc40xx_freertos\obj\system_calls.o
 *fill*         0x000054ea        0x2 ff
 .text._isatty  0x000054ec       0x28 _build_lpc40xx_freertos\obj\system_calls.o
                0x000054ec                _isatty
 .text._write   0x00005514       0x70 _build_lpc40xx_freertos\obj\system_calls.o
                0x00005514                _write
 .text._read    0x00005584       0x1c _build_lpc40xx_freertos\obj\system_calls.o
                0x00005584                _read
 .text.acceleration__init
                0x000055a0       0x22 _build_lpc40xx_freertos\obj\acceleration.o
                0x000055a0                acceleration__init
 .text.sensors__init
                0x000055c2        0x4 _build_lpc40xx_freertos\obj\sensors.o
                0x000055c2                sensors__init
 .text.delay__us
                0x000055c6       0x40 _build_lpc40xx_freertos\obj\delay.o
                0x000055c6                delay__us
 .text.delay__ms
                0x00005606        0xc _build_lpc40xx_freertos\obj\delay.o
                0x00005606                delay__ms
 *fill*         0x00005612        0x2 ff
 .text.peripherals_init
                0x00005614      0x110 _build_lpc40xx_freertos\obj\peripherals_init.o
                0x00005614                peripherals_init
 .text.spi2_mutex__acquire
                0x00005724       0x34 _build_lpc40xx_freertos\obj\ssp2_mutex.o
                0x00005724                spi2_mutex__acquire
 .text.spi2_mutex__release
                0x00005758       0x24 _build_lpc40xx_freertos\obj\ssp2_mutex.o
                0x00005758                spi2_mutex__release
 .text.sys_time__one_minute_isr
                0x0000577c       0x24 _build_lpc40xx_freertos\obj\sys_time.o
 .text.sys_time__init
                0x000057a0       0x2c _build_lpc40xx_freertos\obj\sys_time.o
                0x000057a0                sys_time__init
 .text.sys_time__get_uptime_us
                0x000057cc       0x2c _build_lpc40xx_freertos\obj\sys_time.o
                0x000057cc                sys_time__get_uptime_us
 .text.sys_time__get_uptime_ms
                0x000057f8       0x12 _build_lpc40xx_freertos\obj\sys_time.o
                0x000057f8                sys_time__get_uptime_ms
 .text.uart_puts__polled
                0x0000580a       0x2a _build_lpc40xx_freertos\obj\uart_printf.o
                0x0000580a                uart_puts__polled
 .text.mp3_reader_task
                0x00005834       0xfc _build_lpc40xx_freertos\obj\main.o
                0x00005834                mp3_reader_task
 .text.mp3_player_task
                0x00005930       0x98 _build_lpc40xx_freertos\obj\main.o
                0x00005930                mp3_player_task
 .text.i2c_slave_callback__read_memory
                0x000059c8       0x1c _build_lpc40xx_freertos\obj\main.o
                0x000059c8                i2c_slave_callback__read_memory
 .text.i2c_slave_callback__write_memory
                0x000059e4       0x24 _build_lpc40xx_freertos\obj\main.o
                0x000059e4                i2c_slave_callback__write_memory
 .text.mp3write
                0x00005a08       0x6c _build_lpc40xx_freertos\obj\main.o
                0x00005a08                mp3write
 .text.mp3read  0x00005a74       0x7c _build_lpc40xx_freertos\obj\main.o
                0x00005a74                mp3read
 .text.startup.main
                0x00005af0      0x2dc _build_lpc40xx_freertos\obj\main.o
                0x00005af0                main
 .text.vApplicationStackOverflowHook
                0x00005dcc       0x1c _build_lpc40xx_freertos\obj\rtos_hooks.o
                0x00005dcc                vApplicationStackOverflowHook
 .text.vApplicationMallocFailedHook
                0x00005de8       0x10 _build_lpc40xx_freertos\obj\rtos_hooks.o
                0x00005de8                vApplicationMallocFailedHook
 .text.vApplicationIdleHook
                0x00005df8       0x10 _build_lpc40xx_freertos\obj\rtos_hooks.o
                0x00005df8                vApplicationIdleHook
 .text.configASSERT_callback
                0x00005e08       0x40 _build_lpc40xx_freertos\obj\rtos_hooks.o
                0x00005e08                configASSERT_callback
 .text.vApplicationGetIdleTaskMemory
                0x00005e48       0x18 _build_lpc40xx_freertos\obj\rtos_hooks.o
                0x00005e48                vApplicationGetIdleTaskMemory
 .text.freertos_hooks__get_run_time_counter_value
                0x00005e60       0x14 _build_lpc40xx_freertos\obj\rtos_hooks.o
                0x00005e60                freertos_hooks__get_run_time_counter_value
 .text.freertos_hooks__reset_run_time_stats
                0x00005e74       0x14 _build_lpc40xx_freertos\obj\rtos_hooks.o
                0x00005e74                freertos_hooks__reset_run_time_stats
 .text          0x00005e88       0x30 c:/users/scott/onedrive/documents/sjsu/20a_sp/cmpe146/mp3/mp3-project/toolchains/windows/gcc-arm-none-eabi-8-2019-q3-update/bin/../lib/gcc/arm-none-eabi/8.3.1/thumb/v7e-m+fp/hard\libgcc.a(_aeabi_uldivmod.o)
                0x00005e88                __aeabi_uldivmod
 .text          0x00005eb8      0x2d0 c:/users/scott/onedrive/documents/sjsu/20a_sp/cmpe146/mp3/mp3-project/toolchains/windows/gcc-arm-none-eabi-8-2019-q3-update/bin/../lib/gcc/arm-none-eabi/8.3.1/thumb/v7e-m+fp/hard\libgcc.a(_udivmoddi4.o)
                0x00005eb8                __udivmoddi4
 .text          0x00006188        0x4 c:/users/scott/onedrive/documents/sjsu/20a_sp/cmpe146/mp3/mp3-project/toolchains/windows/gcc-arm-none-eabi-8-2019-q3-update/bin/../lib/gcc/arm-none-eabi/8.3.1/thumb/v7e-m+fp/hard\libgcc.a(_dvmd_tls.o)
                0x00006188                __aeabi_idiv0
                0x00006188                __aeabi_ldiv0
 .text.atoi     0x0000618c        0x8 c:/users/scott/onedrive/documents/sjsu/20a_sp/cmpe146/mp3/mp3-project/toolchains/windows/gcc-arm-none-eabi-8-2019-q3-update/bin/../lib/gcc/arm-none-eabi/8.3.1/../../../../arm-none-eabi/lib/thumb/v7e-m+fp/hard\libg_nano.a(lib_a-atoi.o)
                0x0000618c                atoi
 .text.fprintf  0x00006194       0x24 c:/users/scott/onedrive/documents/sjsu/20a_sp/cmpe146/mp3/mp3-project/toolchains/windows/gcc-arm-none-eabi-8-2019-q3-update/bin/../lib/gcc/arm-none-eabi/8.3.1/../../../../arm-none-eabi/lib/thumb/v7e-m+fp/hard\libg_nano.a(lib_a-fprintf.o)
                0x00006194                fiprintf
                0x00006194                fprintf
 .text._fputs_r
                0x000061b8       0xcc c:/users/scott/onedrive/documents/sjsu/20a_sp/cmpe146/mp3/mp3-project/toolchains/windows/gcc-arm-none-eabi-8-2019-q3-update/bin/../lib/gcc/arm-none-eabi/8.3.1/../../../../arm-none-eabi/lib/thumb/v7e-m+fp/hard\libg_nano.a(lib_a-fputs.o)
                0x000061b8                _fputs_r
 .text.fputs    0x00006284       0x10 c:/users/scott/onedrive/documents/sjsu/20a_sp/cmpe146/mp3/mp3-project/toolchains/windows/gcc-arm-none-eabi-8-2019-q3-update/bin/../lib/gcc/arm-none-eabi/8.3.1/../../../../arm-none-eabi/lib/thumb/v7e-m+fp/hard\libg_nano.a(lib_a-fputs.o)
                0x00006284                fputs
 .text.getchar  0x00006294       0x24 c:/users/scott/onedrive/documents/sjsu/20a_sp/cmpe146/mp3/mp3-project/toolchains/windows/gcc-arm-none-eabi-8-2019-q3-update/bin/../lib/gcc/arm-none-eabi/8.3.1/../../../../arm-none-eabi/lib/thumb/v7e-m+fp/hard\libg_nano.a(lib_a-getchar.o)
                0x00006294                getchar
 .text.__retarget_lock_init_recursive
                0x000062b8        0x2 c:/users/scott/onedrive/documents/sjsu/20a_sp/cmpe146/mp3/mp3-project/toolchains/windows/gcc-arm-none-eabi-8-2019-q3-update/bin/../lib/gcc/arm-none-eabi/8.3.1/../../../../arm-none-eabi/lib/thumb/v7e-m+fp/hard\libg_nano.a(lib_a-lock.o)
                0x000062b8                __retarget_lock_init_recursive
 .text.__retarget_lock_acquire_recursive
                0x000062ba        0x2 c:/users/scott/onedrive/documents/sjsu/20a_sp/cmpe146/mp3/mp3-project/toolchains/windows/gcc-arm-none-eabi-8-2019-q3-update/bin/../lib/gcc/arm-none-eabi/8.3.1/../../../../arm-none-eabi/lib/thumb/v7e-m+fp/hard\libg_nano.a(lib_a-lock.o)
                0x000062ba                __retarget_lock_acquire_recursive
 .text.__retarget_lock_release_recursive
                0x000062bc        0x2 c:/users/scott/onedrive/documents/sjsu/20a_sp/cmpe146/mp3/mp3-project/toolchains/windows/gcc-arm-none-eabi-8-2019-q3-update/bin/../lib/gcc/arm-none-eabi/8.3.1/../../../../arm-none-eabi/lib/thumb/v7e-m+fp/hard\libg_nano.a(lib_a-lock.o)
                0x000062bc                __retarget_lock_release_recursive
 *fill*         0x000062be        0x2 ff
 .text.malloc   0x000062c0       0x10 c:/users/scott/onedrive/documents/sjsu/20a_sp/cmpe146/mp3/mp3-project/toolchains/windows/gcc-arm-none-eabi-8-2019-q3-update/bin/../lib/gcc/arm-none-eabi/8.3.1/../../../../arm-none-eabi/lib/thumb/v7e-m+fp/hard\libg_nano.a(lib_a-malloc.o)
                0x000062c0                malloc
 .text.free     0x000062d0       0x10 c:/users/scott/onedrive/documents/sjsu/20a_sp/cmpe146/mp3/mp3-project/toolchains/windows/gcc-arm-none-eabi-8-2019-q3-update/bin/../lib/gcc/arm-none-eabi/8.3.1/../../../../arm-none-eabi/lib/thumb/v7e-m+fp/hard\libg_nano.a(lib_a-malloc.o)
                0x000062d0                free
 .text.memcpy   0x000062e0       0x1c c:/users/scott/onedrive/documents/sjsu/20a_sp/cmpe146/mp3/mp3-project/toolchains/windows/gcc-arm-none-eabi-8-2019-q3-update/bin/../lib/gcc/arm-none-eabi/8.3.1/../../../../arm-none-eabi/lib/thumb/v7e-m+fp/hard\libg_nano.a(lib_a-memcpy-stub.o)
                0x000062e0                memcpy
 .text.memmove  0x000062fc       0x34 c:/users/scott/onedrive/documents/sjsu/20a_sp/cmpe146/mp3/mp3-project/toolchains/windows/gcc-arm-none-eabi-8-2019-q3-update/bin/../lib/gcc/arm-none-eabi/8.3.1/../../../../arm-none-eabi/lib/thumb/v7e-m+fp/hard\libg_nano.a(lib_a-memmove.o)
                0x000062fc                memmove
 .text.memset   0x00006330       0x10 c:/users/scott/onedrive/documents/sjsu/20a_sp/cmpe146/mp3/mp3-project/toolchains/windows/gcc-arm-none-eabi-8-2019-q3-update/bin/../lib/gcc/arm-none-eabi/8.3.1/../../../../arm-none-eabi/lib/thumb/v7e-m+fp/hard\libg_nano.a(lib_a-memset.o)
                0x00006330                memset
 .text._free_r  0x00006340       0x9c c:/users/scott/onedrive/documents/sjsu/20a_sp/cmpe146/mp3/mp3-project/toolchains/windows/gcc-arm-none-eabi-8-2019-q3-update/bin/../lib/gcc/arm-none-eabi/8.3.1/../../../../arm-none-eabi/lib/thumb/v7e-m+fp/hard\libg_nano.a(lib_a-nano-freer.o)
                0x00006340                _free_r
 .text._malloc_r
                0x000063dc       0xb4 c:/users/scott/onedrive/documents/sjsu/20a_sp/cmpe146/mp3/mp3-project/toolchains/windows/gcc-arm-none-eabi-8-2019-q3-update/bin/../lib/gcc/arm-none-eabi/8.3.1/../../../../arm-none-eabi/lib/thumb/v7e-m+fp/hard\libg_nano.a(lib_a-nano-mallocr.o)
                0x000063dc                _malloc_r
 .text.__sfputc_r
                0x00006490       0x2e c:/users/scott/onedrive/documents/sjsu/20a_sp/cmpe146/mp3/mp3-project/toolchains/windows/gcc-arm-none-eabi-8-2019-q3-update/bin/../lib/gcc/arm-none-eabi/8.3.1/../../../../arm-none-eabi/lib/thumb/v7e-m+fp/hard\libg_nano.a(lib_a-nano-vfprintf.o)
 .text.__sfputs_r
                0x000064be       0x24 c:/users/scott/onedrive/documents/sjsu/20a_sp/cmpe146/mp3/mp3-project/toolchains/windows/gcc-arm-none-eabi-8-2019-q3-update/bin/../lib/gcc/arm-none-eabi/8.3.1/../../../../arm-none-eabi/lib/thumb/v7e-m+fp/hard\libg_nano.a(lib_a-nano-vfprintf.o)
                0x000064be                __sfputs_r
 *fill*         0x000064e2        0x2 ff
 .text._vfprintf_r
                0x000064e4      0x250 c:/users/scott/onedrive/documents/sjsu/20a_sp/cmpe146/mp3/mp3-project/toolchains/windows/gcc-arm-none-eabi-8-2019-q3-update/bin/../lib/gcc/arm-none-eabi/8.3.1/../../../../arm-none-eabi/lib/thumb/v7e-m+fp/hard\libg_nano.a(lib_a-nano-vfprintf.o)
                0x000064e4                _vfprintf_r
                0x000064e4                _vfiprintf_r
 .text.__cvt    0x00006734       0xba c:/users/scott/onedrive/documents/sjsu/20a_sp/cmpe146/mp3/mp3-project/toolchains/windows/gcc-arm-none-eabi-8-2019-q3-update/bin/../lib/gcc/arm-none-eabi/8.3.1/../../../../arm-none-eabi/lib/thumb/v7e-m+fp/hard\libg_nano.a(lib_a-nano-vfprintf_float.o)
                0x00006734                __cvt
 .text.__exponent
                0x000067ee       0x64 c:/users/scott/onedrive/documents/sjsu/20a_sp/cmpe146/mp3/mp3-project/toolchains/windows/gcc-arm-none-eabi-8-2019-q3-update/bin/../lib/gcc/arm-none-eabi/8.3.1/../../../../arm-none-eabi/lib/thumb/v7e-m+fp/hard\libg_nano.a(lib_a-nano-vfprintf_float.o)
                0x000067ee                __exponent
 *fill*         0x00006852        0x2 ff
 .text._printf_float
                0x00006854      0x454 c:/users/scott/onedrive/documents/sjsu/20a_sp/cmpe146/mp3/mp3-project/toolchains/windows/gcc-arm-none-eabi-8-2019-q3-update/bin/../lib/gcc/arm-none-eabi/8.3.1/../../../../arm-none-eabi/lib/thumb/v7e-m+fp/hard\libg_nano.a(lib_a-nano-vfprintf_float.o)
                0x00006854                _printf_float
 .text._printf_common
                0x00006ca8       0xea c:/users/scott/onedrive/documents/sjsu/20a_sp/cmpe146/mp3/mp3-project/toolchains/windows/gcc-arm-none-eabi-8-2019-q3-update/bin/../lib/gcc/arm-none-eabi/8.3.1/../../../../arm-none-eabi/lib/thumb/v7e-m+fp/hard\libg_nano.a(lib_a-nano-vfprintf_i.o)
                0x00006ca8                _printf_common
 *fill*         0x00006d92        0x2 ff
 .text._printf_i
                0x00006d94      0x228 c:/users/scott/onedrive/documents/sjsu/20a_sp/cmpe146/mp3/mp3-project/toolchains/windows/gcc-arm-none-eabi-8-2019-q3-update/bin/../lib/gcc/arm-none-eabi/8.3.1/../../../../arm-none-eabi/lib/thumb/v7e-m+fp/hard\libg_nano.a(lib_a-nano-vfprintf_i.o)
                0x00006d94                _printf_i
 .text._scanf_float
                0x00006fbc      0x3c0 c:/users/scott/onedrive/documents/sjsu/20a_sp/cmpe146/mp3/mp3-project/toolchains/windows/gcc-arm-none-eabi-8-2019-q3-update/bin/../lib/gcc/arm-none-eabi/8.3.1/../../../../arm-none-eabi/lib/thumb/v7e-m+fp/hard\libg_nano.a(lib_a-nano-vfscanf_float.o)
                0x00006fbc                _scanf_float
 .text.printf   0x0000737c       0x30 c:/users/scott/onedrive/documents/sjsu/20a_sp/cmpe146/mp3/mp3-project/toolchains/windows/gcc-arm-none-eabi-8-2019-q3-update/bin/../lib/gcc/arm-none-eabi/8.3.1/../../../../arm-none-eabi/lib/thumb/v7e-m+fp/hard\libg_nano.a(lib_a-printf.o)
                0x0000737c                iprintf
                0x0000737c                printf
 .text.putchar  0x000073ac       0x28 c:/users/scott/onedrive/documents/sjsu/20a_sp/cmpe146/mp3/mp3-project/toolchains/windows/gcc-arm-none-eabi-8-2019-q3-update/bin/../lib/gcc/arm-none-eabi/8.3.1/../../../../arm-none-eabi/lib/thumb/v7e-m+fp/hard\libg_nano.a(lib_a-putchar.o)
                0x000073ac                putchar
 .text._puts_r  0x000073d4       0xdc c:/users/scott/onedrive/documents/sjsu/20a_sp/cmpe146/mp3/mp3-project/toolchains/windows/gcc-arm-none-eabi-8-2019-q3-update/bin/../lib/gcc/arm-none-eabi/8.3.1/../../../../arm-none-eabi/lib/thumb/v7e-m+fp/hard\libg_nano.a(lib_a-puts.o)
                0x000073d4                _puts_r
 .text.puts     0x000074b0       0x10 c:/users/scott/onedrive/documents/sjsu/20a_sp/cmpe146/mp3/mp3-project/toolchains/windows/gcc-arm-none-eabi-8-2019-q3-update/bin/../lib/gcc/arm-none-eabi/8.3.1/../../../../arm-none-eabi/lib/thumb/v7e-m+fp/hard\libg_nano.a(lib_a-puts.o)
                0x000074b0                puts
 .text._sbrk_r  0x000074c0       0x20 c:/users/scott/onedrive/documents/sjsu/20a_sp/cmpe146/mp3/mp3-project/toolchains/windows/gcc-arm-none-eabi-8-2019-q3-update/bin/../lib/gcc/arm-none-eabi/8.3.1/../../../../arm-none-eabi/lib/thumb/v7e-m+fp/hard\libg_nano.a(lib_a-sbrkr.o)
                0x000074c0                _sbrk_r
 .text.setvbuf  0x000074e0      0x184 c:/users/scott/onedrive/documents/sjsu/20a_sp/cmpe146/mp3/mp3-project/toolchains/windows/gcc-arm-none-eabi-8-2019-q3-update/bin/../lib/gcc/arm-none-eabi/8.3.1/../../../../arm-none-eabi/lib/thumb/v7e-m+fp/hard\libg_nano.a(lib_a-setvbuf.o)
                0x000074e0                setvbuf
 .text.nanf     0x00007664        0xc c:/users/scott/onedrive/documents/sjsu/20a_sp/cmpe146/mp3/mp3-project/toolchains/windows/gcc-arm-none-eabi-8-2019-q3-update/bin/../lib/gcc/arm-none-eabi/8.3.1/../../../../arm-none-eabi/lib/thumb/v7e-m+fp/hard\libg_nano.a(lib_a-sf_nan.o)
                0x00007664                nanf
 .text.sprintf  0x00007670       0x40 c:/users/scott/onedrive/documents/sjsu/20a_sp/cmpe146/mp3/mp3-project/toolchains/windows/gcc-arm-none-eabi-8-2019-q3-update/bin/../lib/gcc/arm-none-eabi/8.3.1/../../../../arm-none-eabi/lib/thumb/v7e-m+fp/hard\libg_nano.a(lib_a-sprintf.o)
                0x00007670                siprintf
                0x00007670                sprintf
 .text.strcasecmp
                0x000076b0       0x38 c:/users/scott/onedrive/documents/sjsu/20a_sp/cmpe146/mp3/mp3-project/toolchains/windows/gcc-arm-none-eabi-8-2019-q3-update/bin/../lib/gcc/arm-none-eabi/8.3.1/../../../../arm-none-eabi/lib/thumb/v7e-m+fp/hard\libg_nano.a(lib_a-strcasecmp.o)
                0x000076b0                strcasecmp
 .text.strchr   0x000076e8       0x1a c:/users/scott/onedrive/documents/sjsu/20a_sp/cmpe146/mp3/mp3-project/toolchains/windows/gcc-arm-none-eabi-8-2019-q3-update/bin/../lib/gcc/arm-none-eabi/8.3.1/../../../../arm-none-eabi/lib/thumb/v7e-m+fp/hard\libg_nano.a(lib_a-strchr.o)
                0x000076e8                strchr
 .text          0x00007702       0x10 c:/users/scott/onedrive/documents/sjsu/20a_sp/cmpe146/mp3/mp3-project/toolchains/windows/gcc-arm-none-eabi-8-2019-q3-update/bin/../lib/gcc/arm-none-eabi/8.3.1/../../../../arm-none-eabi/lib/thumb/v7e-m+fp/hard\libg_nano.a(lib_a-strlen.o)
                0x00007702                strlen
 *fill*         0x00007712        0x2 ff
 .text.strncasecmp
                0x00007714       0x44 c:/users/scott/onedrive/documents/sjsu/20a_sp/cmpe146/mp3/mp3-project/toolchains/windows/gcc-arm-none-eabi-8-2019-q3-update/bin/../lib/gcc/arm-none-eabi/8.3.1/../../../../arm-none-eabi/lib/thumb/v7e-m+fp/hard\libg_nano.a(lib_a-strncasecmp.o)
                0x00007714                strncasecmp
 .text.strncmp  0x00007758       0x24 c:/users/scott/onedrive/documents/sjsu/20a_sp/cmpe146/mp3/mp3-project/toolchains/windows/gcc-arm-none-eabi-8-2019-q3-update/bin/../lib/gcc/arm-none-eabi/8.3.1/../../../../arm-none-eabi/lib/thumb/v7e-m+fp/hard\libg_nano.a(lib_a-strncmp.o)
                0x00007758                strncmp
 .text.strncpy  0x0000777c       0x26 c:/users/scott/onedrive/documents/sjsu/20a_sp/cmpe146/mp3/mp3-project/toolchains/windows/gcc-arm-none-eabi-8-2019-q3-update/bin/../lib/gcc/arm-none-eabi/8.3.1/../../../../arm-none-eabi/lib/thumb/v7e-m+fp/hard\libg_nano.a(lib_a-strncpy.o)
                0x0000777c                strncpy
 .text.strstr   0x000077a2       0x2e c:/users/scott/onedrive/documents/sjsu/20a_sp/cmpe146/mp3/mp3-project/toolchains/windows/gcc-arm-none-eabi-8-2019-q3-update/bin/../lib/gcc/arm-none-eabi/8.3.1/../../../../arm-none-eabi/lib/thumb/v7e-m+fp/hard\libg_nano.a(lib_a-strstr.o)
                0x000077a2                strstr
 .text.sulp     0x000077d0       0x38 c:/users/scott/onedrive/documents/sjsu/20a_sp/cmpe146/mp3/mp3-project/toolchains/windows/gcc-arm-none-eabi-8-2019-q3-update/bin/../lib/gcc/arm-none-eabi/8.3.1/../../../../arm-none-eabi/lib/thumb/v7e-m+fp/hard\libg_nano.a(lib_a-strtod.o)
 .text._strtod_l
                0x00007808      0xb98 c:/users/scott/onedrive/documents/sjsu/20a_sp/cmpe146/mp3/mp3-project/toolchains/windows/gcc-arm-none-eabi-8-2019-q3-update/bin/../lib/gcc/arm-none-eabi/8.3.1/../../../../arm-none-eabi/lib/thumb/v7e-m+fp/hard\libg_nano.a(lib_a-strtod.o)
                0x00007808                _strtod_l
 .text._strtod_r
                0x000083a0        0xc c:/users/scott/onedrive/documents/sjsu/20a_sp/cmpe146/mp3/mp3-project/toolchains/windows/gcc-arm-none-eabi-8-2019-q3-update/bin/../lib/gcc/arm-none-eabi/8.3.1/../../../../arm-none-eabi/lib/thumb/v7e-m+fp/hard\libg_nano.a(lib_a-strtod.o)
                0x000083a0                _strtod_r
 .text._strtol_l.isra.0
                0x000083ac       0xf0 c:/users/scott/onedrive/documents/sjsu/20a_sp/cmpe146/mp3/mp3-project/toolchains/windows/gcc-arm-none-eabi-8-2019-q3-update/bin/../lib/gcc/arm-none-eabi/8.3.1/../../../../arm-none-eabi/lib/thumb/v7e-m+fp/hard\libg_nano.a(lib_a-strtol.o)
 .text._strtol_r
                0x0000849c        0x4 c:/users/scott/onedrive/documents/sjsu/20a_sp/cmpe146/mp3/mp3-project/toolchains/windows/gcc-arm-none-eabi-8-2019-q3-update/bin/../lib/gcc/arm-none-eabi/8.3.1/../../../../arm-none-eabi/lib/thumb/v7e-m+fp/hard\libg_nano.a(lib_a-strtol.o)
                0x0000849c                _strtol_r
 .text.strtol   0x000084a0       0x14 c:/users/scott/onedrive/documents/sjsu/20a_sp/cmpe146/mp3/mp3-project/toolchains/windows/gcc-arm-none-eabi-8-2019-q3-update/bin/../lib/gcc/arm-none-eabi/8.3.1/../../../../arm-none-eabi/lib/thumb/v7e-m+fp/hard\libg_nano.a(lib_a-strtol.o)
                0x000084a0                strtol
 .text._vsnprintf_r
                0x000084b4       0x58 c:/users/scott/onedrive/documents/sjsu/20a_sp/cmpe146/mp3/mp3-project/toolchains/windows/gcc-arm-none-eabi-8-2019-q3-update/bin/../lib/gcc/arm-none-eabi/8.3.1/../../../../arm-none-eabi/lib/thumb/v7e-m+fp/hard\libg_nano.a(lib_a-vsnprintf.o)
                0x000084b4                _vsniprintf_r
                0x000084b4                _vsnprintf_r
 .text.vsnprintf
                0x0000850c       0x1c c:/users/scott/onedrive/documents/sjsu/20a_sp/cmpe146/mp3/mp3-project/toolchains/windows/gcc-arm-none-eabi-8-2019-q3-update/bin/../lib/gcc/arm-none-eabi/8.3.1/../../../../arm-none-eabi/lib/thumb/v7e-m+fp/hard\libg_nano.a(lib_a-vsnprintf.o)
                0x0000850c                vsniprintf
                0x0000850c                vsnprintf
 .text._vsscanf_r
                0x00008528       0x48 c:/users/scott/onedrive/documents/sjsu/20a_sp/cmpe146/mp3/mp3-project/toolchains/windows/gcc-arm-none-eabi-8-2019-q3-update/bin/../lib/gcc/arm-none-eabi/8.3.1/../../../../arm-none-eabi/lib/thumb/v7e-m+fp/hard\libg_nano.a(lib_a-vsscanf.o)
                0x00008528                _vsscanf_r
                0x00008528                _vsiscanf_r
 .text.vsscanf  0x00008570       0x14 c:/users/scott/onedrive/documents/sjsu/20a_sp/cmpe146/mp3/mp3-project/toolchains/windows/gcc-arm-none-eabi-8-2019-q3-update/bin/../lib/gcc/arm-none-eabi/8.3.1/../../../../arm-none-eabi/lib/thumb/v7e-m+fp/hard\libg_nano.a(lib_a-vsscanf.o)
                0x00008570                vsiscanf
                0x00008570                vsscanf
 .text.__swbuf_r
                0x00008584       0xa4 c:/users/scott/onedrive/documents/sjsu/20a_sp/cmpe146/mp3/mp3-project/toolchains/windows/gcc-arm-none-eabi-8-2019-q3-update/bin/../lib/gcc/arm-none-eabi/8.3.1/../../../../arm-none-eabi/lib/thumb/v7e-m+fp/hard\libg_nano.a(lib_a-wbuf.o)
                0x00008584                __swbuf_r
 .text.__swsetup_r
                0x00008628       0xdc c:/users/scott/onedrive/documents/sjsu/20a_sp/cmpe146/mp3/mp3-project/toolchains/windows/gcc-arm-none-eabi-8-2019-q3-update/bin/../lib/gcc/arm-none-eabi/8.3.1/../../../../arm-none-eabi/lib/thumb/v7e-m+fp/hard\libg_nano.a(lib_a-wsetup.o)
                0x00008628                __swsetup_r
 .text.quorem   0x00008704      0x112 c:/users/scott/onedrive/documents/sjsu/20a_sp/cmpe146/mp3/mp3-project/toolchains/windows/gcc-arm-none-eabi-8-2019-q3-update/bin/../lib/gcc/arm-none-eabi/8.3.1/../../../../arm-none-eabi/lib/thumb/v7e-m+fp/hard\libg_nano.a(lib_a-dtoa.o)
 *fill*         0x00008816        0x2 ff
 .text._dtoa_r  0x00008818      0xb74 c:/users/scott/onedrive/documents/sjsu/20a_sp/cmpe146/mp3/mp3-project/toolchains/windows/gcc-arm-none-eabi-8-2019-q3-update/bin/../lib/gcc/arm-none-eabi/8.3.1/../../../../arm-none-eabi/lib/thumb/v7e-m+fp/hard\libg_nano.a(lib_a-dtoa.o)
                0x00008818                _dtoa_r
 .text.__sflush_r
                0x0000938c      0x10c c:/users/scott/onedrive/documents/sjsu/20a_sp/cmpe146/mp3/mp3-project/toolchains/windows/gcc-arm-none-eabi-8-2019-q3-update/bin/../lib/gcc/arm-none-eabi/8.3.1/../../../../arm-none-eabi/lib/thumb/v7e-m+fp/hard\libg_nano.a(lib_a-fflush.o)
                0x0000938c                __sflush_r
 .text._fflush_r
                0x00009498       0x78 c:/users/scott/onedrive/documents/sjsu/20a_sp/cmpe146/mp3/mp3-project/toolchains/windows/gcc-arm-none-eabi-8-2019-q3-update/bin/../lib/gcc/arm-none-eabi/8.3.1/../../../../arm-none-eabi/lib/thumb/v7e-m+fp/hard\libg_nano.a(lib_a-fflush.o)
                0x00009498                _fflush_r
 .text.fflush   0x00009510       0x24 c:/users/scott/onedrive/documents/sjsu/20a_sp/cmpe146/mp3/mp3-project/toolchains/windows/gcc-arm-none-eabi-8-2019-q3-update/bin/../lib/gcc/arm-none-eabi/8.3.1/../../../../arm-none-eabi/lib/thumb/v7e-m+fp/hard\libg_nano.a(lib_a-fflush.o)
                0x00009510                fflush
 .text.std      0x00009534       0x48 c:/users/scott/onedrive/documents/sjsu/20a_sp/cmpe146/mp3/mp3-project/toolchains/windows/gcc-arm-none-eabi-8-2019-q3-update/bin/../lib/gcc/arm-none-eabi/8.3.1/../../../../arm-none-eabi/lib/thumb/v7e-m+fp/hard\libg_nano.a(lib_a-findfp.o)
 .text._cleanup_r
                0x0000957c        0xc c:/users/scott/onedrive/documents/sjsu/20a_sp/cmpe146/mp3/mp3-project/toolchains/windows/gcc-arm-none-eabi-8-2019-q3-update/bin/../lib/gcc/arm-none-eabi/8.3.1/../../../../arm-none-eabi/lib/thumb/v7e-m+fp/hard\libg_nano.a(lib_a-findfp.o)
                0x0000957c                _cleanup_r
 .text.__sfmoreglue
                0x00009588       0x2c c:/users/scott/onedrive/documents/sjsu/20a_sp/cmpe146/mp3/mp3-project/toolchains/windows/gcc-arm-none-eabi-8-2019-q3-update/bin/../lib/gcc/arm-none-eabi/8.3.1/../../../../arm-none-eabi/lib/thumb/v7e-m+fp/hard\libg_nano.a(lib_a-findfp.o)
                0x00009588                __sfmoreglue
 .text.__sfp_lock_acquire
                0x000095b4        0xc c:/users/scott/onedrive/documents/sjsu/20a_sp/cmpe146/mp3/mp3-project/toolchains/windows/gcc-arm-none-eabi-8-2019-q3-update/bin/../lib/gcc/arm-none-eabi/8.3.1/../../../../arm-none-eabi/lib/thumb/v7e-m+fp/hard\libg_nano.a(lib_a-findfp.o)
                0x000095b4                __sfp_lock_acquire
 .text.__sfp_lock_release
                0x000095c0        0xc c:/users/scott/onedrive/documents/sjsu/20a_sp/cmpe146/mp3/mp3-project/toolchains/windows/gcc-arm-none-eabi-8-2019-q3-update/bin/../lib/gcc/arm-none-eabi/8.3.1/../../../../arm-none-eabi/lib/thumb/v7e-m+fp/hard\libg_nano.a(lib_a-findfp.o)
                0x000095c0                __sfp_lock_release
 .text.__sinit_lock_acquire
                0x000095cc        0xc c:/users/scott/onedrive/documents/sjsu/20a_sp/cmpe146/mp3/mp3-project/toolchains/windows/gcc-arm-none-eabi-8-2019-q3-update/bin/../lib/gcc/arm-none-eabi/8.3.1/../../../../arm-none-eabi/lib/thumb/v7e-m+fp/hard\libg_nano.a(lib_a-findfp.o)
                0x000095cc                __sinit_lock_acquire
 .text.__sinit_lock_release
                0x000095d8        0xc c:/users/scott/onedrive/documents/sjsu/20a_sp/cmpe146/mp3/mp3-project/toolchains/windows/gcc-arm-none-eabi-8-2019-q3-update/bin/../lib/gcc/arm-none-eabi/8.3.1/../../../../arm-none-eabi/lib/thumb/v7e-m+fp/hard\libg_nano.a(lib_a-findfp.o)
                0x000095d8                __sinit_lock_release
 .text.__sinit  0x000095e4       0x70 c:/users/scott/onedrive/documents/sjsu/20a_sp/cmpe146/mp3/mp3-project/toolchains/windows/gcc-arm-none-eabi-8-2019-q3-update/bin/../lib/gcc/arm-none-eabi/8.3.1/../../../../arm-none-eabi/lib/thumb/v7e-m+fp/hard\libg_nano.a(lib_a-findfp.o)
                0x000095e4                __sinit
 .text.__sfp    0x00009654       0x8c c:/users/scott/onedrive/documents/sjsu/20a_sp/cmpe146/mp3/mp3-project/toolchains/windows/gcc-arm-none-eabi-8-2019-q3-update/bin/../lib/gcc/arm-none-eabi/8.3.1/../../../../arm-none-eabi/lib/thumb/v7e-m+fp/hard\libg_nano.a(lib_a-findfp.o)
                0x00009654                __sfp
 .text._fwalk   0x000096e0       0x38 c:/users/scott/onedrive/documents/sjsu/20a_sp/cmpe146/mp3/mp3-project/toolchains/windows/gcc-arm-none-eabi-8-2019-q3-update/bin/../lib/gcc/arm-none-eabi/8.3.1/../../../../arm-none-eabi/lib/thumb/v7e-m+fp/hard\libg_nano.a(lib_a-fwalk.o)
                0x000096e0                _fwalk
 .text._fwalk_reent
                0x00009718       0x3c c:/users/scott/onedrive/documents/sjsu/20a_sp/cmpe146/mp3/mp3-project/toolchains/windows/gcc-arm-none-eabi-8-2019-q3-update/bin/../lib/gcc/arm-none-eabi/8.3.1/../../../../arm-none-eabi/lib/thumb/v7e-m+fp/hard\libg_nano.a(lib_a-fwalk.o)
                0x00009718                _fwalk_reent
 .text.rshift   0x00009754       0x74 c:/users/scott/onedrive/documents/sjsu/20a_sp/cmpe146/mp3/mp3-project/toolchains/windows/gcc-arm-none-eabi-8-2019-q3-update/bin/../lib/gcc/arm-none-eabi/8.3.1/../../../../arm-none-eabi/lib/thumb/v7e-m+fp/hard\libg_nano.a(lib_a-gdtoa-gethex.o)
 .text.__hexdig_fun
                0x000097c8       0x2a c:/users/scott/onedrive/documents/sjsu/20a_sp/cmpe146/mp3/mp3-project/toolchains/windows/gcc-arm-none-eabi-8-2019-q3-update/bin/../lib/gcc/arm-none-eabi/8.3.1/../../../../arm-none-eabi/lib/thumb/v7e-m+fp/hard\libg_nano.a(lib_a-gdtoa-gethex.o)
                0x000097c8                __hexdig_fun
 *fill*         0x000097f2        0x2 ff
 .text.__gethex
                0x000097f4      0x448 c:/users/scott/onedrive/documents/sjsu/20a_sp/cmpe146/mp3/mp3-project/toolchains/windows/gcc-arm-none-eabi-8-2019-q3-update/bin/../lib/gcc/arm-none-eabi/8.3.1/../../../../arm-none-eabi/lib/thumb/v7e-m+fp/hard\libg_nano.a(lib_a-gdtoa-gethex.o)
                0x000097f4                __gethex
 .text.L_shift  0x00009c3c       0x24 c:/users/scott/onedrive/documents/sjsu/20a_sp/cmpe146/mp3/mp3-project/toolchains/windows/gcc-arm-none-eabi-8-2019-q3-update/bin/../lib/gcc/arm-none-eabi/8.3.1/../../../../arm-none-eabi/lib/thumb/v7e-m+fp/hard\libg_nano.a(lib_a-gdtoa-hexnan.o)
 .text.__match  0x00009c60       0x28 c:/users/scott/onedrive/documents/sjsu/20a_sp/cmpe146/mp3/mp3-project/toolchains/windows/gcc-arm-none-eabi-8-2019-q3-update/bin/../lib/gcc/arm-none-eabi/8.3.1/../../../../arm-none-eabi/lib/thumb/v7e-m+fp/hard\libg_nano.a(lib_a-gdtoa-hexnan.o)
                0x00009c60                __match
 .text.__hexnan
                0x00009c88      0x120 c:/users/scott/onedrive/documents/sjsu/20a_sp/cmpe146/mp3/mp3-project/toolchains/windows/gcc-arm-none-eabi-8-2019-q3-update/bin/../lib/gcc/arm-none-eabi/8.3.1/../../../../arm-none-eabi/lib/thumb/v7e-m+fp/hard\libg_nano.a(lib_a-gdtoa-hexnan.o)
                0x00009c88                __hexnan
 .text._getc_r  0x00009da8       0x80 c:/users/scott/onedrive/documents/sjsu/20a_sp/cmpe146/mp3/mp3-project/toolchains/windows/gcc-arm-none-eabi-8-2019-q3-update/bin/../lib/gcc/arm-none-eabi/8.3.1/../../../../arm-none-eabi/lib/thumb/v7e-m+fp/hard\libg_nano.a(lib_a-getc.o)
                0x00009da8                _getc_r
 .text._localeconv_r
                0x00009e28        0x8 c:/users/scott/onedrive/documents/sjsu/20a_sp/cmpe146/mp3/mp3-project/toolchains/windows/gcc-arm-none-eabi-8-2019-q3-update/bin/../lib/gcc/arm-none-eabi/8.3.1/../../../../arm-none-eabi/lib/thumb/v7e-m+fp/hard\libg_nano.a(lib_a-localeconv.o)
                0x00009e28                _localeconv_r
 .text.__swhatbuf_r
                0x00009e30       0x48 c:/users/scott/onedrive/documents/sjsu/20a_sp/cmpe146/mp3/mp3-project/toolchains/windows/gcc-arm-none-eabi-8-2019-q3-update/bin/../lib/gcc/arm-none-eabi/8.3.1/../../../../arm-none-eabi/lib/thumb/v7e-m+fp/hard\libg_nano.a(lib_a-makebuf.o)
                0x00009e30                __swhatbuf_r
 .text.__smakebuf_r
                0x00009e78       0x80 c:/users/scott/onedrive/documents/sjsu/20a_sp/cmpe146/mp3/mp3-project/toolchains/windows/gcc-arm-none-eabi-8-2019-q3-update/bin/../lib/gcc/arm-none-eabi/8.3.1/../../../../arm-none-eabi/lib/thumb/v7e-m+fp/hard\libg_nano.a(lib_a-makebuf.o)
                0x00009e78                __smakebuf_r
 .text.__ascii_mbtowc
                0x00009ef8       0x24 c:/users/scott/onedrive/documents/sjsu/20a_sp/cmpe146/mp3/mp3-project/toolchains/windows/gcc-arm-none-eabi-8-2019-q3-update/bin/../lib/gcc/arm-none-eabi/8.3.1/../../../../arm-none-eabi/lib/thumb/v7e-m+fp/hard\libg_nano.a(lib_a-mbtowc_r.o)
                0x00009ef8                __ascii_mbtowc
 *fill*         0x00009f1c        0x4 ff
 .text          0x00009f20       0xa0 c:/users/scott/onedrive/documents/sjsu/20a_sp/cmpe146/mp3/mp3-project/toolchains/windows/gcc-arm-none-eabi-8-2019-q3-update/bin/../lib/gcc/arm-none-eabi/8.3.1/../../../../arm-none-eabi/lib/thumb/v7e-m+fp/hard\libg_nano.a(lib_a-memchr.o)
                0x00009f20                memchr
 .text.__malloc_lock
                0x00009fc0        0xc c:/users/scott/onedrive/documents/sjsu/20a_sp/cmpe146/mp3/mp3-project/toolchains/windows/gcc-arm-none-eabi-8-2019-q3-update/bin/../lib/gcc/arm-none-eabi/8.3.1/../../../../arm-none-eabi/lib/thumb/v7e-m+fp/hard\libg_nano.a(lib_a-mlock.o)
                0x00009fc0                __malloc_lock
 .text.__malloc_unlock
                0x00009fcc        0xc c:/users/scott/onedrive/documents/sjsu/20a_sp/cmpe146/mp3/mp3-project/toolchains/windows/gcc-arm-none-eabi-8-2019-q3-update/bin/../lib/gcc/arm-none-eabi/8.3.1/../../../../arm-none-eabi/lib/thumb/v7e-m+fp/hard\libg_nano.a(lib_a-mlock.o)
                0x00009fcc                __malloc_unlock
 .text._Balloc  0x00009fd8       0x68 c:/users/scott/onedrive/documents/sjsu/20a_sp/cmpe146/mp3/mp3-project/toolchains/windows/gcc-arm-none-eabi-8-2019-q3-update/bin/../lib/gcc/arm-none-eabi/8.3.1/../../../../arm-none-eabi/lib/thumb/v7e-m+fp/hard\libg_nano.a(lib_a-mprec.o)
                0x00009fd8                _Balloc
 .text._Bfree   0x0000a040       0x2e c:/users/scott/onedrive/documents/sjsu/20a_sp/cmpe146/mp3/mp3-project/toolchains/windows/gcc-arm-none-eabi-8-2019-q3-update/bin/../lib/gcc/arm-none-eabi/8.3.1/../../../../arm-none-eabi/lib/thumb/v7e-m+fp/hard\libg_nano.a(lib_a-mprec.o)
                0x0000a040                _Bfree
 .text.__multadd
                0x0000a06e       0x76 c:/users/scott/onedrive/documents/sjsu/20a_sp/cmpe146/mp3/mp3-project/toolchains/windows/gcc-arm-none-eabi-8-2019-q3-update/bin/../lib/gcc/arm-none-eabi/8.3.1/../../../../arm-none-eabi/lib/thumb/v7e-m+fp/hard\libg_nano.a(lib_a-mprec.o)
                0x0000a06e                __multadd
 .text.__s2b    0x0000a0e4       0x7c c:/users/scott/onedrive/documents/sjsu/20a_sp/cmpe146/mp3/mp3-project/toolchains/windows/gcc-arm-none-eabi-8-2019-q3-update/bin/../lib/gcc/arm-none-eabi/8.3.1/../../../../arm-none-eabi/lib/thumb/v7e-m+fp/hard\libg_nano.a(lib_a-mprec.o)
                0x0000a0e4                __s2b
 .text.__hi0bits
                0x0000a160       0x40 c:/users/scott/onedrive/documents/sjsu/20a_sp/cmpe146/mp3/mp3-project/toolchains/windows/gcc-arm-none-eabi-8-2019-q3-update/bin/../lib/gcc/arm-none-eabi/8.3.1/../../../../arm-none-eabi/lib/thumb/v7e-m+fp/hard\libg_nano.a(lib_a-mprec.o)
                0x0000a160                __hi0bits
 .text.__lo0bits
                0x0000a1a0       0x60 c:/users/scott/onedrive/documents/sjsu/20a_sp/cmpe146/mp3/mp3-project/toolchains/windows/gcc-arm-none-eabi-8-2019-q3-update/bin/../lib/gcc/arm-none-eabi/8.3.1/../../../../arm-none-eabi/lib/thumb/v7e-m+fp/hard\libg_nano.a(lib_a-mprec.o)
                0x0000a1a0                __lo0bits
 .text.__i2b    0x0000a200       0x12 c:/users/scott/onedrive/documents/sjsu/20a_sp/cmpe146/mp3/mp3-project/toolchains/windows/gcc-arm-none-eabi-8-2019-q3-update/bin/../lib/gcc/arm-none-eabi/8.3.1/../../../../arm-none-eabi/lib/thumb/v7e-m+fp/hard\libg_nano.a(lib_a-mprec.o)
                0x0000a200                __i2b
 .text.__multiply
                0x0000a212      0x120 c:/users/scott/onedrive/documents/sjsu/20a_sp/cmpe146/mp3/mp3-project/toolchains/windows/gcc-arm-none-eabi-8-2019-q3-update/bin/../lib/gcc/arm-none-eabi/8.3.1/../../../../arm-none-eabi/lib/thumb/v7e-m+fp/hard\libg_nano.a(lib_a-mprec.o)
                0x0000a212                __multiply
 *fill*         0x0000a332        0x2 ff
 .text.__pow5mult
                0x0000a334       0x9c c:/users/scott/onedrive/documents/sjsu/20a_sp/cmpe146/mp3/mp3-project/toolchains/windows/gcc-arm-none-eabi-8-2019-q3-update/bin/../lib/gcc/arm-none-eabi/8.3.1/../../../../arm-none-eabi/lib/thumb/v7e-m+fp/hard\libg_nano.a(lib_a-mprec.o)
                0x0000a334                __pow5mult
 .text.__lshift
                0x0000a3d0       0xa6 c:/users/scott/onedrive/documents/sjsu/20a_sp/cmpe146/mp3/mp3-project/toolchains/windows/gcc-arm-none-eabi-8-2019-q3-update/bin/../lib/gcc/arm-none-eabi/8.3.1/../../../../arm-none-eabi/lib/thumb/v7e-m+fp/hard\libg_nano.a(lib_a-mprec.o)
                0x0000a3d0                __lshift
 .text.__mcmp   0x0000a476       0x34 c:/users/scott/onedrive/documents/sjsu/20a_sp/cmpe146/mp3/mp3-project/toolchains/windows/gcc-arm-none-eabi-8-2019-q3-update/bin/../lib/gcc/arm-none-eabi/8.3.1/../../../../arm-none-eabi/lib/thumb/v7e-m+fp/hard\libg_nano.a(lib_a-mprec.o)
                0x0000a476                __mcmp
 .text.__mdiff  0x0000a4aa       0xba c:/users/scott/onedrive/documents/sjsu/20a_sp/cmpe146/mp3/mp3-project/toolchains/windows/gcc-arm-none-eabi-8-2019-q3-update/bin/../lib/gcc/arm-none-eabi/8.3.1/../../../../arm-none-eabi/lib/thumb/v7e-m+fp/hard\libg_nano.a(lib_a-mprec.o)
                0x0000a4aa                __mdiff
 .text.__ulp    0x0000a564       0x4c c:/users/scott/onedrive/documents/sjsu/20a_sp/cmpe146/mp3/mp3-project/toolchains/windows/gcc-arm-none-eabi-8-2019-q3-update/bin/../lib/gcc/arm-none-eabi/8.3.1/../../../../arm-none-eabi/lib/thumb/v7e-m+fp/hard\libg_nano.a(lib_a-mprec.o)
                0x0000a564                __ulp
 .text.__b2d    0x0000a5b0       0xa0 c:/users/scott/onedrive/documents/sjsu/20a_sp/cmpe146/mp3/mp3-project/toolchains/windows/gcc-arm-none-eabi-8-2019-q3-update/bin/../lib/gcc/arm-none-eabi/8.3.1/../../../../arm-none-eabi/lib/thumb/v7e-m+fp/hard\libg_nano.a(lib_a-mprec.o)
                0x0000a5b0                __b2d
 .text.__d2b    0x0000a650       0x9c c:/users/scott/onedrive/documents/sjsu/20a_sp/cmpe146/mp3/mp3-project/toolchains/windows/gcc-arm-none-eabi-8-2019-q3-update/bin/../lib/gcc/arm-none-eabi/8.3.1/../../../../arm-none-eabi/lib/thumb/v7e-m+fp/hard\libg_nano.a(lib_a-mprec.o)
                0x0000a650                __d2b
 .text.__ratio  0x0000a6ec       0x66 c:/users/scott/onedrive/documents/sjsu/20a_sp/cmpe146/mp3/mp3-project/toolchains/windows/gcc-arm-none-eabi-8-2019-q3-update/bin/../lib/gcc/arm-none-eabi/8.3.1/../../../../arm-none-eabi/lib/thumb/v7e-m+fp/hard\libg_nano.a(lib_a-mprec.o)
                0x0000a6ec                __ratio
 .text.__copybits
                0x0000a752       0x34 c:/users/scott/onedrive/documents/sjsu/20a_sp/cmpe146/mp3/mp3-project/toolchains/windows/gcc-arm-none-eabi-8-2019-q3-update/bin/../lib/gcc/arm-none-eabi/8.3.1/../../../../arm-none-eabi/lib/thumb/v7e-m+fp/hard\libg_nano.a(lib_a-mprec.o)
                0x0000a752                __copybits
 .text.__any_on
                0x0000a786       0x42 c:/users/scott/onedrive/documents/sjsu/20a_sp/cmpe146/mp3/mp3-project/toolchains/windows/gcc-arm-none-eabi-8-2019-q3-update/bin/../lib/gcc/arm-none-eabi/8.3.1/../../../../arm-none-eabi/lib/thumb/v7e-m+fp/hard\libg_nano.a(lib_a-mprec.o)
                0x0000a786                __any_on
 .text._calloc_r
                0x0000a7c8       0x1c c:/users/scott/onedrive/documents/sjsu/20a_sp/cmpe146/mp3/mp3-project/toolchains/windows/gcc-arm-none-eabi-8-2019-q3-update/bin/../lib/gcc/arm-none-eabi/8.3.1/../../../../arm-none-eabi/lib/thumb/v7e-m+fp/hard\libg_nano.a(lib_a-nano-callocr.o)
                0x0000a7c8                _calloc_r
 .text._realloc_r
                0x0000a7e4       0x4c c:/users/scott/onedrive/documents/sjsu/20a_sp/cmpe146/mp3/mp3-project/toolchains/windows/gcc-arm-none-eabi-8-2019-q3-update/bin/../lib/gcc/arm-none-eabi/8.3.1/../../../../arm-none-eabi/lib/thumb/v7e-m+fp/hard\libg_nano.a(lib_a-nano-reallocr.o)
                0x0000a7e4                _realloc_r
 .text.__ssputs_r
                0x0000a830       0xb6 c:/users/scott/onedrive/documents/sjsu/20a_sp/cmpe146/mp3/mp3-project/toolchains/windows/gcc-arm-none-eabi-8-2019-q3-update/bin/../lib/gcc/arm-none-eabi/8.3.1/../../../../arm-none-eabi/lib/thumb/v7e-m+fp/hard\libg_nano.a(lib_a-nano-svfprintf.o)
                0x0000a830                __ssputs_r
 *fill*         0x0000a8e6        0x2 ff
 .text._svfprintf_r
                0x0000a8e8      0x1f0 c:/users/scott/onedrive/documents/sjsu/20a_sp/cmpe146/mp3/mp3-project/toolchains/windows/gcc-arm-none-eabi-8-2019-q3-update/bin/../lib/gcc/arm-none-eabi/8.3.1/../../../../arm-none-eabi/lib/thumb/v7e-m+fp/hard\libg_nano.a(lib_a-nano-svfprintf.o)
                0x0000a8e8                _svfiprintf_r
                0x0000a8e8                _svfprintf_r
 .text._sungetc_r
                0x0000aad8       0x7a c:/users/scott/onedrive/documents/sjsu/20a_sp/cmpe146/mp3/mp3-project/toolchains/windows/gcc-arm-none-eabi-8-2019-q3-update/bin/../lib/gcc/arm-none-eabi/8.3.1/../../../../arm-none-eabi/lib/thumb/v7e-m+fp/hard\libg_nano.a(lib_a-nano-svfscanf.o)
                0x0000aad8                _sungetc_r
 .text.__ssrefill_r
                0x0000ab52       0x3a c:/users/scott/onedrive/documents/sjsu/20a_sp/cmpe146/mp3/mp3-project/toolchains/windows/gcc-arm-none-eabi-8-2019-q3-update/bin/../lib/gcc/arm-none-eabi/8.3.1/../../../../arm-none-eabi/lib/thumb/v7e-m+fp/hard\libg_nano.a(lib_a-nano-svfscanf.o)
                0x0000ab52                __ssrefill_r
 .text.__ssvfscanf_r
                0x0000ab8c      0x290 c:/users/scott/onedrive/documents/sjsu/20a_sp/cmpe146/mp3/mp3-project/toolchains/windows/gcc-arm-none-eabi-8-2019-q3-update/bin/../lib/gcc/arm-none-eabi/8.3.1/../../../../arm-none-eabi/lib/thumb/v7e-m+fp/hard\libg_nano.a(lib_a-nano-svfscanf.o)
                0x0000ab8c                __ssvfiscanf_r
                0x0000ab8c                __ssvfscanf_r
 .text._scanf_chars
                0x0000ae1c       0xb0 c:/users/scott/onedrive/documents/sjsu/20a_sp/cmpe146/mp3/mp3-project/toolchains/windows/gcc-arm-none-eabi-8-2019-q3-update/bin/../lib/gcc/arm-none-eabi/8.3.1/../../../../arm-none-eabi/lib/thumb/v7e-m+fp/hard\libg_nano.a(lib_a-nano-vfscanf_i.o)
                0x0000ae1c                _scanf_chars
 .text._scanf_i
                0x0000aecc      0x1e8 c:/users/scott/onedrive/documents/sjsu/20a_sp/cmpe146/mp3/mp3-project/toolchains/windows/gcc-arm-none-eabi-8-2019-q3-update/bin/../lib/gcc/arm-none-eabi/8.3.1/../../../../arm-none-eabi/lib/thumb/v7e-m+fp/hard\libg_nano.a(lib_a-nano-vfscanf_i.o)
                0x0000aecc                _scanf_i
 .text._putc_r  0x0000b0b4       0x90 c:/users/scott/onedrive/documents/sjsu/20a_sp/cmpe146/mp3/mp3-project/toolchains/windows/gcc-arm-none-eabi-8-2019-q3-update/bin/../lib/gcc/arm-none-eabi/8.3.1/../../../../arm-none-eabi/lib/thumb/v7e-m+fp/hard\libg_nano.a(lib_a-putc.o)
                0x0000b0b4                _putc_r
 .text.__srget_r
                0x0000b144       0x58 c:/users/scott/onedrive/documents/sjsu/20a_sp/cmpe146/mp3/mp3-project/toolchains/windows/gcc-arm-none-eabi-8-2019-q3-update/bin/../lib/gcc/arm-none-eabi/8.3.1/../../../../arm-none-eabi/lib/thumb/v7e-m+fp/hard\libg_nano.a(lib_a-rget.o)
                0x0000b144                __srget_r
 *fill*         0x0000b19c        0x4 ff
 .text.nan      0x0000b1a0       0x10 c:/users/scott/onedrive/documents/sjsu/20a_sp/cmpe146/mp3/mp3-project/toolchains/windows/gcc-arm-none-eabi-8-2019-q3-update/bin/../lib/gcc/arm-none-eabi/8.3.1/../../../../arm-none-eabi/lib/thumb/v7e-m+fp/hard\libg_nano.a(lib_a-s_nan.o)
                0x0000b1a0                nan
 .text.__sccl   0x0000b1b0       0x64 c:/users/scott/onedrive/documents/sjsu/20a_sp/cmpe146/mp3/mp3-project/toolchains/windows/gcc-arm-none-eabi-8-2019-q3-update/bin/../lib/gcc/arm-none-eabi/8.3.1/../../../../arm-none-eabi/lib/thumb/v7e-m+fp/hard\libg_nano.a(lib_a-sccl.o)
                0x0000b1b0                __sccl
 .text.__sread  0x0000b214       0x22 c:/users/scott/onedrive/documents/sjsu/20a_sp/cmpe146/mp3/mp3-project/toolchains/windows/gcc-arm-none-eabi-8-2019-q3-update/bin/../lib/gcc/arm-none-eabi/8.3.1/../../../../arm-none-eabi/lib/thumb/v7e-m+fp/hard\libg_nano.a(lib_a-stdio.o)
                0x0000b214                __sread
 .text.__seofread
                0x0000b236        0x4 c:/users/scott/onedrive/documents/sjsu/20a_sp/cmpe146/mp3/mp3-project/toolchains/windows/gcc-arm-none-eabi-8-2019-q3-update/bin/../lib/gcc/arm-none-eabi/8.3.1/../../../../arm-none-eabi/lib/thumb/v7e-m+fp/hard\libg_nano.a(lib_a-stdio.o)
                0x0000b236                __seofread
 .text.__swrite
                0x0000b23a       0x38 c:/users/scott/onedrive/documents/sjsu/20a_sp/cmpe146/mp3/mp3-project/toolchains/windows/gcc-arm-none-eabi-8-2019-q3-update/bin/../lib/gcc/arm-none-eabi/8.3.1/../../../../arm-none-eabi/lib/thumb/v7e-m+fp/hard\libg_nano.a(lib_a-stdio.o)
                0x0000b23a                __swrite
 .text.__sseek  0x0000b272       0x24 c:/users/scott/onedrive/documents/sjsu/20a_sp/cmpe146/mp3/mp3-project/toolchains/windows/gcc-arm-none-eabi-8-2019-q3-update/bin/../lib/gcc/arm-none-eabi/8.3.1/../../../../arm-none-eabi/lib/thumb/v7e-m+fp/hard\libg_nano.a(lib_a-stdio.o)
                0x0000b272                __sseek
 .text.__sclose
                0x0000b296        0x8 c:/users/scott/onedrive/documents/sjsu/20a_sp/cmpe146/mp3/mp3-project/toolchains/windows/gcc-arm-none-eabi-8-2019-q3-update/bin/../lib/gcc/arm-none-eabi/8.3.1/../../../../arm-none-eabi/lib/thumb/v7e-m+fp/hard\libg_nano.a(lib_a-stdio.o)
                0x0000b296                __sclose
 *fill*         0x0000b29e        0x2 ff
 .text._strtoul_l.isra.0
                0x0000b2a0       0xec c:/users/scott/onedrive/documents/sjsu/20a_sp/cmpe146/mp3/mp3-project/toolchains/windows/gcc-arm-none-eabi-8-2019-q3-update/bin/../lib/gcc/arm-none-eabi/8.3.1/../../../../arm-none-eabi/lib/thumb/v7e-m+fp/hard\libg_nano.a(lib_a-strtoul.o)
 .text._strtoul_r
                0x0000b38c        0x4 c:/users/scott/onedrive/documents/sjsu/20a_sp/cmpe146/mp3/mp3-project/toolchains/windows/gcc-arm-none-eabi-8-2019-q3-update/bin/../lib/gcc/arm-none-eabi/8.3.1/../../../../arm-none-eabi/lib/thumb/v7e-m+fp/hard\libg_nano.a(lib_a-strtoul.o)
                0x0000b38c                _strtoul_r
 .text.__submore
                0x0000b390       0x74 c:/users/scott/onedrive/documents/sjsu/20a_sp/cmpe146/mp3/mp3-project/toolchains/windows/gcc-arm-none-eabi-8-2019-q3-update/bin/../lib/gcc/arm-none-eabi/8.3.1/../../../../arm-none-eabi/lib/thumb/v7e-m+fp/hard\libg_nano.a(lib_a-ungetc.o)
                0x0000b390                __submore
 .text.__ascii_wctomb
                0x0000b404       0x1a c:/users/scott/onedrive/documents/sjsu/20a_sp/cmpe146/mp3/mp3-project/toolchains/windows/gcc-arm-none-eabi-8-2019-q3-update/bin/../lib/gcc/arm-none-eabi/8.3.1/../../../../arm-none-eabi/lib/thumb/v7e-m+fp/hard\libg_nano.a(lib_a-wctomb_r.o)
                0x0000b404                __ascii_wctomb
 *fill*         0x0000b41e        0x2 ff
 .text._write_r
                0x0000b420       0x24 c:/users/scott/onedrive/documents/sjsu/20a_sp/cmpe146/mp3/mp3-project/toolchains/windows/gcc-arm-none-eabi-8-2019-q3-update/bin/../lib/gcc/arm-none-eabi/8.3.1/../../../../arm-none-eabi/lib/thumb/v7e-m+fp/hard\libg_nano.a(lib_a-writer.o)
                0x0000b420                _write_r
 .text._close_r
                0x0000b444       0x20 c:/users/scott/onedrive/documents/sjsu/20a_sp/cmpe146/mp3/mp3-project/toolchains/windows/gcc-arm-none-eabi-8-2019-q3-update/bin/../lib/gcc/arm-none-eabi/8.3.1/../../../../arm-none-eabi/lib/thumb/v7e-m+fp/hard\libg_nano.a(lib_a-closer.o)
                0x0000b444                _close_r
 .text._fstat_r
                0x0000b464       0x24 c:/users/scott/onedrive/documents/sjsu/20a_sp/cmpe146/mp3/mp3-project/toolchains/windows/gcc-arm-none-eabi-8-2019-q3-update/bin/../lib/gcc/arm-none-eabi/8.3.1/../../../../arm-none-eabi/lib/thumb/v7e-m+fp/hard\libg_nano.a(lib_a-fstatr.o)
                0x0000b464                _fstat_r
 .text._isatty_r
                0x0000b488       0x20 c:/users/scott/onedrive/documents/sjsu/20a_sp/cmpe146/mp3/mp3-project/toolchains/windows/gcc-arm-none-eabi-8-2019-q3-update/bin/../lib/gcc/arm-none-eabi/8.3.1/../../../../arm-none-eabi/lib/thumb/v7e-m+fp/hard\libg_nano.a(lib_a-isattyr.o)
                0x0000b488                _isatty_r
 .text._lseek_r
                0x0000b4a8       0x24 c:/users/scott/onedrive/documents/sjsu/20a_sp/cmpe146/mp3/mp3-project/toolchains/windows/gcc-arm-none-eabi-8-2019-q3-update/bin/../lib/gcc/arm-none-eabi/8.3.1/../../../../arm-none-eabi/lib/thumb/v7e-m+fp/hard\libg_nano.a(lib_a-lseekr.o)
                0x0000b4a8                _lseek_r
 .text._malloc_usable_size_r
                0x0000b4cc       0x10 c:/users/scott/onedrive/documents/sjsu/20a_sp/cmpe146/mp3/mp3-project/toolchains/windows/gcc-arm-none-eabi-8-2019-q3-update/bin/../lib/gcc/arm-none-eabi/8.3.1/../../../../arm-none-eabi/lib/thumb/v7e-m+fp/hard\libg_nano.a(lib_a-nano-msizer.o)
                0x0000b4cc                _malloc_usable_size_r
 .text._read_r  0x0000b4dc       0x24 c:/users/scott/onedrive/documents/sjsu/20a_sp/cmpe146/mp3/mp3-project/toolchains/windows/gcc-arm-none-eabi-8-2019-q3-update/bin/../lib/gcc/arm-none-eabi/8.3.1/../../../../arm-none-eabi/lib/thumb/v7e-m+fp/hard\libg_nano.a(lib_a-readr.o)
                0x0000b4dc                _read_r
 .text.lflush   0x0000b500       0x12 c:/users/scott/onedrive/documents/sjsu/20a_sp/cmpe146/mp3/mp3-project/toolchains/windows/gcc-arm-none-eabi-8-2019-q3-update/bin/../lib/gcc/arm-none-eabi/8.3.1/../../../../arm-none-eabi/lib/thumb/v7e-m+fp/hard\libg_nano.a(lib_a-refill.o)
 *fill*         0x0000b512        0x2 ff
 .text.__srefill_r
                0x0000b514      0x118 c:/users/scott/onedrive/documents/sjsu/20a_sp/cmpe146/mp3/mp3-project/toolchains/windows/gcc-arm-none-eabi-8-2019-q3-update/bin/../lib/gcc/arm-none-eabi/8.3.1/../../../../arm-none-eabi/lib/thumb/v7e-m+fp/hard\libg_nano.a(lib_a-refill.o)
                0x0000b514                __srefill_r
 .text          0x0000b62c      0x378 c:/users/scott/onedrive/documents/sjsu/20a_sp/cmpe146/mp3/mp3-project/toolchains/windows/gcc-arm-none-eabi-8-2019-q3-update/bin/../lib/gcc/arm-none-eabi/8.3.1/thumb/v7e-m+fp/hard\libgcc.a(_arm_addsubdf3.o)
                0x0000b62c                __aeabi_drsub
                0x0000b634                __aeabi_dsub
                0x0000b634                __subdf3
                0x0000b638                __aeabi_dadd
                0x0000b638                __adddf3
                0x0000b8b0                __floatunsidf
                0x0000b8b0                __aeabi_ui2d
                0x0000b8d0                __floatsidf
                0x0000b8d0                __aeabi_i2d
                0x0000b8f4                __aeabi_f2d
                0x0000b8f4                __extendsfdf2
                0x0000b938                __floatundidf
                0x0000b938                __aeabi_ul2d
                0x0000b948                __floatdidf
                0x0000b948                __aeabi_l2d