Archive member included to satisfy reference by file (symbol)

/home/gauravkuppa24/Documents/School/2020/CMPE_146/mp3-project/toolchains/linux/gcc-arm-none-eabi-8-2019-q3-update/bin/../lib/gcc/arm-none-eabi/8.3.1/thumb/v7e-m+fp/hard/libgcc.a(_aeabi_ldivmod.o)
                              _build_lpc40xx_freertos/obj/uart.o (__aeabi_ldivmod)
/home/gauravkuppa24/Documents/School/2020/CMPE_146/mp3-project/toolchains/linux/gcc-arm-none-eabi-8-2019-q3-update/bin/../lib/gcc/arm-none-eabi/8.3.1/thumb/v7e-m+fp/hard/libgcc.a(_aeabi_uldivmod.o)
                              _build_lpc40xx_freertos/obj/delay.o (__aeabi_uldivmod)
/home/gauravkuppa24/Documents/School/2020/CMPE_146/mp3-project/toolchains/linux/gcc-arm-none-eabi-8-2019-q3-update/bin/../lib/gcc/arm-none-eabi/8.3.1/thumb/v7e-m+fp/hard/libgcc.a(_udivmoddi4.o)
                              /home/gauravkuppa24/Documents/School/2020/CMPE_146/mp3-project/toolchains/linux/gcc-arm-none-eabi-8-2019-q3-update/bin/../lib/gcc/arm-none-eabi/8.3.1/thumb/v7e-m+fp/hard/libgcc.a(_aeabi_ldivmod.o) (__udivmoddi4)
/home/gauravkuppa24/Documents/School/2020/CMPE_146/mp3-project/toolchains/linux/gcc-arm-none-eabi-8-2019-q3-update/bin/../lib/gcc/arm-none-eabi/8.3.1/thumb/v7e-m+fp/hard/libgcc.a(_dvmd_tls.o)
                              /home/gauravkuppa24/Documents/School/2020/CMPE_146/mp3-project/toolchains/linux/gcc-arm-none-eabi-8-2019-q3-update/bin/../lib/gcc/arm-none-eabi/8.3.1/thumb/v7e-m+fp/hard/libgcc.a(_aeabi_ldivmod.o) (__aeabi_ldiv0)
/home/gauravkuppa24/Documents/School/2020/CMPE_146/mp3-project/toolchains/linux/gcc-arm-none-eabi-8-2019-q3-update/bin/../lib/gcc/arm-none-eabi/8.3.1/../../../../arm-none-eabi/lib/thumb/v7e-m+fp/hard/libg_nano.a(lib_a-atof.o)
                              _build_lpc40xx_freertos/obj/sl_string.o (atof)
/home/gauravkuppa24/Documents/School/2020/CMPE_146/mp3-project/toolchains/linux/gcc-arm-none-eabi-8-2019-q3-update/bin/../lib/gcc/arm-none-eabi/8.3.1/../../../../arm-none-eabi/lib/thumb/v7e-m+fp/hard/libg_nano.a(lib_a-atoi.o)
                              _build_lpc40xx_freertos/obj/sl_string.o (atoi)
/home/gauravkuppa24/Documents/School/2020/CMPE_146/mp3-project/toolchains/linux/gcc-arm-none-eabi-8-2019-q3-update/bin/../lib/gcc/arm-none-eabi/8.3.1/../../../../arm-none-eabi/lib/thumb/v7e-m+fp/hard/libg_nano.a(lib_a-clock.o)
                              _build_lpc40xx_freertos/obj/main.o (clock)
/home/gauravkuppa24/Documents/School/2020/CMPE_146/mp3-project/toolchains/linux/gcc-arm-none-eabi-8-2019-q3-update/bin/../lib/gcc/arm-none-eabi/8.3.1/../../../../arm-none-eabi/lib/thumb/v7e-m+fp/hard/libg_nano.a(lib_a-ctype_.o)
                              _build_lpc40xx_freertos/obj/sl_string.o (_ctype_)
/home/gauravkuppa24/Documents/School/2020/CMPE_146/mp3-project/toolchains/linux/gcc-arm-none-eabi-8-2019-q3-update/bin/../lib/gcc/arm-none-eabi/8.3.1/../../../../arm-none-eabi/lib/thumb/v7e-m+fp/hard/libg_nano.a(lib_a-fprintf.o)
                              _build_lpc40xx_freertos/obj/interrupt_vector_table.o (fprintf)
/home/gauravkuppa24/Documents/School/2020/CMPE_146/mp3-project/toolchains/linux/gcc-arm-none-eabi-8-2019-q3-update/bin/../lib/gcc/arm-none-eabi/8.3.1/../../../../arm-none-eabi/lib/thumb/v7e-m+fp/hard/libg_nano.a(lib_a-fputc.o)
                              _build_lpc40xx_freertos/obj/lcd_lab.o (fputc)
/home/gauravkuppa24/Documents/School/2020/CMPE_146/mp3-project/toolchains/linux/gcc-arm-none-eabi-8-2019-q3-update/bin/../lib/gcc/arm-none-eabi/8.3.1/../../../../arm-none-eabi/lib/thumb/v7e-m+fp/hard/libg_nano.a(lib_a-fputs.o)
                              _build_lpc40xx_freertos/obj/entry_point.o (fputs)
/home/gauravkuppa24/Documents/School/2020/CMPE_146/mp3-project/toolchains/linux/gcc-arm-none-eabi-8-2019-q3-update/bin/../lib/gcc/arm-none-eabi/8.3.1/../../../../arm-none-eabi/lib/thumb/v7e-m+fp/hard/libg_nano.a(lib_a-getchar.o)
                              _build_lpc40xx_freertos/obj/sj2_cli.o (getchar)
/home/gauravkuppa24/Documents/School/2020/CMPE_146/mp3-project/toolchains/linux/gcc-arm-none-eabi-8-2019-q3-update/bin/../lib/gcc/arm-none-eabi/8.3.1/../../../../arm-none-eabi/lib/thumb/v7e-m+fp/hard/libg_nano.a(lib_a-impure.o)
                              _build_lpc40xx_freertos/obj/entry_point.o (_impure_ptr)
/home/gauravkuppa24/Documents/School/2020/CMPE_146/mp3-project/toolchains/linux/gcc-arm-none-eabi-8-2019-q3-update/bin/../lib/gcc/arm-none-eabi/8.3.1/../../../../arm-none-eabi/lib/thumb/v7e-m+fp/hard/libg_nano.a(lib_a-lock.o)
                              /home/gauravkuppa24/Documents/School/2020/CMPE_146/mp3-project/toolchains/linux/gcc-arm-none-eabi-8-2019-q3-update/bin/../lib/gcc/arm-none-eabi/8.3.1/../../../../arm-none-eabi/lib/thumb/v7e-m+fp/hard/libg_nano.a(lib_a-fputc.o) (__retarget_lock_acquire_recursive)
[...]
Memory Configuration

Name             Origin             Length             Attributes
flash_512k       0x0000000000000000 0x0000000000080000 xr
ram_64k          0x0000000010000000 0x0000000000010000 xrw
ram_32k          0x0000000020000000 0x0000000000008000 xrw
*default*        0x0000000000000000 0xffffffffffffffff

Linker script and memory map

LOAD _build_lpc40xx_freertos/obj/entry_point.o
LOAD _build_lpc40xx_freertos/obj/interrupt_vector_table.o
LOAD _build_lpc40xx_freertos/obj/clock.o
LOAD _build_lpc40xx_freertos/obj/crash.o
LOAD _build_lpc40xx_freertos/obj/startup.o
LOAD _build_lpc40xx_freertos/obj/syscall.o
LOAD _build_lpc40xx_freertos/obj/bone_yard.o
LOAD _build_lpc40xx_freertos/obj/gpio_isr.o
LOAD _build_lpc40xx_freertos/obj/lcd.o
LOAD _build_lpc40xx_freertos/obj/lcd_1.o
LOAD _build_lpc40xx_freertos/obj/lcd_lab.o
LOAD _build_lpc40xx_freertos/obj/main.o
LOAD _build_lpc40xx_freertos/obj/main_mp3.o
LOAD _build_lpc40xx_freertos/obj/rtos_hooks.o
LOAD _build_lpc40xx_freertos/obj/periodic_callbacks.o
LOAD _build_lpc40xx_freertos/obj/periodic_scheduler.o
LOAD _build_lpc40xx_freertos/obj/sl_string.o
LOAD _build_lpc40xx_freertos/obj/leightweight_lock.o
LOAD _build_lpc40xx_freertos/obj/delay.o
LOAD _build_lpc40xx_freertos/obj/peripherals_init.o
LOAD _build_lpc40xx_freertos/obj/ssp2_mutex.o
LOAD _build_lpc40xx_freertos/obj/sys_time.o
LOAD _build_lpc40xx_freertos/obj/uart_printf.o
LOAD _build_lpc40xx_freertos/obj/app_cli.o
LOAD _build_lpc40xx_freertos/obj/sj2_cli.o
LOAD _build_lpc40xx_freertos/obj/handler_i2c.o
LOAD _build_lpc40xx_freertos/obj/handlers_general.o
LOAD _build_lpc40xx_freertos/obj/acceleration.o
LOAD _build_lpc40xx_freertos/obj/sensors.o
LOAD _build_lpc40xx_freertos/obj/system_calls.o
LOAD _build_lpc40xx_freertos/obj/file_io_example.o
LOAD _build_lpc40xx_freertos/obj/ff.o
LOAD _build_lpc40xx_freertos/obj/ffsystem.o
LOAD _build_lpc40xx_freertos/obj/ffunicode.o
LOAD _build_lpc40xx_freertos/obj/disk_glue_logic.o
LOAD _build_lpc40xx_freertos/obj/fatfs_time.o
LOAD _build_lpc40xx_freertos/obj/sd_card.o
LOAD _build_lpc40xx_freertos/obj/adc.o
LOAD _build_lpc40xx_freertos/obj/board_io.o
LOAD _build_lpc40xx_freertos/obj/gpio.o
LOAD _build_lpc40xx_freertos/obj/gpio_lab.o
LOAD _build_lpc40xx_freertos/obj/hw_timer.o
LOAD _build_lpc40xx_freertos/obj/i2c.o
LOAD _build_lpc40xx_freertos/obj/i2c_slave_init.o
LOAD _build_lpc40xx_freertos/obj/lpc_peripherals.o
LOAD _build_lpc40xx_freertos/obj/pwm1.o
LOAD _build_lpc40xx_freertos/obj/ssp0.o
LOAD _build_lpc40xx_freertos/obj/ssp1_lab.o
LOAD _build_lpc40xx_freertos/obj/ssp2.o
LOAD _build_lpc40xx_freertos/obj/uart.o
LOAD _build_lpc40xx_freertos/obj/uart_lab.o
LOAD _build_lpc40xx_freertos/obj/freertos_interrupt_handlers.o
LOAD _build_lpc40xx_freertos/obj/heap_3.o
LOAD _build_lpc40xx_freertos/obj/port.o
LOAD _build_lpc40xx_freertos/obj/croutine.o
LOAD _build_lpc40xx_freertos/obj/event_groups.o
LOAD _build_lpc40xx_freertos/obj/list.o
LOAD _build_lpc40xx_freertos/obj/queue.o
LOAD _build_lpc40xx_freertos/obj/stream_buffer.o
LOAD _build_lpc40xx_freertos/obj/tasks.o
LOAD _build_lpc40xx_freertos/obj/timers.o
LOAD /home/gauravkuppa24/Documents/School/2020/CMPE_146/mp3-project/toolchains/linux/gcc-arm-none-eabi-8-2019-q3-update/bin/../lib/gcc/arm-none-eabi/8.3.1/../../../../arm-none-eabi/lib/thumb/v7e-m+fp/hard/libm.a
START GROUP
LOAD /home/gauravkuppa24/Documents/School/2020/CMPE_146/mp3-project/toolchains/linux/gcc-arm-none-eabi-8-2019-q3-update/bin/../lib/gcc/arm-none-eabi/8.3.1/thumb/v7e-m+fp/hard/libgcc.a
LOAD /home/gauravkuppa24/Documents/School/2020/CMPE_146/mp3-project/toolchains/linux/gcc-arm-none-eabi-8-2019-q3-update/bin/../lib/gcc/arm-none-eabi/8.3.1/../../../../arm-none-eabi/lib/thumb/v7e-m+fp/hard/libg_nano.a
LOAD /home/gauravkuppa24/Documents/School/2020/CMPE_146/mp3-project/toolchains/linux/gcc-arm-none-eabi-8-2019-q3-update/bin/../lib/gcc/arm-none-eabi/8.3.1/../../../../arm-none-eabi/lib/thumb/v7e-m+fp/hard/libc_nano.a
END GROUP
START GROUP
LOAD /home/gauravkuppa24/Documents/School/2020/CMPE_146/mp3-project/toolchains/linux/gcc-arm-none-eabi-8-2019-q3-update/bin/../lib/gcc/arm-none-eabi/8.3.1/thumb/v7e-m+fp/hard/libgcc.a
LOAD /home/gauravkuppa24/Documents/School/2020/CMPE_146/mp3-project/toolchains/linux/gcc-arm-none-eabi-8-2019-q3-update/bin/../lib/gcc/arm-none-eabi/8.3.1/../../../../arm-none-eabi/lib/thumb/v7e-m+fp/hard/libc_nano.a
LOAD /home/gauravkuppa24/Documents/School/2020/CMPE_146/mp3-project/toolchains/linux/gcc-arm-none-eabi-8-2019-q3-update/bin/../lib/gcc/arm-none-eabi/8.3.1/../../../../arm-none-eabi/lib/thumb/v7e-m+fp/hard/libnosys.a
END GROUP
START GROUP
LOAD /home/gauravkuppa24/Documents/School/2020/CMPE_146/mp3-project/toolchains/linux/gcc-arm-none-eabi-8-2019-q3-update/bin/../lib/gcc/arm-none-eabi/8.3.1/thumb/v7e-m+fp/hard/libgcc.a
LOAD /home/gauravkuppa24/Documents/School/2020/CMPE_146/mp3-project/toolchains/linux/gcc-arm-none-eabi-8-2019-q3-update/bin/../lib/gcc/arm-none-eabi/8.3.1/../../../../arm-none-eabi/lib/thumb/v7e-m+fp/hard/libc_nano.a
LOAD /home/gauravkuppa24/Documents/School/2020/CMPE_146/mp3-project/toolchains/linux/gcc-arm-none-eabi-8-2019-q3-update/bin/../lib/gcc/arm-none-eabi/8.3.1/../../../../arm-none-eabi/lib/thumb/v7e-m+fp/hard/libnosys.a
END GROUP
                0x0000000000000000                __base_flash = ORIGIN (flash_512k)
                0x0000000000080000                __top_flash = (__base_flash + LENGTH (flash_512k))
                0x0000000010000000                __base_ram_64k = ORIGIN (ram_64k)
                0x0000000010010000                __top_ram_64k = (__base_ram_64k + LENGTH (ram_64k))
                0x0000000020000000                __base_ram_32k = ORIGIN (ram_32k)
                0x0000000020008000                __top_ram_32k = (__base_ram_32k + LENGTH (ram_32k))

.text           0x0000000000000000     0xeddc
 FILL mask 0xff
 *(.interrupt_vector_table)
 .interrupt_vector_table
                0x0000000000000000       0xe4 _build_lpc40xx_freertos/obj/interrupt_vector_table.o
                0x0000000000000000                interrupt_vector_table
                0x00000000000000e4                . = ALIGN (0x4)
 *(.init)
                0x00000000000000e4                . = ALIGN (0x4)
                0x00000000000000e4                __preinit_array_start = .
 *(.preinit_array)
                0x00000000000000e4                __preinit_array_end = .
                0x00000000000000e4                . = ALIGN (0x4)
                0x00000000000000e4                __init_array_start = .
 *(SORT_BY_NAME(.init_array.*))
 *(.init_array)
                0x00000000000000e4                __init_array_end = .
 *(.fini)
                0x00000000000000e4                . = ALIGN (0x4)
 *crtbegin.o(.ctors)
 *(EXCLUDE_FILE(*crtend.o) .ctors)
 *(SORT_BY_NAME(.ctors.*))
 *crtend.o(.ctors)
                0x00000000000000e4                . = ALIGN (0x4)
 *crtbegin.o(.dtors)
 *(EXCLUDE_FILE(*crtend.o) .dtors)
 *(SORT_BY_NAME(.dtors.*))
 *crtend.o(.dtors)
 *(.text*)
 .text.entry_point
                0x00000000000000e4       0x74 _build_lpc40xx_freertos/obj/entry_point.o
                0x00000000000000e4                entry_point
 .text.isr_hard_fault
                0x0000000000000158       0x1a _build_lpc40xx_freertos/obj/interrupt_vector_table.o
 *fill*         0x0000000000000172        0x2 ff
 .text.halt     0x0000000000000174       0x5c _build_lpc40xx_freertos/obj/interrupt_vector_table.o
 .text.isr_hard_fault_handler
                0x00000000000001d0       0x4c _build_lpc40xx_freertos/obj/interrupt_vector_table.o
                0x00000000000001d0                isr_hard_fault_handler
 .text.clock__get_core_clock_hz
                0x000000000000021c        0x8 _build_lpc40xx_freertos/obj/clock.o
                0x000000000000021c                clock__get_core_clock_hz
 .text.clock__get_peripheral_clock_hz
                0x0000000000000224        0x8 _build_lpc40xx_freertos/obj/clock.o
                0x0000000000000224                clock__get_peripheral_clock_hz
 .text.clock__initialize_system_clock_96mhz
                0x000000000000022c       0x40 _build_lpc40xx_freertos/obj/clock.o
                0x000000000000022c                clock__initialize_system_clock_96mhz
 .text.crash__record_get
                0x000000000000026c       0x18 _build_lpc40xx_freertos/obj/crash.o
                0x000000000000026c                crash__record_get
 .text.crash__report_if_occurred
                0x0000000000000284       0xc0 _build_lpc40xx_freertos/obj/crash.o
                0x0000000000000284                crash__report_if_occurred
 .text.startup__initialize_ram
                0x0000000000000344       0x3c _build_lpc40xx_freertos/obj/startup.o
                0x0000000000000344                startup__initialize_ram
 .text.startup__initialize_fpu
                0x0000000000000380       0x14 _build_lpc40xx_freertos/obj/startup.o
                0x0000000000000380                startup__initialize_fpu
 .text.startup__initialize_interrupts
                0x0000000000000394       0x18 _build_lpc40xx_freertos/obj/startup.o
                0x0000000000000394                startup__initialize_interrupts
 .text._sbrk    0x00000000000003ac       0x54 _build_lpc40xx_freertos/obj/syscall.o
                0x00000000000003ac                _sbrk
 .text.gpio0__attach_interrupt
                0x0000000000000400       0x30 _build_lpc40xx_freertos/obj/gpio_isr.o
                0x0000000000000400                gpio0__attach_interrupt
 .text.get_pin  0x0000000000000430       0x3c _build_lpc40xx_freertos/obj/gpio_isr.o
                0x0000000000000430                get_pin
 .text.clear_pin_interrupt
                0x000000000000046c       0x20 _build_lpc40xx_freertos/obj/gpio_isr.o
                0x000000000000046c                clear_pin_interrupt
 .text.gpio0__interrupt_dispatcher
                0x000000000000048c       0x20 _build_lpc40xx_freertos/obj/gpio_isr.o
                0x000000000000048c                gpio0__interrupt_dispatcher
 .text.pulse_clock
                0x00000000000004ac       0x38 _build_lpc40xx_freertos/obj/lcd.o
                0x00000000000004ac                pulse_clock
 .text.write_8_bit_mode
                0x00000000000004e4      0x154 _build_lpc40xx_freertos/obj/lcd.o
                0x00000000000004e4                write_8_bit_mode
 .text.lcd_init
                0x0000000000000638      0x130 _build_lpc40xx_freertos/obj/lcd.o
                0x0000000000000638                lcd_init
 .text.lcd_write_char
                0x0000000000000768        0x6 _build_lpc40xx_freertos/obj/lcd.o
                0x0000000000000768                lcd_write_char
 .text.lcd_write_string
                0x000000000000076e       0x1c _build_lpc40xx_freertos/obj/lcd.o
                0x000000000000076e                lcd_write_string
 .text.lcd_clear_display
                0x000000000000078a        0x8 _build_lpc40xx_freertos/obj/lcd.o
                0x000000000000078a                lcd_clear_display
 *fill*         0x0000000000000792        0x2 ff
 .text.lcd_build_menu
                0x0000000000000794       0x34 _build_lpc40xx_freertos/obj/lcd.o
                0x0000000000000794                lcd_build_menu
 .text.lcd_move_menu
                0x00000000000007c8       0x78 _build_lpc40xx_freertos/obj/lcd.o
                0x00000000000007c8                lcd_move_menu
 .text.mp3_reader_task
                0x0000000000000840       0xc0 _build_lpc40xx_freertos/obj/main.o
                0x0000000000000840                mp3_reader_task
 .text.mp3_player_task
                0x0000000000000900       0x84 _build_lpc40xx_freertos/obj/main.o
                0x0000000000000900                mp3_player_task
 .text.song_control_task
                0x0000000000000984       0x84 _build_lpc40xx_freertos/obj/main.o
                0x0000000000000984                song_control_task
 .text.pin01_isr
                0x0000000000000a08       0x20 _build_lpc40xx_freertos/obj/main.o
                0x0000000000000a08                pin01_isr
 .text.pin09_isr
                0x0000000000000a28       0x20 _build_lpc40xx_freertos/obj/main.o
                0x0000000000000a28                pin09_isr
 .text.pin10_isr
                0x0000000000000a48       0x20 _build_lpc40xx_freertos/obj/main.o
                0x0000000000000a48                pin10_isr
 .text.pin25_isr
                0x0000000000000a68       0x20 _build_lpc40xx_freertos/obj/main.o
                0x0000000000000a68                pin25_isr
 .text.pin07_isr
                0x0000000000000a88       0x64 _build_lpc40xx_freertos/obj/main.o
                0x0000000000000a88                pin07_isr
 .text.i2c_slave_callback__read_memory
                0x0000000000000aec       0x1c _build_lpc40xx_freertos/obj/main.o
                0x0000000000000aec                i2c_slave_callback__read_memory
 .text.i2c_slave_callback__write_memory
                0x0000000000000b08       0x24 _build_lpc40xx_freertos/obj/main.o
                0x0000000000000b08                i2c_slave_callback__write_memory
 .text.song_list__populate
                0x0000000000000b2c       0x74 _build_lpc40xx_freertos/obj/main.o
                0x0000000000000b2c                song_list__populate
 .text.pause_play
                0x0000000000000ba0       0x8c _build_lpc40xx_freertos/obj/main.o
                0x0000000000000ba0                pause_play
 .text.select   0x0000000000000c2c       0xd8 _build_lpc40xx_freertos/obj/main.o
                0x0000000000000c2c                select
 .text.back     0x0000000000000d04       0x70 _build_lpc40xx_freertos/obj/main.o
                0x0000000000000d04                back
 .text.mp3write
                0x0000000000000d74       0x98 _build_lpc40xx_freertos/obj/main.o
                0x0000000000000d74                mp3write
 .text.buttonup
                0x0000000000000e0c      0x120 _build_lpc40xx_freertos/obj/main.o
                0x0000000000000e0c                buttonup
 .text.buttondown
                0x0000000000000f2c      0x178 _build_lpc40xx_freertos/obj/main.o
                0x0000000000000f2c                buttondown
 .text.button_interrupt_task
                0x00000000000010a4       0xf0 _build_lpc40xx_freertos/obj/main.o
                0x00000000000010a4                button_interrupt_task
 .text.mp3read  0x0000000000001194       0xac _build_lpc40xx_freertos/obj/main.o
                0x0000000000001194                mp3read
 .text.button_init
                0x0000000000001240      0x124 _build_lpc40xx_freertos/obj/main.o
                0x0000000000001240                button_init
 .text.startup.main
                0x0000000000001364      0x420 _build_lpc40xx_freertos/obj/main.o
                0x0000000000001364                main
 .text.vApplicationStackOverflowHook
                0x0000000000001784       0x1c _build_lpc40xx_freertos/obj/rtos_hooks.o
                0x0000000000001784                vApplicationStackOverflowHook
 .text.vApplicationMallocFailedHook
                0x00000000000017a0       0x10 _build_lpc40xx_freertos/obj/rtos_hooks.o
                0x00000000000017a0                vApplicationMallocFailedHook
 .text.vApplicationIdleHook
                0x00000000000017b0       0x10 _build_lpc40xx_freertos/obj/rtos_hooks.o
                0x00000000000017b0                vApplicationIdleHook
 .text.configASSERT_callback
                0x00000000000017c0       0x40 _build_lpc40xx_freertos/obj/rtos_hooks.o
                0x00000000000017c0                configASSERT_callback
 .text.vApplicationGetIdleTaskMemory
                0x0000000000001800       0x18 _build_lpc40xx_freertos/obj/rtos_hooks.o
                0x0000000000001800                vApplicationGetIdleTaskMemory
 .text.freertos_hooks__get_run_time_counter_value
                0x0000000000001818       0x14 _build_lpc40xx_freertos/obj/rtos_hooks.o
                0x0000000000001818                freertos_hooks__get_run_time_counter_value
 .text.freertos_hooks__reset_run_time_stats
                0x000000000000182c       0x14 _build_lpc40xx_freertos/obj/rtos_hooks.o
                0x000000000000182c                freertos_hooks__reset_run_time_stats
 .text.sl_string__initialize
                0x0000000000001840       0x28 _build_lpc40xx_freertos/obj/sl_string.o
                0x0000000000001840                sl_string__initialize
 .text.sl_string__get_capacity
                0x0000000000001868       0x12 _build_lpc40xx_freertos/obj/sl_string.o
                0x0000000000001868                sl_string__get_capacity
 .text.sl_string__get_capacity_including_null_char
                0x000000000000187a        0xc _build_lpc40xx_freertos/obj/sl_string.o
                0x000000000000187a                sl_string__get_capacity_including_null_char
 .text.sl_string__get_length
                0x0000000000001886        0xc _build_lpc40xx_freertos/obj/sl_string.o
                0x0000000000001886                sl_string__get_length
 .text.sl_string__is_full
                0x0000000000001892       0x1a _build_lpc40xx_freertos/obj/sl_string.o
                0x0000000000001892                sl_string__is_full
 .text.sl_string__to_int
                0x00000000000018ac        0x4 _build_lpc40xx_freertos/obj/sl_string.o
                0x00000000000018ac                sl_string__to_int
 .text.sl_string__clear
                0x00000000000018b0        0x6 _build_lpc40xx_freertos/obj/sl_string.o
                0x00000000000018b0                sl_string__clear
 .text.sl_string__vprintf
                0x00000000000018b6       0x1c _build_lpc40xx_freertos/obj/sl_string.o
                0x00000000000018b6                sl_string__vprintf
 .text.sl_string__printf
                0x00000000000018d2       0x1a _build_lpc40xx_freertos/obj/sl_string.o
                0x00000000000018d2                sl_string__printf
 .text.sl_string__scanf
                0x00000000000018ec       0x22 _build_lpc40xx_freertos/obj/sl_string.o
                0x00000000000018ec                sl_string__scanf
 .text.sl_string__set
                0x000000000000190e       0x2e _build_lpc40xx_freertos/obj/sl_string.o
                0x000000000000190e                sl_string__set
 .text.sl_string__initialize_from
                0x000000000000193c       0x16 _build_lpc40xx_freertos/obj/sl_string.o
                0x000000000000193c                sl_string__initialize_from
 .text.sl_string__insert_at
                0x0000000000001952       0x54 _build_lpc40xx_freertos/obj/sl_string.o
                0x0000000000001952                sl_string__insert_at
 .text.sl_string__append
                0x00000000000019a6       0x38 _build_lpc40xx_freertos/obj/sl_string.o
                0x00000000000019a6                sl_string__append
 .text.sl_string__append_char
                0x00000000000019de       0x18 _build_lpc40xx_freertos/obj/sl_string.o
                0x00000000000019de                sl_string__append_char
 .text.sl_string__equals_to_ignore_case
                0x00000000000019f6       0x14 _build_lpc40xx_freertos/obj/sl_string.o
                0x00000000000019f6                sl_string__equals_to_ignore_case
 .text.sl_string__begins_with_limited_chars
                0x0000000000001a0a       0x28 _build_lpc40xx_freertos/obj/sl_string.o
                0x0000000000001a0a                sl_string__begins_with_limited_chars
 .text.sl_string__begins_with_ignore_case
                0x0000000000001a32       0x2e _build_lpc40xx_freertos/obj/sl_string.o
                0x0000000000001a32                sl_string__begins_with_ignore_case
 .text.sl_string__begins_with_whole_word
                0x0000000000001a60       0x44 _build_lpc40xx_freertos/obj/sl_string.o
                0x0000000000001a60                sl_string__begins_with_whole_word
 .text.sl_string__ends_with_newline
                0x0000000000001aa4       0x22 _build_lpc40xx_freertos/obj/sl_string.o
                0x0000000000001aa4                sl_string__ends_with_newline
 .text.sl_string__erase_after
                0x0000000000001ac6       0x38 _build_lpc40xx_freertos/obj/sl_string.o
                0x0000000000001ac6                sl_string__erase_after
 .text.sl_string__erase_first
                0x0000000000001afe        0x8 _build_lpc40xx_freertos/obj/sl_string.o
                0x0000000000001afe                sl_string__erase_first
 .text.sl_string__erase_last
                0x0000000000001b06       0x22 _build_lpc40xx_freertos/obj/sl_string.o
                0x0000000000001b06                sl_string__erase_last
 .text.sl_string__erase_at_substring
                0x0000000000001b28       0x1c _build_lpc40xx_freertos/obj/sl_string.o
                0x0000000000001b28                sl_string__erase_at_substring
 .text.sl_string__erase_first_word
                0x0000000000001b44       0x1c _build_lpc40xx_freertos/obj/sl_string.o
                0x0000000000001b44                sl_string__erase_first_word
 .text.sl_string__erase_int
                0x0000000000001b60       0x50 _build_lpc40xx_freertos/obj/sl_string.o
                0x0000000000001b60                sl_string__erase_int
 .text.sl_string__trim_end
                0x0000000000001bb0       0x40 _build_lpc40xx_freertos/obj/sl_string.o
                0x0000000000001bb0                sl_string__trim_end
 .text.delay__us
                0x0000000000001bf0       0x40 _build_lpc40xx_freertos/obj/delay.o
                0x0000000000001bf0                delay__us
 .text.delay__ms
                0x0000000000001c30        0xc _build_lpc40xx_freertos/obj/delay.o
                0x0000000000001c30                delay__ms
 .text.peripherals_init
                0x0000000000001c3c      0x110 _build_lpc40xx_freertos/obj/peripherals_init.o
                0x0000000000001c3c                peripherals_init
 .text.spi2_mutex__acquire
                0x0000000000001d4c       0x34 _build_lpc40xx_freertos/obj/ssp2_mutex.o
                0x0000000000001d4c                spi2_mutex__acquire
 .text.spi2_mutex__release
                0x0000000000001d80       0x24 _build_lpc40xx_freertos/obj/ssp2_mutex.o
                0x0000000000001d80                spi2_mutex__release
 .text.sys_time__one_minute_isr
                0x0000000000001da4       0x24 _build_lpc40xx_freertos/obj/sys_time.o
 .text.sys_time__init
                0x0000000000001dc8       0x2c _build_lpc40xx_freertos/obj/sys_time.o
                0x0000000000001dc8                sys_time__init
 .text.sys_time__get_uptime_us
                0x0000000000001df4       0x2c _build_lpc40xx_freertos/obj/sys_time.o
                0x0000000000001df4                sys_time__get_uptime_us
 .text.sys_time__get_uptime_ms
                0x0000000000001e20       0x12 _build_lpc40xx_freertos/obj/sys_time.o
                0x0000000000001e20                sys_time__get_uptime_ms
 .text.uart_printf__polled
                0x0000000000001e32       0x44 _build_lpc40xx_freertos/obj/uart_printf.o
                0x0000000000001e32                uart_printf__polled
 .text.uart_puts__polled
                0x0000000000001e76       0x2a _build_lpc40xx_freertos/obj/uart_printf.o
                0x0000000000001e76                uart_puts__polled
 .text.app_cli__private_print_list_of_all_commands
                0x0000000000001ea0       0x98 _build_lpc40xx_freertos/obj/app_cli.o
 .text.app_cli__initialize
                0x0000000000001f38       0x16 _build_lpc40xx_freertos/obj/app_cli.o
                0x0000000000001f38                app_cli__initialize
 .text.app_cli__add_command_handler
                0x0000000000001f4e        0xa _build_lpc40xx_freertos/obj/app_cli.o
                0x0000000000001f4e                app_cli__add_command_handler
 .text.app_cli__process_input
                0x0000000000001f58      0x134 _build_lpc40xx_freertos/obj/app_cli.o
                0x0000000000001f58                app_cli__process_input
 .text.sj2_cli__output_function
                0x000000000000208c       0x12 _build_lpc40xx_freertos/obj/sj2_cli.o
 *fill*         0x000000000000209e        0x2 ff
 .text.sj2_cli__task
                0x00000000000020a0       0x78 _build_lpc40xx_freertos/obj/sj2_cli.o
 .text.sj2_cli__init
                0x0000000000002118       0x94 _build_lpc40xx_freertos/obj/sj2_cli.o
                0x0000000000002118                sj2_cli__init
 .text.cli__i2c_read
                0x00000000000021ac       0xc8 _build_lpc40xx_freertos/obj/handler_i2c.o
 .text.cli__i2c_write
                0x0000000000002274       0xe8 _build_lpc40xx_freertos/obj/handler_i2c.o
 .text.cli__i2c
                0x000000000000235c       0x48 _build_lpc40xx_freertos/obj/handler_i2c.o
                0x000000000000235c                cli__i2c
 .text.cli__crash_me
                0x00000000000023a4       0x10 _build_lpc40xx_freertos/obj/handlers_general.o
                0x00000000000023a4                cli__crash_me
 .text.cli__task_list
                0x00000000000023b4       0xdc _build_lpc40xx_freertos/obj/handlers_general.o
                0x00000000000023b4                cli__task_list
 .text.cli__mp3_play
                0x0000000000002490       0x28 _build_lpc40xx_freertos/obj/handlers_general.o
                0x0000000000002490                cli__mp3_play
 .text.cli__task_control
                0x00000000000024b8       0x70 _build_lpc40xx_freertos/obj/handlers_general.o
                0x00000000000024b8                cli__task_control
 .text.acceleration__init
                0x0000000000002528       0x22 _build_lpc40xx_freertos/obj/acceleration.o
                0x0000000000002528                acceleration__init
 .text.sensors__init
                0x000000000000254a        0x4 _build_lpc40xx_freertos/obj/sensors.o
                0x000000000000254a                sensors__init
 .text.system_calls__print_and_halt
                0x000000000000254e       0x1e _build_lpc40xx_freertos/obj/system_calls.o
 .text._isatty  0x000000000000256c       0x28 _build_lpc40xx_freertos/obj/system_calls.o
                0x000000000000256c                _isatty
 .text._write   0x0000000000002594       0x70 _build_lpc40xx_freertos/obj/system_calls.o
                0x0000000000002594                _write
 .text._read    0x0000000000002604       0x1c _build_lpc40xx_freertos/obj/system_calls.o
                0x0000000000002604                _read
 .text.ld_dword
                0x0000000000002620       0x10 _build_lpc40xx_freertos/obj/ff.o
 .text.st_dword
                0x0000000000002630       0x10 _build_lpc40xx_freertos/obj/ff.o
 .text.mem_cmp  0x0000000000002640       0x1c _build_lpc40xx_freertos/obj/ff.o
 .text.clst2sect
                0x000000000000265c       0x16 _build_lpc40xx_freertos/obj/ff.o
 .text.sum_sfn  0x0000000000002672       0x1e _build_lpc40xx_freertos/obj/ff.o
 .text.get_ldnumber
                0x0000000000002690       0x2a _build_lpc40xx_freertos/obj/ff.o
 .text.mem_cpy.part.0
                0x00000000000026ba       0x12 _build_lpc40xx_freertos/obj/ff.o
 .text.ld_clust.isra.3
                0x00000000000026cc       0x1c _build_lpc40xx_freertos/obj/ff.o
 .text.st_clust.isra.4
                0x00000000000026e8       0x18 _build_lpc40xx_freertos/obj/ff.o
 .text.sync_window.part.6
                0x0000000000002700       0x40 _build_lpc40xx_freertos/obj/ff.o
 .text.move_window
                0x0000000000002740       0x44 _build_lpc40xx_freertos/obj/ff.o
 .text.check_fs
                0x0000000000002784       0x74 _build_lpc40xx_freertos/obj/ff.o
 .text.find_volume
                0x00000000000027f8      0x2c0 _build_lpc40xx_freertos/obj/ff.o
 .text.put_fat  0x0000000000002ab8       0xf8 _build_lpc40xx_freertos/obj/ff.o
 .text.get_fat.isra.10
                0x0000000000002bb0       0xb4 _build_lpc40xx_freertos/obj/ff.o
 .text.dir_sdi  0x0000000000002c64       0x82 _build_lpc40xx_freertos/obj/ff.o
 .text.create_chain
                0x0000000000002ce6       0xe8 _build_lpc40xx_freertos/obj/ff.o
 .text.remove_chain
                0x0000000000002dce       0x6e _build_lpc40xx_freertos/obj/ff.o
 .text.unlock_fs
                0x0000000000002e3c       0x16 _build_lpc40xx_freertos/obj/ff.o
 .text.validate
                0x0000000000002e52       0x50 _build_lpc40xx_freertos/obj/ff.o
 .text.get_fileinfo
                0x0000000000002ea2      0x13c _build_lpc40xx_freertos/obj/ff.o
 .text.dir_clear
                0x0000000000002fde       0x5c _build_lpc40xx_freertos/obj/ff.o
 .text.dir_next
                0x000000000000303a       0xaa _build_lpc40xx_freertos/obj/ff.o
 .text.dir_find
                0x00000000000030e4      0x148 _build_lpc40xx_freertos/obj/ff.o
 .text.dir_read.constprop.15
                0x000000000000322c      0x11c _build_lpc40xx_freertos/obj/ff.o
 .text.follow_path
                0x0000000000003348      0x294 _build_lpc40xx_freertos/obj/ff.o
 .text.sync_fs  0x00000000000035dc       0xa0 _build_lpc40xx_freertos/obj/ff.o
 .text.dir_register
                0x000000000000367c      0x288 _build_lpc40xx_freertos/obj/ff.o
 .text.f_mount  0x0000000000003904       0x70 _build_lpc40xx_freertos/obj/ff.o
                0x0000000000003904                f_mount
 .text.f_open   0x0000000000003974      0x1cc _build_lpc40xx_freertos/obj/ff.o
                0x0000000000003974                f_open
 .text.f_read   0x0000000000003b40      0x17c _build_lpc40xx_freertos/obj/ff.o
                0x0000000000003b40                f_read
 .text.f_sync   0x0000000000003cbc       0xa2 _build_lpc40xx_freertos/obj/ff.o
                0x0000000000003cbc                f_sync
 .text.f_close  0x0000000000003d5e       0x28 _build_lpc40xx_freertos/obj/ff.o
                0x0000000000003d5e                f_close
 .text.f_opendir
                0x0000000000003d86       0x7e _build_lpc40xx_freertos/obj/ff.o
                0x0000000000003d86                f_opendir
 .text.f_closedir
                0x0000000000003e04       0x1e _build_lpc40xx_freertos/obj/ff.o
                0x0000000000003e04                f_closedir
 .text.f_readdir
                0x0000000000003e22       0x5a _build_lpc40xx_freertos/obj/ff.o
                0x0000000000003e22                f_readdir
 .text.ff_cre_syncobj
                0x0000000000003e7c       0x14 _build_lpc40xx_freertos/obj/ffsystem.o
                0x0000000000003e7c                ff_cre_syncobj
 .text.ff_del_syncobj
                0x0000000000003e90        0xa _build_lpc40xx_freertos/obj/ffsystem.o
                0x0000000000003e90                ff_del_syncobj
 .text.ff_req_grant
                0x0000000000003e9a       0x12 _build_lpc40xx_freertos/obj/ffsystem.o
                0x0000000000003e9a                ff_req_grant
 .text.ff_rel_grant
                0x0000000000003eac        0xa _build_lpc40xx_freertos/obj/ffsystem.o
                0x0000000000003eac                ff_rel_grant
 *fill*         0x0000000000003eb6        0x2 ff
 .text.ff_uni2oem
                0x0000000000003eb8       0x40 _build_lpc40xx_freertos/obj/ffunicode.o
                0x0000000000003eb8                ff_uni2oem
 .text.ff_oem2uni
                0x0000000000003ef8       0x28 _build_lpc40xx_freertos/obj/ffunicode.o
                0x0000000000003ef8                ff_oem2uni
 .text.ff_wtoupper
                0x0000000000003f20       0x8c _build_lpc40xx_freertos/obj/ffunicode.o
                0x0000000000003f20                ff_wtoupper
 .text.disk_initialize
                0x0000000000003fac       0x1c _build_lpc40xx_freertos/obj/disk_glue_logic.o
                0x0000000000003fac                disk_initialize
 .text.disk_status
                0x0000000000003fc8        0xa _build_lpc40xx_freertos/obj/disk_glue_logic.o
                0x0000000000003fc8                disk_status
 .text.disk_read
                0x0000000000003fd2       0x28 _build_lpc40xx_freertos/obj/disk_glue_logic.o
                0x0000000000003fd2                disk_read
 .text.disk_write
                0x0000000000003ffa       0x28 _build_lpc40xx_freertos/obj/disk_glue_logic.o
                0x0000000000003ffa                disk_write
 .text.disk_ioctl
                0x0000000000004022       0x24 _build_lpc40xx_freertos/obj/disk_glue_logic.o
                0x0000000000004022                disk_ioctl
 .text.get_fattime
                0x0000000000004046        0x4 _build_lpc40xx_freertos/obj/fatfs_time.o
                0x0000000000004046                get_fattime
 .text.sd_card__wait_for_ready
                0x000000000000404a       0x28 _build_lpc40xx_freertos/obj/sd_card.o
 *fill*         0x0000000000004072        0x2 ff
 .text.sd_card__power_off
                0x0000000000004074       0x20 _build_lpc40xx_freertos/obj/sd_card.o
 .text.sd_card__transmit_datablock
                0x0000000000004094       0x5a _build_lpc40xx_freertos/obj/sd_card.o
 .text.sd_card__send_command
                0x00000000000040ee       0x86 _build_lpc40xx_freertos/obj/sd_card.o
 .text.sd_card__read_datablock
                0x0000000000004174       0x42 _build_lpc40xx_freertos/obj/sd_card.o
 *fill*         0x00000000000041b6        0x2 ff
 .text.sd_card__update_status
                0x00000000000041b8       0x20 _build_lpc40xx_freertos/obj/sd_card.o
                0x00000000000041b8                sd_card__update_status
 .text.sd_card__initialize
                0x00000000000041d8      0x13c _build_lpc40xx_freertos/obj/sd_card.o
                0x00000000000041d8                sd_card__initialize
 .text.sd_card__status
                0x0000000000004314       0x10 _build_lpc40xx_freertos/obj/sd_card.o
                0x0000000000004314                sd_card__status
 .text.sd_card__read
                0x0000000000004324       0x8c _build_lpc40xx_freertos/obj/sd_card.o
                0x0000000000004324                sd_card__read
 .text.sd_card__write
                0x00000000000043b0       0xa8 _build_lpc40xx_freertos/obj/sd_card.o
                0x00000000000043b0                sd_card__write
 .text.sd_card__ioctl
                0x0000000000004458      0x200 _build_lpc40xx_freertos/obj/sd_card.o
                0x0000000000004458                sd_card__ioctl
 .text.board_io__initialize
                0x0000000000004658      0x100 _build_lpc40xx_freertos/obj/board_io.o
                0x0000000000004658                board_io__initialize
 .text.board_io__sd_card_cs
                0x0000000000004758       0x10 _build_lpc40xx_freertos/obj/board_io.o
                0x0000000000004758                board_io__sd_card_cs
 .text.board_io__sd_card_ds
                0x0000000000004768       0x10 _build_lpc40xx_freertos/obj/board_io.o
                0x0000000000004768                board_io__sd_card_ds
 .text.board_io__sd_card_is_present
                0x0000000000004778       0x14 _build_lpc40xx_freertos/obj/board_io.o
                0x0000000000004778                board_io__sd_card_is_present
 .text.board_io__get_led0
                0x000000000000478c       0x24 _build_lpc40xx_freertos/obj/board_io.o
                0x000000000000478c                board_io__get_led0
 .text.board_io__get_led1
                0x00000000000047b0       0x24 _build_lpc40xx_freertos/obj/board_io.o
                0x00000000000047b0                board_io__get_led1
 .text.board_io__get_led2
                0x00000000000047d4       0x24 _build_lpc40xx_freertos/obj/board_io.o
                0x00000000000047d4                board_io__get_led2
 .text.board_io__get_led3
                0x00000000000047f8       0x24 _build_lpc40xx_freertos/obj/board_io.o
                0x00000000000047f8                board_io__get_led3
 .text.gpio__set_function
                0x000000000000481c       0x30 _build_lpc40xx_freertos/obj/gpio.o
                0x000000000000481c                gpio__set_function
 .text.gpio__construct_with_function
                0x000000000000484c       0x1e _build_lpc40xx_freertos/obj/gpio.o
                0x000000000000484c                gpio__construct_with_function
 .text.gpio__enable_open_drain
                0x000000000000486a       0x26 _build_lpc40xx_freertos/obj/gpio.o
                0x000000000000486a                gpio__enable_open_drain
 .text.gpio__set_as_input
                0x0000000000004890       0x28 _build_lpc40xx_freertos/obj/gpio.o
                0x0000000000004890                gpio__set_as_input
 .text.gpio__construct_as_input
                0x00000000000048b8       0x1c _build_lpc40xx_freertos/obj/gpio.o
                0x00000000000048b8                gpio__construct_as_input
 .text.gpio__set_as_output
                0x00000000000048d4       0x24 _build_lpc40xx_freertos/obj/gpio.o
                0x00000000000048d4                gpio__set_as_output
 .text.gpio__construct_as_output
                0x00000000000048f8       0x1c _build_lpc40xx_freertos/obj/gpio.o
                0x00000000000048f8                gpio__construct_as_output
 .text.gpio__get
                0x0000000000004914       0x28 _build_lpc40xx_freertos/obj/gpio.o
                0x0000000000004914                gpio__get
 .text.gpio__set
                0x000000000000493c       0x1c _build_lpc40xx_freertos/obj/gpio.o
                0x000000000000493c                gpio__set
 .text.gpio__reset
                0x0000000000004958       0x1c _build_lpc40xx_freertos/obj/gpio.o
                0x0000000000004958                gpio__reset
 .text.gpio__toggle
                0x0000000000004974       0x26 _build_lpc40xx_freertos/obj/gpio.o
                0x0000000000004974                gpio__toggle
 *fill*         0x000000000000499a        0x2 ff
 .text.hw_timer__enable
                0x000000000000499c       0x48 _build_lpc40xx_freertos/obj/hw_timer.o
                0x000000000000499c                hw_timer__enable
 .text.hw_timer__enable_match_isr
                0x00000000000049e4       0x24 _build_lpc40xx_freertos/obj/hw_timer.o
                0x00000000000049e4                hw_timer__enable_match_isr
 .text.hw_timer__acknowledge_interrupt
                0x0000000000004a08       0x14 _build_lpc40xx_freertos/obj/hw_timer.o
                0x0000000000004a08                hw_timer__acknowledge_interrupt
 .text.hw_timer__get_value
                0x0000000000004a1c       0x10 _build_lpc40xx_freertos/obj/hw_timer.o
                0x0000000000004a1c                hw_timer__get_value
 .text.hw_timer__set_value
                0x0000000000004a2c       0x10 _build_lpc40xx_freertos/obj/hw_timer.o
                0x0000000000004a2c                hw_timer__set_value
 .text.i2c__transfer_unprotected
                0x0000000000004a3c       0x5e _build_lpc40xx_freertos/obj/i2c.o
 *fill*         0x0000000000004a9a        0x2 ff
 .text.i2c__handle_interrupt
                0x0000000000004a9c      0x18c _build_lpc40xx_freertos/obj/i2c.o
 .text.i2c2_isr
                0x0000000000004c28        0xc _build_lpc40xx_freertos/obj/i2c.o
 .text.i2c1_isr
                0x0000000000004c34        0xc _build_lpc40xx_freertos/obj/i2c.o
 .text.i2c0_isr
                0x0000000000004c40        0xc _build_lpc40xx_freertos/obj/i2c.o
 .text.i2c__initialize
                0x0000000000004c4c       0xb4 _build_lpc40xx_freertos/obj/i2c.o
                0x0000000000004c4c                i2c__initialize
 .text.i2c__read_slave_data
                0x0000000000004d00       0x54 _build_lpc40xx_freertos/obj/i2c.o
                0x0000000000004d00                i2c__read_slave_data
 .text.i2c__read_single
                0x0000000000004d54       0x1e _build_lpc40xx_freertos/obj/i2c.o
                0x0000000000004d54                i2c__read_single
 *fill*         0x0000000000004d72        0x2 ff
 .text.i2c__write_slave_data
                0x0000000000004d74       0x50 _build_lpc40xx_freertos/obj/i2c.o
                0x0000000000004d74                i2c__write_slave_data
 .text.i2c__detect
                0x0000000000004dc4       0x18 _build_lpc40xx_freertos/obj/i2c.o
                0x0000000000004dc4                i2c__detect
 .text.i2c__write_single
                0x0000000000004ddc       0x18 _build_lpc40xx_freertos/obj/i2c.o
                0x0000000000004ddc                i2c__write_single
 .text.lpc_peripheral__halt_handler
                0x0000000000004df4        0x2 _build_lpc40xx_freertos/obj/lpc_peripherals.o
 *fill*         0x0000000000004df6        0x2 ff
 .text.lpc_peripheral__interrupt_dispatcher
                0x0000000000004df8       0x34 _build_lpc40xx_freertos/obj/lpc_peripherals.o
                0x0000000000004df8                lpc_peripheral__interrupt_dispatcher
 .text.lpc_peripheral__turn_on_power_to
                0x0000000000004e2c       0x24 _build_lpc40xx_freertos/obj/lpc_peripherals.o
                0x0000000000004e2c                lpc_peripheral__turn_on_power_to
 .text.lpc_peripheral__is_powered_on
                0x0000000000004e50       0x24 _build_lpc40xx_freertos/obj/lpc_peripherals.o
                0x0000000000004e50                lpc_peripheral__is_powered_on
 .text.lpc_peripheral__enable_interrupt
                0x0000000000004e74       0x28 _build_lpc40xx_freertos/obj/lpc_peripherals.o
                0x0000000000004e74                lpc_peripheral__enable_interrupt
 .text.ssp0__set_max_clock
                0x0000000000004e9c       0x30 _build_lpc40xx_freertos/obj/ssp0.o
                0x0000000000004e9c                ssp0__set_max_clock
 .text.ssp0__initialize
                0x0000000000004ecc       0x28 _build_lpc40xx_freertos/obj/ssp0.o
                0x0000000000004ecc                ssp0__initialize
 .text.ssp0__exchange_byte
                0x0000000000004ef4       0x14 _build_lpc40xx_freertos/obj/ssp0.o
                0x0000000000004ef4                ssp0__exchange_byte
 .text.ssp2__dma_transfer_block
                0x0000000000004f08       0x98 _build_lpc40xx_freertos/obj/ssp2.o
 .text.ssp2__set_max_clock
                0x0000000000004fa0       0x2c _build_lpc40xx_freertos/obj/ssp2.o
                0x0000000000004fa0                ssp2__set_max_clock
 .text.ssp2__initialize
                0x0000000000004fcc       0x44 _build_lpc40xx_freertos/obj/ssp2.o
                0x0000000000004fcc                ssp2__initialize
 .text.ssp2__exchange_byte
                0x0000000000005010       0x14 _build_lpc40xx_freertos/obj/ssp2.o
                0x0000000000005010                ssp2__exchange_byte
 .text.ssp2__dma_write_block
                0x0000000000005024        0x6 _build_lpc40xx_freertos/obj/ssp2.o
                0x0000000000005024                ssp2__dma_write_block
 .text.ssp2__dma_read_block
                0x000000000000502a        0x6 _build_lpc40xx_freertos/obj/ssp2.o
                0x000000000000502a                ssp2__dma_read_block
 .text.uart__isr_common
                0x0000000000005030       0x94 _build_lpc40xx_freertos/obj/uart.o
 .text.uart3_isr
                0x00000000000050c4        0xc _build_lpc40xx_freertos/obj/uart.o
 .text.uart2_isr
                0x00000000000050d0        0xc _build_lpc40xx_freertos/obj/uart.o
 .text.uart1_isr
                0x00000000000050dc        0xc _build_lpc40xx_freertos/obj/uart.o
 .text.uart0_isr
                0x00000000000050e8        0xc _build_lpc40xx_freertos/obj/uart.o
 .text.uart__init
                0x00000000000050f4       0x58 _build_lpc40xx_freertos/obj/uart.o
                0x00000000000050f4                uart__init
 .text.uart__is_initialized
                0x000000000000514c       0x28 _build_lpc40xx_freertos/obj/uart.o
                0x000000000000514c                uart__is_initialized
 .text.uart__is_transmit_queue_initialized
                0x0000000000005174       0x18 _build_lpc40xx_freertos/obj/uart.o
                0x0000000000005174                uart__is_transmit_queue_initialized
 .text.uart__enable_queues
                0x000000000000518c       0x7c _build_lpc40xx_freertos/obj/uart.o
                0x000000000000518c                uart__enable_queues
 .text.uart__polled_put
                0x0000000000005208       0x28 _build_lpc40xx_freertos/obj/uart.o
                0x0000000000005208                uart__polled_put
 .text.uart__get
                0x0000000000005230       0x50 _build_lpc40xx_freertos/obj/uart.o
                0x0000000000005230                uart__get
 .text.uart__polled_get
                0x0000000000005280       0x58 _build_lpc40xx_freertos/obj/uart.o
                0x0000000000005280                uart__polled_get
 .text.uart__put
                0x00000000000052d8       0x84 _build_lpc40xx_freertos/obj/uart.o
                0x00000000000052d8                uart__put
 .text.vPortSVCHandler_wrapper
                0x000000000000535c        0x4 _build_lpc40xx_freertos/obj/freertos_interrupt_handlers.o
                0x000000000000535c                vPortSVCHandler_wrapper
 .text.xPortPendSVHandler_wrapper
                0x0000000000005360        0x4 _build_lpc40xx_freertos/obj/freertos_interrupt_handlers.o
                0x0000000000005360                xPortPendSVHandler_wrapper
 .text.xPortSysTickHandler_wrapper
                0x0000000000005364        0x4 _build_lpc40xx_freertos/obj/freertos_interrupt_handlers.o
                0x0000000000005364                xPortSysTickHandler_wrapper
 .text.pvPortMalloc
                0x0000000000005368       0x1e _build_lpc40xx_freertos/obj/heap_3.o
                0x0000000000005368                pvPortMalloc
 .text.vPortFree
                0x0000000000005386       0x1a _build_lpc40xx_freertos/obj/heap_3.o
                0x0000000000005386                vPortFree
 .text.prvPortStartFirstTask
                0x00000000000053a0       0x28 _build_lpc40xx_freertos/obj/port.o
 .text.vPortEnableVFP
                0x00000000000053c8       0x14 _build_lpc40xx_freertos/obj/port.o
 .text.prvTaskExitError
                0x00000000000053dc       0x3c _build_lpc40xx_freertos/obj/port.o
 .text.pxPortInitialiseStack
                0x0000000000005418       0x2c _build_lpc40xx_freertos/obj/port.o
                0x0000000000005418                pxPortInitialiseStack
 *fill*         0x0000000000005444        0xc ff
 .text.vPortSVCHandler
                0x0000000000005450       0x24 _build_lpc40xx_freertos/obj/port.o
                0x0000000000005450                vPortSVCHandler
 .text.vPortEnterCritical
                0x0000000000005474       0x44 _build_lpc40xx_freertos/obj/port.o
                0x0000000000005474                vPortEnterCritical
 .text.vPortExitCritical
                0x00000000000054b8       0x28 _build_lpc40xx_freertos/obj/port.o
                0x00000000000054b8                vPortExitCritical
 .text.xPortPendSVHandler
                0x00000000000054e0       0x64 _build_lpc40xx_freertos/obj/port.o
                0x00000000000054e0                xPortPendSVHandler
 .text.xPortSysTickHandler
                0x0000000000005544       0x2c _build_lpc40xx_freertos/obj/port.o
                0x0000000000005544                xPortSysTickHandler
 .text.vPortSetupTimerInterrupt
                0x0000000000005570       0x30 _build_lpc40xx_freertos/obj/port.o
                0x0000000000005570                vPortSetupTimerInterrupt
 .text.xPortStartScheduler
                0x00000000000055a0      0x100 _build_lpc40xx_freertos/obj/port.o
                0x00000000000055a0                xPortStartScheduler
 .text.vPortValidateInterruptPriority
                0x00000000000056a0       0x58 _build_lpc40xx_freertos/obj/port.o
                0x00000000000056a0                vPortValidateInterruptPriority
 .text.vListInitialise
                0x00000000000056f8       0x16 _build_lpc40xx_freertos/obj/list.o
                0x00000000000056f8                vListInitialise
 .text.vListInitialiseItem
                0x000000000000570e        0x6 _build_lpc40xx_freertos/obj/list.o
                0x000000000000570e                vListInitialiseItem
 .text.vListInsertEnd
                0x0000000000005714       0x18 _build_lpc40xx_freertos/obj/list.o
                0x0000000000005714                vListInsertEnd
 .text.vListInsert
                0x000000000000572c       0x2e _build_lpc40xx_freertos/obj/list.o
                0x000000000000572c                vListInsert
 .text.uxListRemove
                0x000000000000575a       0x20 _build_lpc40xx_freertos/obj/list.o
                0x000000000000575a                uxListRemove
 .text.prvIsQueueEmpty
                0x000000000000577a       0x16 _build_lpc40xx_freertos/obj/queue.o
 .text.prvCopyDataToQueue
                0x0000000000005790       0x6a _build_lpc40xx_freertos/obj/queue.o
 .text.prvCopyDataFromQueue
                0x00000000000057fa       0x2a _build_lpc40xx_freertos/obj/queue.o
 .text.prvUnlockQueue
                0x0000000000005824       0x70 _build_lpc40xx_freertos/obj/queue.o
 .text.xQueueGenericReset
                0x0000000000005894       0x7c _build_lpc40xx_freertos/obj/queue.o
                0x0000000000005894                xQueueGenericReset
 .text.xQueueGenericCreateStatic
                0x0000000000005910       0x94 _build_lpc40xx_freertos/obj/queue.o
                0x0000000000005910                xQueueGenericCreateStatic
 .text.xQueueGenericCreate
                0x00000000000059a4       0x4c _build_lpc40xx_freertos/obj/queue.o
                0x00000000000059a4                xQueueGenericCreate
 .text.xQueueGenericSend
                0x00000000000059f0      0x15c _build_lpc40xx_freertos/obj/queue.o
                0x00000000000059f0                xQueueGenericSend
 .text.xQueueCreateMutexStatic
                0x0000000000005b4c       0x2a _build_lpc40xx_freertos/obj/queue.o
                0x0000000000005b4c                xQueueCreateMutexStatic
 .text.xQueueCreateMutex
                0x0000000000005b76       0x24 _build_lpc40xx_freertos/obj/queue.o
                0x0000000000005b76                xQueueCreateMutex
 *fill*         0x0000000000005b9a        0x2 ff
 .text.xQueueGenericSendFromISR
                0x0000000000005b9c       0xbc _build_lpc40xx_freertos/obj/queue.o
                0x0000000000005b9c                xQueueGenericSendFromISR
 .text.xQueueGiveFromISR
                0x0000000000005c58       0xa4 _build_lpc40xx_freertos/obj/queue.o
                0x0000000000005c58                xQueueGiveFromISR
 .text.xQueueReceive
                0x0000000000005cfc      0x13c _build_lpc40xx_freertos/obj/queue.o
                0x0000000000005cfc                xQueueReceive
 .text.xQueueSemaphoreTake
                0x0000000000005e38      0x180 _build_lpc40xx_freertos/obj/queue.o
                0x0000000000005e38                xQueueSemaphoreTake
 .text.xQueueReceiveFromISR
                0x0000000000005fb8       0x9c _build_lpc40xx_freertos/obj/queue.o
                0x0000000000005fb8                xQueueReceiveFromISR
 .text.vQueueDelete
                0x0000000000006054       0x24 _build_lpc40xx_freertos/obj/queue.o
                0x0000000000006054                vQueueDelete
 .text.prvSearchForNameWithinSingleList
                0x0000000000006078       0x54 _build_lpc40xx_freertos/obj/tasks.o
 .text.prvResetRunTimeStatsInList
                0x00000000000060cc       0x2e _build_lpc40xx_freertos/obj/tasks.o
 *fill*         0x00000000000060fa        0x2 ff
 .text.prvAddNewTaskToReadyList
                0x00000000000060fc       0xf4 _build_lpc40xx_freertos/obj/tasks.o
 .text.prvIdleTask
                0x00000000000061f0       0x28 _build_lpc40xx_freertos/obj/tasks.o
 .text.prvResetNextTaskUnblockTime
                0x0000000000006218       0x24 _build_lpc40xx_freertos/obj/tasks.o
 .text.prvTaskIsTaskSuspended
                0x000000000000623c       0x38 _build_lpc40xx_freertos/obj/tasks.o
 .text.prvInitialiseNewTask.isra.2
                0x0000000000006274       0x98 _build_lpc40xx_freertos/obj/tasks.o
 .text.prvAddCurrentTaskToDelayedList
                0x000000000000630c       0x8c _build_lpc40xx_freertos/obj/tasks.o
 .text.xTaskCreateStatic
                0x0000000000006398       0x6c _build_lpc40xx_freertos/obj/tasks.o
                0x0000000000006398                xTaskCreateStatic
 .text.xTaskCreate
                0x0000000000006404       0x5a _build_lpc40xx_freertos/obj/tasks.o
                0x0000000000006404                xTaskCreate
 *fill*         0x000000000000645e        0x2 ff
 .text.eTaskGetState
                0x0000000000006460       0x6c _build_lpc40xx_freertos/obj/tasks.o
                0x0000000000006460                eTaskGetState
 .text.vTaskResume
                0x00000000000064cc       0x84 _build_lpc40xx_freertos/obj/tasks.o
                0x00000000000064cc                vTaskResume
 .text.vTaskStartScheduler
                0x0000000000006550       0x74 _build_lpc40xx_freertos/obj/tasks.o
                0x0000000000006550                vTaskStartScheduler
 .text.vTaskSuspendAll
                0x00000000000065c4       0x10 _build_lpc40xx_freertos/obj/tasks.o
                0x00000000000065c4                vTaskSuspendAll
 .text.xTaskIncrementTick
                0x00000000000065d4      0x124 _build_lpc40xx_freertos/obj/tasks.o
                0x00000000000065d4                xTaskIncrementTick
 .text.xTaskResumeAll
                0x00000000000066f8       0xec _build_lpc40xx_freertos/obj/tasks.o
                0x00000000000066f8                xTaskResumeAll
 .text.vTaskDelay
                0x00000000000067e4       0x48 _build_lpc40xx_freertos/obj/tasks.o
                0x00000000000067e4                vTaskDelay
 .text.xTaskGetHandle
                0x000000000000682c       0x7c _build_lpc40xx_freertos/obj/tasks.o
                0x000000000000682c                xTaskGetHandle
 .text.vTaskSwitchContext
                0x00000000000068a8       0xbc _build_lpc40xx_freertos/obj/tasks.o
                0x00000000000068a8                vTaskSwitchContext
 .text.vTaskSuspend
                0x0000000000006964       0xd4 _build_lpc40xx_freertos/obj/tasks.o
                0x0000000000006964                vTaskSuspend
 .text.vTaskPlaceOnEventList
                0x0000000000006a38       0x30 _build_lpc40xx_freertos/obj/tasks.o
                0x0000000000006a38                vTaskPlaceOnEventList
 .text.xTaskRemoveFromEventList
                0x0000000000006a68       0x80 _build_lpc40xx_freertos/obj/tasks.o
                0x0000000000006a68                xTaskRemoveFromEventList
 .text.vTaskInternalSetTimeOutState
                0x0000000000006ae8       0x18 _build_lpc40xx_freertos/obj/tasks.o
                0x0000000000006ae8                vTaskInternalSetTimeOutState
 .text.xTaskCheckForTimeOut
                0x0000000000006b00       0x74 _build_lpc40xx_freertos/obj/tasks.o
                0x0000000000006b00                xTaskCheckForTimeOut
 .text.vTaskMissedYield
                0x0000000000006b74        0xc _build_lpc40xx_freertos/obj/tasks.o
                0x0000000000006b74                vTaskMissedYield
 .text.vTaskGetInfo
                0x0000000000006b80       0x7c _build_lpc40xx_freertos/obj/tasks.o
                0x0000000000006b80                vTaskGetInfo
 .text.prvListTasksWithinSingleList
                0x0000000000006bfc       0x5a _build_lpc40xx_freertos/obj/tasks.o
 *fill*         0x0000000000006c56        0x2 ff
 .text.uxTaskGetSystemState
                0x0000000000006c58       0x98 _build_lpc40xx_freertos/obj/tasks.o
                0x0000000000006c58                uxTaskGetSystemState
 .text.xTaskGetSchedulerState
                0x0000000000006cf0       0x20 _build_lpc40xx_freertos/obj/tasks.o
                0x0000000000006cf0                xTaskGetSchedulerState
 .text.xTaskPriorityInherit
                0x0000000000006d10       0xa4 _build_lpc40xx_freertos/obj/tasks.o
                0x0000000000006d10                xTaskPriorityInherit
 .text.xTaskPriorityDisinherit
                0x0000000000006db4       0x9c _build_lpc40xx_freertos/obj/tasks.o
                0x0000000000006db4                xTaskPriorityDisinherit
 .text.vTaskPriorityDisinheritAfterTimeout
                0x0000000000006e50       0xb0 _build_lpc40xx_freertos/obj/tasks.o
                0x0000000000006e50                vTaskPriorityDisinheritAfterTimeout
 .text.pvTaskIncrementMutexHeldCount
                0x0000000000006f00       0x18 _build_lpc40xx_freertos/obj/tasks.o
                0x0000000000006f00                pvTaskIncrementMutexHeldCount
 .text.vTaskResetRunTimeStats
                0x0000000000006f18       0x6c _build_lpc40xx_freertos/obj/tasks.o
                0x0000000000006f18                vTaskResetRunTimeStats
 .text.vRunTimeStatIsrEntry
                0x0000000000006f84       0x28 _build_lpc40xx_freertos/obj/tasks.o
                0x0000000000006f84                vRunTimeStatIsrEntry
 .text.vRunTimeStatIsrExit
                0x0000000000006fac       0x10 _build_lpc40xx_freertos/obj/tasks.o
                0x0000000000006fac                vRunTimeStatIsrExit
 .text          0x0000000000006fbc       0x30 /home/gauravkuppa24/Documents/School/2020/CMPE_146/mp3-project/toolchains/linux/gcc-arm-none-eabi-8-2019-q3-update/bin/../lib/gcc/arm-none-eabi/8.3.1/thumb/v7e-m+fp/hard/libgcc.a(_aeabi_uldivmod.o)
                0x0000000000006fbc                __aeabi_uldivmod
 .text          0x0000000000006fec      0x2d0 /home/gauravkuppa24/Documents/School/2020/CMPE_146/mp3-project/toolchains/linux/gcc-arm-none-eabi-8-2019-q3-update/bin/../lib/gcc/arm-none-eabi/8.3.1/thumb/v7e-m+fp/hard/libgcc.a(_udivmoddi4.o)
                0x0000000000006fec                __udivmoddi4
 .text          0x00000000000072bc        0x4 /home/gauravkuppa24/Documents/School/2020/CMPE_146/mp3-project/toolchains/linux/gcc-arm-none-eabi-8-2019-q3-update/bin/../lib/gcc/arm-none-eabi/8.3.1/thumb/v7e-m+fp/hard/libgcc.a(_dvmd_tls.o)
                0x00000000000072bc                __aeabi_ldiv0
                0x00000000000072bc                __aeabi_idiv0
 .text.atoi     0x00000000000072c0        0x8 /home/gauravkuppa24/Documents/School/2020/CMPE_146/mp3-project/toolchains/linux/gcc-arm-none-eabi-8-2019-q3-update/bin/../lib/gcc/arm-none-eabi/8.3.1/../../../../arm-none-eabi/lib/thumb/v7e-m+fp/hard/libg_nano.a(lib_a-atoi.o)
                0x00000000000072c0                atoi
 .text.clock    0x00000000000072c8       0x28 /home/gauravkuppa24/Documents/School/2020/CMPE_146/mp3-project/toolchains/linux/gcc-arm-none-eabi-8-2019-q3-update/bin/../lib/gcc/arm-none-eabi/8.3.1/../../../../arm-none-eabi/lib/thumb/v7e-m+fp/hard/libg_nano.a(lib_a-clock.o)
                0x00000000000072c8                clock
 .text.fprintf  0x00000000000072f0       0x24 /home/gauravkuppa24/Documents/School/2020/CMPE_146/mp3-project/toolchains/linux/gcc-arm-none-eabi-8-2019-q3-update/bin/../lib/gcc/arm-none-eabi/8.3.1/../../../../arm-none-eabi/lib/thumb/v7e-m+fp/hard/libg_nano.a(lib_a-fprintf.o)
                0x00000000000072f0                fprintf
                0x00000000000072f0                fiprintf
 .text._fputs_r
                0x0000000000007314       0xcc /home/gauravkuppa24/Documents/School/2020/CMPE_146/mp3-project/toolchains/linux/gcc-arm-none-eabi-8-2019-q3-update/bin/../lib/gcc/arm-none-eabi/8.3.1/../../../../arm-none-eabi/lib/thumb/v7e-m+fp/hard/libg_nano.a(lib_a-fputs.o)
                0x0000000000007314                _fputs_r
 .text.fputs    0x00000000000073e0       0x10 /home/gauravkuppa24/Documents/School/2020/CMPE_146/mp3-project/toolchains/linux/gcc-arm-none-eabi-8-2019-q3-update/bin/../lib/gcc/arm-none-eabi/8.3.1/../../../../arm-none-eabi/lib/thumb/v7e-m+fp/hard/libg_nano.a(lib_a-fputs.o)
                0x00000000000073e0                fputs
 .text.getchar  0x00000000000073f0       0x24 /home/gauravkuppa24/Documents/School/2020/CMPE_146/mp3-project/toolchains/linux/gcc-arm-none-eabi-8-2019-q3-update/bin/../lib/gcc/arm-none-eabi/8.3.1/../../../../arm-none-eabi/lib/thumb/v7e-m+fp/hard/libg_nano.a(lib_a-getchar.o)
                0x00000000000073f0                getchar
 .text.__retarget_lock_init_recursive
                0x0000000000007414        0x2 /home/gauravkuppa24/Documents/School/2020/CMPE_146/mp3-project/toolchains/linux/gcc-arm-none-eabi-8-2019-q3-update/bin/../lib/gcc/arm-none-eabi/8.3.1/../../../../arm-none-eabi/lib/thumb/v7e-m+fp/hard/libg_nano.a(lib_a-lock.o)
                0x0000000000007414                __retarget_lock_init_recursive
 .text.__retarget_lock_acquire_recursive
                0x0000000000007416        0x2 /home/gauravkuppa24/Documents/School/2020/CMPE_146/mp3-project/toolchains/linux/gcc-arm-none-eabi-8-2019-q3-update/bin/../lib/gcc/arm-none-eabi/8.3.1/../../../../arm-none-eabi/lib/thumb/v7e-m+fp/hard/libg_nano.a(lib_a-lock.o)
                0x0000000000007416                __retarget_lock_acquire_recursive
 .text.__retarget_lock_release_recursive
                0x0000000000007418        0x2 /home/gauravkuppa24/Documents/School/2020/CMPE_146/mp3-project/toolchains/linux/gcc-arm-none-eabi-8-2019-q3-update/bin/../lib/gcc/arm-none-eabi/8.3.1/../../../../arm-none-eabi/lib/thumb/v7e-m+fp/hard/libg_nano.a(lib_a-lock.o)
                0x0000000000007418                __retarget_lock_release_recursive
 *fill*         0x000000000000741a        0x2 ff
 .text.malloc   0x000000000000741c       0x10 /home/gauravkuppa24/Documents/School/2020/CMPE_146/mp3-project/toolchains/linux/gcc-arm-none-eabi-8-2019-q3-update/bin/../lib/gcc/arm-none-eabi/8.3.1/../../../../arm-none-eabi/lib/thumb/v7e-m+fp/hard/libg_nano.a(lib_a-malloc.o)
                0x000000000000741c                malloc
 .text.free     0x000000000000742c       0x10 /home/gauravkuppa24/Documents/School/2020/CMPE_146/mp3-project/toolchains/linux/gcc-arm-none-eabi-8-2019-q3-update/bin/../lib/gcc/arm-none-eabi/8.3.1/../../../../arm-none-eabi/lib/thumb/v7e-m+fp/hard/libg_nano.a(lib_a-malloc.o)
                0x000000000000742c                free
 .text.memcpy   0x000000000000743c       0x1c /home/gauravkuppa24/Documents/School/2020/CMPE_146/mp3-project/toolchains/linux/gcc-arm-none-eabi-8-2019-q3-update/bin/../lib/gcc/arm-none-eabi/8.3.1/../../../../arm-none-eabi/lib/thumb/v7e-m+fp/hard/libg_nano.a(lib_a-memcpy-stub.o)
                0x000000000000743c                memcpy
 .text.memmove  0x0000000000007458       0x34 /home/gauravkuppa24/Documents/School/2020/CMPE_146/mp3-project/toolchains/linux/gcc-arm-none-eabi-8-2019-q3-update/bin/../lib/gcc/arm-none-eabi/8.3.1/../../../../arm-none-eabi/lib/thumb/v7e-m+fp/hard/libg_nano.a(lib_a-memmove.o)
                0x0000000000007458                memmove
 .text.memset   0x000000000000748c       0x10 /home/gauravkuppa24/Documents/School/2020/CMPE_146/mp3-project/toolchains/linux/gcc-arm-none-eabi-8-2019-q3-update/bin/../lib/gcc/arm-none-eabi/8.3.1/../../../../arm-none-eabi/lib/thumb/v7e-m+fp/hard/libg_nano.a(lib_a-memset.o)
                0x000000000000748c                memset
 .text._free_r  0x000000000000749c       0x9c /home/gauravkuppa24/Documents/School/2020/CMPE_146/mp3-project/toolchains/linux/gcc-arm-none-eabi-8-2019-q3-update/bin/../lib/gcc/arm-none-eabi/8.3.1/../../../../arm-none-eabi/lib/thumb/v7e-m+fp/hard/libg_nano.a(lib_a-nano-freer.o)
                0x000000000000749c                _free_r
 .text._malloc_r
                0x0000000000007538       0xb4 /home/gauravkuppa24/Documents/School/2020/CMPE_146/mp3-project/toolchains/linux/gcc-arm-none-eabi-8-2019-q3-update/bin/../lib/gcc/arm-none-eabi/8.3.1/../../../../arm-none-eabi/lib/thumb/v7e-m+fp/hard/libg_nano.a(lib_a-nano-mallocr.o)
                0x0000000000007538                _malloc_r
 .text.__sfputc_r
                0x00000000000075ec       0x2e /home/gauravkuppa24/Documents/School/2020/CMPE_146/mp3-project/toolchains/linux/gcc-arm-none-eabi-8-2019-q3-update/bin/../lib/gcc/arm-none-eabi/8.3.1/../../../../arm-none-eabi/lib/thumb/v7e-m+fp/hard/libg_nano.a(lib_a-nano-vfprintf.o)
 .text.__sfputs_r
                0x000000000000761a       0x24 /home/gauravkuppa24/Documents/School/2020/CMPE_146/mp3-project/toolchains/linux/gcc-arm-none-eabi-8-2019-q3-update/bin/../lib/gcc/arm-none-eabi/8.3.1/../../../../arm-none-eabi/lib/thumb/v7e-m+fp/hard/libg_nano.a(lib_a-nano-vfprintf.o)
                0x000000000000761a                __sfputs_r
 *fill*         0x000000000000763e        0x2 ff
 .text._vfprintf_r
                0x0000000000007640      0x250 /home/gauravkuppa24/Documents/School/2020/CMPE_146/mp3-project/toolchains/linux/gcc-arm-none-eabi-8-2019-q3-update/bin/../lib/gcc/arm-none-eabi/8.3.1/../../../../arm-none-eabi/lib/thumb/v7e-m+fp/hard/libg_nano.a(lib_a-nano-vfprintf.o)
                0x0000000000007640                _vfiprintf_r
                0x0000000000007640                _vfprintf_r
 .text.__cvt    0x0000000000007890       0xba /home/gauravkuppa24/Documents/School/2020/CMPE_146/mp3-project/toolchains/linux/gcc-arm-none-eabi-8-2019-q3-update/bin/../lib/gcc/arm-none-eabi/8.3.1/../../../../arm-none-eabi/lib/thumb/v7e-m+fp/hard/libg_nano.a(lib_a-nano-vfprintf_float.o)
                0x0000000000007890                __cvt
 .text.__exponent
                0x000000000000794a       0x64 /home/gauravkuppa24/Documents/School/2020/CMPE_146/mp3-project/toolchains/linux/gcc-arm-none-eabi-8-2019-q3-update/bin/../lib/gcc/arm-none-eabi/8.3.1/../../../../arm-none-eabi/lib/thumb/v7e-m+fp/hard/libg_nano.a(lib_a-nano-vfprintf_float.o)
                0x000000000000794a                __exponent
 *fill*         0x00000000000079ae        0x2 ff
 .text._printf_float
                0x00000000000079b0      0x454 /home/gauravkuppa24/Documents/School/2020/CMPE_146/mp3-project/toolchains/linux/gcc-arm-none-eabi-8-2019-q3-update/bin/../lib/gcc/arm-none-eabi/8.3.1/../../../../arm-none-eabi/lib/thumb/v7e-m+fp/hard/libg_nano.a(lib_a-nano-vfprintf_float.o)
                0x00000000000079b0                _printf_float
 .text._printf_common
                0x0000000000007e04       0xea /home/gauravkuppa24/Documents/School/2020/CMPE_146/mp3-project/toolchains/linux/gcc-arm-none-eabi-8-2019-q3-update/bin/../lib/gcc/arm-none-eabi/8.3.1/../../../../arm-none-eabi/lib/thumb/v7e-m+fp/hard/libg_nano.a(lib_a-nano-vfprintf_i.o)
                0x0000000000007e04                _printf_common
 *fill*         0x0000000000007eee        0x2 ff
 .text._printf_i
                0x0000000000007ef0      0x228 /home/gauravkuppa24/Documents/School/2020/CMPE_146/mp3-project/toolchains/linux/gcc-arm-none-eabi-8-2019-q3-update/bin/../lib/gcc/arm-none-eabi/8.3.1/../../../../arm-none-eabi/lib/thumb/v7e-m+fp/hard/libg_nano.a(lib_a-nano-vfprintf_i.o)
                0x0000000000007ef0                _printf_i
 .text._scanf_float
                0x0000000000008118      0x3c0 /home/gauravkuppa24/Documents/School/2020/CMPE_146/mp3-project/toolchains/linux/gcc-arm-none-eabi-8-2019-q3-update/bin/../lib/gcc/arm-none-eabi/8.3.1/../../../../arm-none-eabi/lib/thumb/v7e-m+fp/hard/libg_nano.a(lib_a-nano-vfscanf_float.o)
                0x0000000000008118                _scanf_float
 .text.printf   0x00000000000084d8       0x30 /home/gauravkuppa24/Documents/School/2020/CMPE_146/mp3-project/toolchains/linux/gcc-arm-none-eabi-8-2019-q3-update/bin/../lib/gcc/arm-none-eabi/8.3.1/../../../../arm-none-eabi/lib/thumb/v7e-m+fp/hard/libg_nano.a(lib_a-printf.o)
                0x00000000000084d8                printf
                0x00000000000084d8                iprintf
 .text._putc_r  0x0000000000008508       0x90 /home/gauravkuppa24/Documents/School/2020/CMPE_146/mp3-project/toolchains/linux/gcc-arm-none-eabi-8-2019-q3-update/bin/../lib/gcc/arm-none-eabi/8.3.1/../../../../arm-none-eabi/lib/thumb/v7e-m+fp/hard/libg_nano.a(lib_a-putc.o)
                0x0000000000008508                _putc_r
 .text.putchar  0x0000000000008598       0x28 /home/gauravkuppa24/Documents/School/2020/CMPE_146/mp3-project/toolchains/linux/gcc-arm-none-eabi-8-2019-q3-update/bin/../lib/gcc/arm-none-eabi/8.3.1/../../../../arm-none-eabi/lib/thumb/v7e-m+fp/hard/libg_nano.a(lib_a-putchar.o)
                0x0000000000008598                putchar
 .text._puts_r  0x00000000000085c0       0xdc /home/gauravkuppa24/Documents/School/2020/CMPE_146/mp3-project/toolchains/linux/gcc-arm-none-eabi-8-2019-q3-update/bin/../lib/gcc/arm-none-eabi/8.3.1/../../../../arm-none-eabi/lib/thumb/v7e-m+fp/hard/libg_nano.a(lib_a-puts.o)
                0x00000000000085c0                _puts_r
 .text.puts     0x000000000000869c       0x10 /home/gauravkuppa24/Documents/School/2020/CMPE_146/mp3-project/toolchains/linux/gcc-arm-none-eabi-8-2019-q3-update/bin/../lib/gcc/arm-none-eabi/8.3.1/../../../../arm-none-eabi/lib/thumb/v7e-m+fp/hard/libg_nano.a(lib_a-puts.o)
                0x000000000000869c                puts
 .text._sbrk_r  0x00000000000086ac       0x20 /home/gauravkuppa24/Documents/School/2020/CMPE_146/mp3-project/toolchains/linux/gcc-arm-none-eabi-8-2019-q3-update/bin/../lib/gcc/arm-none-eabi/8.3.1/../../../../arm-none-eabi/lib/thumb/v7e-m+fp/hard/libg_nano.a(lib_a-sbrkr.o)
                0x00000000000086ac                _sbrk_r
 .text.setvbuf  0x00000000000086cc      0x184 /home/gauravkuppa24/Documents/School/2020/CMPE_146/mp3-project/toolchains/linux/gcc-arm-none-eabi-8-2019-q3-update/bin/../lib/gcc/arm-none-eabi/8.3.1/../../../../arm-none-eabi/lib/thumb/v7e-m+fp/hard/libg_nano.a(lib_a-setvbuf.o)
                0x00000000000086cc                setvbuf
 .text.nanf     0x0000000000008850        0xc /home/gauravkuppa24/Documents/School/2020/CMPE_146/mp3-project/toolchains/linux/gcc-arm-none-eabi-8-2019-q3-update/bin/../lib/gcc/arm-none-eabi/8.3.1/../../../../arm-none-eabi/lib/thumb/v7e-m+fp/hard/libg_nano.a(lib_a-sf_nan.o)
                0x0000000000008850                nanf
 .text.sprintf  0x000000000000885c       0x40 /home/gauravkuppa24/Documents/School/2020/CMPE_146/mp3-project/toolchains/linux/gcc-arm-none-eabi-8-2019-q3-update/bin/../lib/gcc/arm-none-eabi/8.3.1/../../../../arm-none-eabi/lib/thumb/v7e-m+fp/hard/libg_nano.a(lib_a-sprintf.o)
                0x000000000000885c                sprintf
                0x000000000000885c                siprintf
 .text.strcasecmp
                0x000000000000889c       0x38 /home/gauravkuppa24/Documents/School/2020/CMPE_146/mp3-project/toolchains/linux/gcc-arm-none-eabi-8-2019-q3-update/bin/../lib/gcc/arm-none-eabi/8.3.1/../../../../arm-none-eabi/lib/thumb/v7e-m+fp/hard/libg_nano.a(lib_a-strcasecmp.o)
                0x000000000000889c                strcasecmp
 .text.strchr   0x00000000000088d4       0x1a /home/gauravkuppa24/Documents/School/2020/CMPE_146/mp3-project/toolchains/linux/gcc-arm-none-eabi-8-2019-q3-update/bin/../lib/gcc/arm-none-eabi/8.3.1/../../../../arm-none-eabi/lib/thumb/v7e-m+fp/hard/libg_nano.a(lib_a-strchr.o)
                0x00000000000088d4                strchr
 .text          0x00000000000088ee       0x10 /home/gauravkuppa24/Documents/School/2020/CMPE_146/mp3-project/toolchains/linux/gcc-arm-none-eabi-8-2019-q3-update/bin/../lib/gcc/arm-none-eabi/8.3.1/../../../../arm-none-eabi/lib/thumb/v7e-m+fp/hard/libg_nano.a(lib_a-strlen.o)
                0x00000000000088ee                strlen
 *fill*         0x00000000000088fe        0x2 ff
 .text.strncasecmp
                0x0000000000008900       0x44 /home/gauravkuppa24/Documents/School/2020/CMPE_146/mp3-project/toolchains/linux/gcc-arm-none-eabi-8-2019-q3-update/bin/../lib/gcc/arm-none-eabi/8.3.1/../../../../arm-none-eabi/lib/thumb/v7e-m+fp/hard/libg_nano.a(lib_a-strncasecmp.o)
                0x0000000000008900                strncasecmp
 .text.strncmp  0x0000000000008944       0x24 /home/gauravkuppa24/Documents/School/2020/CMPE_146/mp3-project/toolchains/linux/gcc-arm-none-eabi-8-2019-q3-update/bin/../lib/gcc/arm-none-eabi/8.3.1/../../../../arm-none-eabi/lib/thumb/v7e-m+fp/hard/libg_nano.a(lib_a-strncmp.o)
                0x0000000000008944                strncmp
 .text.strncpy  0x0000000000008968       0x26 /home/gauravkuppa24/Documents/School/2020/CMPE_146/mp3-project/toolchains/linux/gcc-arm-none-eabi-8-2019-q3-update/bin/../lib/gcc/arm-none-eabi/8.3.1/../../../../arm-none-eabi/lib/thumb/v7e-m+fp/hard/libg_nano.a(lib_a-strncpy.o)
                0x0000000000008968                strncpy
 .text.strstr   0x000000000000898e       0x2e /home/gauravkuppa24/Documents/School/2020/CMPE_146/mp3-project/toolchains/linux/gcc-arm-none-eabi-8-2019-q3-update/bin/../lib/gcc/arm-none-eabi/8.3.1/../../../../arm-none-eabi/lib/thumb/v7e-m+fp/hard/libg_nano.a(lib_a-strstr.o)
                0x000000000000898e                strstr
 .text.sulp     0x00000000000089bc       0x38 /home/gauravkuppa24/Documents/School/2020/CMPE_146/mp3-project/toolchains/linux/gcc-arm-none-eabi-8-2019-q3-update/bin/../lib/gcc/arm-none-eabi/8.3.1/../../../../arm-none-eabi/lib/thumb/v7e-m+fp/hard/libg_nano.a(lib_a-strtod.o)
 *fill*         0x00000000000089f4        0x4 ff
 .text._strtod_l
                0x00000000000089f8      0xb98 /home/gauravkuppa24/Documents/School/2020/CMPE_146/mp3-project/toolchains/linux/gcc-arm-none-eabi-8-2019-q3-update/bin/../lib/gcc/arm-none-eabi/8.3.1/../../../../arm-none-eabi/lib/thumb/v7e-m+fp/hard/libg_nano.a(lib_a-strtod.o)
                0x00000000000089f8                _strtod_l
 .text._strtod_r
                0x0000000000009590        0xc /home/gauravkuppa24/Documents/School/2020/CMPE_146/mp3-project/toolchains/linux/gcc-arm-none-eabi-8-2019-q3-update/bin/../lib/gcc/arm-none-eabi/8.3.1/../../../../arm-none-eabi/lib/thumb/v7e-m+fp/hard/libg_nano.a(lib_a-strtod.o)
                0x0000000000009590                _strtod_r
 .text._strtol_l.isra.0
                0x000000000000959c       0xf0 /home/gauravkuppa24/Documents/School/2020/CMPE_146/mp3-project/toolchains/linux/gcc-arm-none-eabi-8-2019-q3-update/bin/../lib/gcc/arm-none-eabi/8.3.1/../../../../arm-none-eabi/lib/thumb/v7e-m+fp/hard/libg_nano.a(lib_a-strtol.o)
 .text._strtol_r
                0x000000000000968c        0x4 /home/gauravkuppa24/Documents/School/2020/CMPE_146/mp3-project/toolchains/linux/gcc-arm-none-eabi-8-2019-q3-update/bin/../lib/gcc/arm-none-eabi/8.3.1/../../../../arm-none-eabi/lib/thumb/v7e-m+fp/hard/libg_nano.a(lib_a-strtol.o)
                0x000000000000968c                _strtol_r
 .text.strtol   0x0000000000009690       0x14 /home/gauravkuppa24/Documents/School/2020/CMPE_146/mp3-project/toolchains/linux/gcc-arm-none-eabi-8-2019-q3-update/bin/../lib/gcc/arm-none-eabi/8.3.1/../../../../arm-none-eabi/lib/thumb/v7e-m+fp/hard/libg_nano.a(lib_a-strtol.o)
                0x0000000000009690                strtol
 .text._times_r
                0x00000000000096a4        0x6 /home/gauravkuppa24/Documents/School/2020/CMPE_146/mp3-project/toolchains/linux/gcc-arm-none-eabi-8-2019-q3-update/bin/../lib/gcc/arm-none-eabi/8.3.1/../../../../arm-none-eabi/lib/thumb/v7e-m+fp/hard/libg_nano.a(lib_a-timesr.o)
                0x00000000000096a4                _times_r
 .text._vsnprintf_r
                0x00000000000096aa       0x58 /home/gauravkuppa24/Documents/School/2020/CMPE_146/mp3-project/toolchains/linux/gcc-arm-none-eabi-8-2019-q3-update/bin/../lib/gcc/arm-none-eabi/8.3.1/../../../../arm-none-eabi/lib/thumb/v7e-m+fp/hard/libg_nano.a(lib_a-vsnprintf.o)
                0x00000000000096aa                _vsnprintf_r
                0x00000000000096aa                _vsniprintf_r
 *fill*         0x0000000000009702        0x2 ff
 .text.vsnprintf
                0x0000000000009704       0x1c /home/gauravkuppa24/Documents/School/2020/CMPE_146/mp3-project/toolchains/linux/gcc-arm-none-eabi-8-2019-q3-update/bin/../lib/gcc/arm-none-eabi/8.3.1/../../../../arm-none-eabi/lib/thumb/v7e-m+fp/hard/libg_nano.a(lib_a-vsnprintf.o)
                0x0000000000009704                vsnprintf
                0x0000000000009704                vsniprintf
 .text._vsscanf_r
                0x0000000000009720       0x48 /home/gauravkuppa24/Documents/School/2020/CMPE_146/mp3-project/toolchains/linux/gcc-arm-none-eabi-8-2019-q3-update/bin/../lib/gcc/arm-none-eabi/8.3.1/../../../../arm-none-eabi/lib/thumb/v7e-m+fp/hard/libg_nano.a(lib_a-vsscanf.o)
                0x0000000000009720                _vsiscanf_r
                0x0000000000009720                _vsscanf_r
 .text.vsscanf  0x0000000000009768       0x14 /home/gauravkuppa24/Documents/School/2020/CMPE_146/mp3-project/toolchains/linux/gcc-arm-none-eabi-8-2019-q3-update/bin/../lib/gcc/arm-none-eabi/8.3.1/../../../../arm-none-eabi/lib/thumb/v7e-m+fp/hard/libg_nano.a(lib_a-vsscanf.o)
                0x0000000000009768                vsscanf
                0x0000000000009768                vsiscanf
 .text.__swbuf_r
                0x000000000000977c       0xa4 /home/gauravkuppa24/Documents/School/2020/CMPE_146/mp3-project/toolchains/linux/gcc-arm-none-eabi-8-2019-q3-update/bin/../lib/gcc/arm-none-eabi/8.3.1/../../../../arm-none-eabi/lib/thumb/v7e-m+fp/hard/libg_nano.a(lib_a-wbuf.o)
                0x000000000000977c                __swbuf_r
 .text.__swsetup_r
                0x0000000000009820       0xdc /home/gauravkuppa24/Documents/School/2020/CMPE_146/mp3-project/toolchains/linux/gcc-arm-none-eabi-8-2019-q3-update/bin/../lib/gcc/arm-none-eabi/8.3.1/../../../../arm-none-eabi/lib/thumb/v7e-m+fp/hard/libg_nano.a(lib_a-wsetup.o)
                0x0000000000009820                __swsetup_r
 .text.quorem   0x00000000000098fc      0x112 /home/gauravkuppa24/Documents/School/2020/CMPE_146/mp3-project/toolchains/linux/gcc-arm-none-eabi-8-2019-q3-update/bin/../lib/gcc/arm-none-eabi/8.3.1/../../../../arm-none-eabi/lib/thumb/v7e-m+fp/hard/libg_nano.a(lib_a-dtoa.o)
 *fill*         0x0000000000009a0e        0x2 ff
 .text._dtoa_r  0x0000000000009a10      0xb74 /home/gauravkuppa24/Documents/School/2020/CMPE_146/mp3-project/toolchains/linux/gcc-arm-none-eabi-8-2019-q3-update/bin/../lib/gcc/arm-none-eabi/8.3.1/../../../../arm-none-eabi/lib/thumb/v7e-m+fp/hard/libg_nano.a(lib_a-dtoa.o)
                0x0000000000009a10                _dtoa_r
 .text.__sflush_r
                0x000000000000a584      0x10c /home/gauravkuppa24/Documents/School/2020/CMPE_146/mp3-project/toolchains/linux/gcc-arm-none-eabi-8-2019-q3-update/bin/../lib/gcc/arm-none-eabi/8.3.1/../../../../arm-none-eabi/lib/thumb/v7e-m+fp/hard/libg_nano.a(lib_a-fflush.o)
                0x000000000000a584                __sflush_r
 .text._fflush_r
                0x000000000000a690       0x78 /home/gauravkuppa24/Documents/School/2020/CMPE_146/mp3-project/toolchains/linux/gcc-arm-none-eabi-8-2019-q3-update/bin/../lib/gcc/arm-none-eabi/8.3.1/../../../../arm-none-eabi/lib/thumb/v7e-m+fp/hard/libg_nano.a(lib_a-fflush.o)
                0x000000000000a690                _fflush_r
 .text.fflush   0x000000000000a708       0x24 /home/gauravkuppa24/Documents/School/2020/CMPE_146/mp3-project/toolchains/linux/gcc-arm-none-eabi-8-2019-q3-update/bin/../lib/gcc/arm-none-eabi/8.3.1/../../../../arm-none-eabi/lib/thumb/v7e-m+fp/hard/libg_nano.a(lib_a-fflush.o)
                0x000000000000a708                fflush
 .text.std      0x000000000000a72c       0x48 /home/gauravkuppa24/Documents/School/2020/CMPE_146/mp3-project/toolchains/linux/gcc-arm-none-eabi-8-2019-q3-update/bin/../lib/gcc/arm-none-eabi/8.3.1/../../../../arm-none-eabi/lib/thumb/v7e-m+fp/hard/libg_nano.a(lib_a-findfp.o)
 .text._cleanup_r
                0x000000000000a774        0xc /home/gauravkuppa24/Documents/School/2020/CMPE_146/mp3-project/toolchains/linux/gcc-arm-none-eabi-8-2019-q3-update/bin/../lib/gcc/arm-none-eabi/8.3.1/../../../../arm-none-eabi/lib/thumb/v7e-m+fp/hard/libg_nano.a(lib_a-findfp.o)
                0x000000000000a774                _cleanup_r
 .text.__sfmoreglue
                0x000000000000a780       0x2c /home/gauravkuppa24/Documents/School/2020/CMPE_146/mp3-project/toolchains/linux/gcc-arm-none-eabi-8-2019-q3-update/bin/../lib/gcc/arm-none-eabi/8.3.1/../../../../arm-none-eabi/lib/thumb/v7e-m+fp/hard/libg_nano.a(lib_a-findfp.o)
                0x000000000000a780                __sfmoreglue
 .text.__sfp_lock_acquire
                0x000000000000a7ac        0xc /home/gauravkuppa24/Documents/School/2020/CMPE_146/mp3-project/toolchains/linux/gcc-arm-none-eabi-8-2019-q3-update/bin/../lib/gcc/arm-none-eabi/8.3.1/../../../../arm-none-eabi/lib/thumb/v7e-m+fp/hard/libg_nano.a(lib_a-findfp.o)
                0x000000000000a7ac                __sfp_lock_acquire
 .text.__sfp_lock_release
                0x000000000000a7b8        0xc /home/gauravkuppa24/Documents/School/2020/CMPE_146/mp3-project/toolchains/linux/gcc-arm-none-eabi-8-2019-q3-update/bin/../lib/gcc/arm-none-eabi/8.3.1/../../../../arm-none-eabi/lib/thumb/v7e-m+fp/hard/libg_nano.a(lib_a-findfp.o)
                0x000000000000a7b8                __sfp_lock_release
 .text.__sinit_lock_acquire
                0x000000000000a7c4        0xc /home/gauravkuppa24/Documents/School/2020/CMPE_146/mp3-project/toolchains/linux/gcc-arm-none-eabi-8-2019-q3-update/bin/../lib/gcc/arm-none-eabi/8.3.1/../../../../arm-none-eabi/lib/thumb/v7e-m+fp/hard/libg_nano.a(lib_a-findfp.o)
                0x000000000000a7c4                __sinit_lock_acquire
 .text.__sinit_lock_release
                0x000000000000a7d0        0xc /home/gauravkuppa24/Documents/School/2020/CMPE_146/mp3-project/toolchains/linux/gcc-arm-none-eabi-8-2019-q3-update/bin/../lib/gcc/arm-none-eabi/8.3.1/../../../../arm-none-eabi/lib/thumb/v7e-m+fp/hard/libg_nano.a(lib_a-findfp.o)
                0x000000000000a7d0                __sinit_lock_release
 .text.__sinit  0x000000000000a7dc       0x70 /home/gauravkuppa24/Documents/School/2020/CMPE_146/mp3-project/toolchains/linux/gcc-arm-none-eabi-8-2019-q3-update/bin/../lib/gcc/arm-none-eabi/8.3.1/../../../../arm-none-eabi/lib/thumb/v7e-m+fp/hard/libg_nano.a(lib_a-findfp.o)
                0x000000000000a7dc                __sinit
 .text.__sfp    0x000000000000a84c       0x8c /home/gauravkuppa24/Documents/School/2020/CMPE_146/mp3-project/toolchains/linux/gcc-arm-none-eabi-8-2019-q3-update/bin/../lib/gcc/arm-none-eabi/8.3.1/../../../../arm-none-eabi/lib/thumb/v7e-m+fp/hard/libg_nano.a(lib_a-findfp.o)
                0x000000000000a84c                __sfp
 .text._fwalk   0x000000000000a8d8       0x38 /home/gauravkuppa24/Documents/School/2020/CMPE_146/mp3-project/toolchains/linux/gcc-arm-none-eabi-8-2019-q3-update/bin/../lib/gcc/arm-none-eabi/8.3.1/../../../../arm-none-eabi/lib/thumb/v7e-m+fp/hard/libg_nano.a(lib_a-fwalk.o)
                0x000000000000a8d8                _fwalk
 .text._fwalk_reent
                0x000000000000a910       0x3c /home/gauravkuppa24/Documents/School/2020/CMPE_146/mp3-project/toolchains/linux/gcc-arm-none-eabi-8-2019-q3-update/bin/../lib/gcc/arm-none-eabi/8.3.1/../../../../arm-none-eabi/lib/thumb/v7e-m+fp/hard/libg_nano.a(lib_a-fwalk.o)
                0x000000000000a910                _fwalk_reent
 .text.rshift   0x000000000000a94c       0x74 /home/gauravkuppa24/Documents/School/2020/CMPE_146/mp3-project/toolchains/linux/gcc-arm-none-eabi-8-2019-q3-update/bin/../lib/gcc/arm-none-eabi/8.3.1/../../../../arm-none-eabi/lib/thumb/v7e-m+fp/hard/libg_nano.a(lib_a-gdtoa-gethex.o)
 .text.__hexdig_fun
                0x000000000000a9c0       0x2a /home/gauravkuppa24/Documents/School/2020/CMPE_146/mp3-project/toolchains/linux/gcc-arm-none-eabi-8-2019-q3-update/bin/../lib/gcc/arm-none-eabi/8.3.1/../../../../arm-none-eabi/lib/thumb/v7e-m+fp/hard/libg_nano.a(lib_a-gdtoa-gethex.o)
                0x000000000000a9c0                __hexdig_fun
 *fill*         0x000000000000a9ea        0x2 ff
 .text.__gethex
                0x000000000000a9ec      0x448 /home/gauravkuppa24/Documents/School/2020/CMPE_146/mp3-project/toolchains/linux/gcc-arm-none-eabi-8-2019-q3-update/bin/../lib/gcc/arm-none-eabi/8.3.1/../../../../arm-none-eabi/lib/thumb/v7e-m+fp/hard/libg_nano.a(lib_a-gdtoa-gethex.o)
                0x000000000000a9ec                __gethex
 .text.L_shift  0x000000000000ae34       0x24 /home/gauravkuppa24/Documents/School/2020/CMPE_146/mp3-project/toolchains/linux/gcc-arm-none-eabi-8-2019-q3-update/bin/../lib/gcc/arm-none-eabi/8.3.1/../../../../arm-none-eabi/lib/thumb/v7e-m+fp/hard/libg_nano.a(lib_a-gdtoa-hexnan.o)
 .text.__match  0x000000000000ae58       0x28 /home/gauravkuppa24/Documents/School/2020/CMPE_146/mp3-project/toolchains/linux/gcc-arm-none-eabi-8-2019-q3-update/bin/../lib/gcc/arm-none-eabi/8.3.1/../../../../arm-none-eabi/lib/thumb/v7e-m+fp/hard/libg_nano.a(lib_a-gdtoa-hexnan.o)
                0x000000000000ae58                __match
 .text.__hexnan
                0x000000000000ae80      0x120 /home/gauravkuppa24/Documents/School/2020/CMPE_146/mp3-project/toolchains/linux/gcc-arm-none-eabi-8-2019-q3-update/bin/../lib/gcc/arm-none-eabi/8.3.1/../../../../arm-none-eabi/lib/thumb/v7e-m+fp/hard/libg_nano.a(lib_a-gdtoa-hexnan.o)
                0x000000000000ae80                __hexnan
 .text._getc_r  0x000000000000afa0       0x80 /home/gauravkuppa24/Documents/School/2020/CMPE_146/mp3-project/toolchains/linux/gcc-arm-none-eabi-8-2019-q3-update/bin/../lib/gcc/arm-none-eabi/8.3.1/../../../../arm-none-eabi/lib/thumb/v7e-m+fp/hard/libg_nano.a(lib_a-getc.o)
                0x000000000000afa0                _getc_r
 .text._localeconv_r
                0x000000000000b020        0x8 /home/gauravkuppa24/Documents/School/2020/CMPE_146/mp3-project/toolchains/linux/gcc-arm-none-eabi-8-2019-q3-update/bin/../lib/gcc/arm-none-eabi/8.3.1/../../../../arm-none-eabi/lib/thumb/v7e-m+fp/hard/libg_nano.a(lib_a-localeconv.o)
                0x000000000000b020                _localeconv_r
 .text.__swhatbuf_r
                0x000000000000b028       0x48 /home/gauravkuppa24/Documents/School/2020/CMPE_146/mp3-project/toolchains/linux/gcc-arm-none-eabi-8-2019-q3-update/bin/../lib/gcc/arm-none-eabi/8.3.1/../../../../arm-none-eabi/lib/thumb/v7e-m+fp/hard/libg_nano.a(lib_a-makebuf.o)
                0x000000000000b028                __swhatbuf_r
 .text.__smakebuf_r
                0x000000000000b070       0x80 /home/gauravkuppa24/Documents/School/2020/CMPE_146/mp3-project/toolchains/linux/gcc-arm-none-eabi-8-2019-q3-update/bin/../lib/gcc/arm-none-eabi/8.3.1/../../../../arm-none-eabi/lib/thumb/v7e-m+fp/hard/libg_nano.a(lib_a-makebuf.o)
                0x000000000000b070                __smakebuf_r
 .text.__ascii_mbtowc
                0x000000000000b0f0       0x24 /home/gauravkuppa24/Documents/School/2020/CMPE_146/mp3-project/toolchains/linux/gcc-arm-none-eabi-8-2019-q3-update/bin/../lib/gcc/arm-none-eabi/8.3.1/../../../../arm-none-eabi/lib/thumb/v7e-m+fp/hard/libg_nano.a(lib_a-mbtowc_r.o)
                0x000000000000b0f0                __ascii_mbtowc
 *fill*         0x000000000000b114        0xc ff
 .text          0x000000000000b120       0xa0 /home/gauravkuppa24/Documents/School/2020/CMPE_146/mp3-project/toolchains/linux/gcc-arm-none-eabi-8-2019-q3-update/bin/../lib/gcc/arm-none-eabi/8.3.1/../../../../arm-none-eabi/lib/thumb/v7e-m+fp/hard/libg_nano.a(lib_a-memchr.o)
                0x000000000000b120                memchr
 .text.__malloc_lock
                0x000000000000b1c0        0xc /home/gauravkuppa24/Documents/School/2020/CMPE_146/mp3-project/toolchains/linux/gcc-arm-none-eabi-8-2019-q3-update/bin/../lib/gcc/arm-none-eabi/8.3.1/../../../../arm-none-eabi/lib/thumb/v7e-m+fp/hard/libg_nano.a(lib_a-mlock.o)
                0x000000000000b1c0                __malloc_lock
 .text.__malloc_unlock
                0x000000000000b1cc        0xc /home/gauravkuppa24/Documents/School/2020/CMPE_146/mp3-project/toolchains/linux/gcc-arm-none-eabi-8-2019-q3-update/bin/../lib/gcc/arm-none-eabi/8.3.1/../../../../arm-none-eabi/lib/thumb/v7e-m+fp/hard/libg_nano.a(lib_a-mlock.o)
                0x000000000000b1cc                __malloc_unlock
 .text._Balloc  0x000000000000b1d8       0x68 /home/gauravkuppa24/Documents/School/2020/CMPE_146/mp3-project/toolchains/linux/gcc-arm-none-eabi-8-2019-q3-update/bin/../lib/gcc/arm-none-eabi/8.3.1/../../../../arm-none-eabi/lib/thumb/v7e-m+fp/hard/libg_nano.a(lib_a-mprec.o)
                0x000000000000b1d8                _Balloc
 .text._Bfree   0x000000000000b240       0x2e /home/gauravkuppa24/Documents/School/2020/CMPE_146/mp3-project/toolchains/linux/gcc-arm-none-eabi-8-2019-q3-update/bin/../lib/gcc/arm-none-eabi/8.3.1/../../../../arm-none-eabi/lib/thumb/v7e-m+fp/hard/libg_nano.a(lib_a-mprec.o)
                0x000000000000b240                _Bfree
 .text.__multadd
                0x000000000000b26e       0x76 /home/gauravkuppa24/Documents/School/2020/CMPE_146/mp3-project/toolchains/linux/gcc-arm-none-eabi-8-2019-q3-update/bin/../lib/gcc/arm-none-eabi/8.3.1/../../../../arm-none-eabi/lib/thumb/v7e-m+fp/hard/libg_nano.a(lib_a-mprec.o)
                0x000000000000b26e                __multadd
 .text.__s2b    0x000000000000b2e4       0x7c /home/gauravkuppa24/Documents/School/2020/CMPE_146/mp3-project/toolchains/linux/gcc-arm-none-eabi-8-2019-q3-update/bin/../lib/gcc/arm-none-eabi/8.3.1/../../../../arm-none-eabi/lib/thumb/v7e-m+fp/hard/libg_nano.a(lib_a-mprec.o)
                0x000000000000b2e4                __s2b
 .text.__hi0bits
                0x000000000000b360       0x40 /home/gauravkuppa24/Documents/School/2020/CMPE_146/mp3-project/toolchains/linux/gcc-arm-none-eabi-8-2019-q3-update/bin/../lib/gcc/arm-none-eabi/8.3.1/../../../../arm-none-eabi/lib/thumb/v7e-m+fp/hard/libg_nano.a(lib_a-mprec.o)
                0x000000000000b360                __hi0bits
 .text.__lo0bits
                0x000000000000b3a0       0x60 /home/gauravkuppa24/Documents/School/2020/CMPE_146/mp3-project/toolchains/linux/gcc-arm-none-eabi-8-2019-q3-update/bin/../lib/gcc/arm-none-eabi/8.3.1/../../../../arm-none-eabi/lib/thumb/v7e-m+fp/hard/libg_nano.a(lib_a-mprec.o)
                0x000000000000b3a0                __lo0bits
 .text.__i2b    0x000000000000b400       0x12 /home/gauravkuppa24/Documents/School/2020/CMPE_146/mp3-project/toolchains/linux/gcc-arm-none-eabi-8-2019-q3-update/bin/../lib/gcc/arm-none-eabi/8.3.1/../../../../arm-none-eabi/lib/thumb/v7e-m+fp/hard/libg_nano.a(lib_a-mprec.o)
                0x000000000000b400                __i2b
 .text.__multiply
                0x000000000000b412      0x120 /home/gauravkuppa24/Documents/School/2020/CMPE_146/mp3-project/toolchains/linux/gcc-arm-none-eabi-8-2019-q3-update/bin/../lib/gcc/arm-none-eabi/8.3.1/../../../../arm-none-eabi/lib/thumb/v7e-m+fp/hard/libg_nano.a(lib_a-mprec.o)
                0x000000000000b412                __multiply
 *fill*         0x000000000000b532        0x2 ff
 .text.__pow5mult
                0x000000000000b534       0x9c /home/gauravkuppa24/Documents/School/2020/CMPE_146/mp3-project/toolchains/linux/gcc-arm-none-eabi-8-2019-q3-update/bin/../lib/gcc/arm-none-eabi/8.3.1/../../../../arm-none-eabi/lib/thumb/v7e-m+fp/hard/libg_nano.a(lib_a-mprec.o)
                0x000000000000b534                __pow5mult
 .text.__lshift
                0x000000000000b5d0       0xa6 /home/gauravkuppa24/Documents/School/2020/CMPE_146/mp3-project/toolchains/linux/gcc-arm-none-eabi-8-2019-q3-update/bin/../lib/gcc/arm-none-eabi/8.3.1/../../../../arm-none-eabi/lib/thumb/v7e-m+fp/hard/libg_nano.a(lib_a-mprec.o)
                0x000000000000b5d0                __lshift
 .text.__mcmp   0x000000000000b676       0x34 /home/gauravkuppa24/Documents/School/2020/CMPE_146/mp3-project/toolchains/linux/gcc-arm-none-eabi-8-2019-q3-update/bin/../lib/gcc/arm-none-eabi/8.3.1/../../../../arm-none-eabi/lib/thumb/v7e-m+fp/hard/libg_nano.a(lib_a-mprec.o)
                0x000000000000b676                __mcmp
 .text.__mdiff  0x000000000000b6aa       0xba /home/gauravkuppa24/Documents/School/2020/CMPE_146/mp3-project/toolchains/linux/gcc-arm-none-eabi-8-2019-q3-update/bin/../lib/gcc/arm-none-eabi/8.3.1/../../../../arm-none-eabi/lib/thumb/v7e-m+fp/hard/libg_nano.a(lib_a-mprec.o)
                0x000000000000b6aa                __mdiff
 .text.__ulp    0x000000000000b764       0x4c /home/gauravkuppa24/Documents/School/2020/CMPE_146/mp3-project/toolchains/linux/gcc-arm-none-eabi-8-2019-q3-update/bin/../lib/gcc/arm-none-eabi/8.3.1/../../../../arm-none-eabi/lib/thumb/v7e-m+fp/hard/libg_nano.a(lib_a-mprec.o)
                0x000000000000b764                __ulp
 .text.__b2d    0x000000000000b7b0       0xa0 /home/gauravkuppa24/Documents/School/2020/CMPE_146/mp3-project/toolchains/linux/gcc-arm-none-eabi-8-2019-q3-update/bin/../lib/gcc/arm-none-eabi/8.3.1/../../../../arm-none-eabi/lib/thumb/v7e-m+fp/hard/libg_nano.a(lib_a-mprec.o)
                0x000000000000b7b0                __b2d
 .text.__d2b    0x000000000000b850       0x9c /home/gauravkuppa24/Documents/School/2020/CMPE_146/mp3-project/toolchains/linux/gcc-arm-none-eabi-8-2019-q3-update/bin/../lib/gcc/arm-none-eabi/8.3.1/../../../../arm-none-eabi/lib/thumb/v7e-m+fp/hard/libg_nano.a(lib_a-mprec.o)
                0x000000000000b850                __d2b
 .text.__ratio  0x000000000000b8ec       0x66 /home/gauravkuppa24/Documents/School/2020/CMPE_146/mp3-project/toolchains/linux/gcc-arm-none-eabi-8-2019-q3-update/bin/../lib/gcc/arm-none-eabi/8.3.1/../../../../arm-none-eabi/lib/thumb/v7e-m+fp/hard/libg_nano.a(lib_a-mprec.o)
                0x000000000000b8ec                __ratio
 .text.__copybits
                0x000000000000b952       0x34 /home/gauravkuppa24/Documents/School/2020/CMPE_146/mp3-project/toolchains/linux/gcc-arm-none-eabi-8-2019-q3-update/bin/../lib/gcc/arm-none-eabi/8.3.1/../../../../arm-none-eabi/lib/thumb/v7e-m+fp/hard/libg_nano.a(lib_a-mprec.o)
                0x000000000000b952                __copybits
 .text.__any_on
                0x000000000000b986       0x42 /home/gauravkuppa24/Documents/School/2020/CMPE_146/mp3-project/toolchains/linux/gcc-arm-none-eabi-8-2019-q3-update/bin/../lib/gcc/arm-none-eabi/8.3.1/../../../../arm-none-eabi/lib/thumb/v7e-m+fp/hard/libg_nano.a(lib_a-mprec.o)
                0x000000000000b986                __any_on
 .text._calloc_r
                0x000000000000b9c8       0x1c /home/gauravkuppa24/Documents/School/2020/CMPE_146/mp3-project/toolchains/linux/gcc-arm-none-eabi-8-2019-q3-update/bin/../lib/gcc/arm-none-eabi/8.3.1/../../../../arm-none-eabi/lib/thumb/v7e-m+fp/hard/libg_nano.a(lib_a-nano-callocr.o)
                0x000000000000b9c8                _calloc_r
 .text._realloc_r
                0x000000000000b9e4       0x4c /home/gauravkuppa24/Documents/School/2020/CMPE_146/mp3-project/toolchains/linux/gcc-arm-none-eabi-8-2019-q3-update/bin/../lib/gcc/arm-none-eabi/8.3.1/../../../../arm-none-eabi/lib/thumb/v7e-m+fp/hard/libg_nano.a(lib_a-nano-reallocr.o)
                0x000000000000b9e4                _realloc_r
 .text.__ssputs_r